<html>
<body>
<pre>
<h1>µVision Build Log</h1>
<h2>Tool Versions:</h2>
IDE-Version: ¦ÌVision V5.28.0.0
Copyright (C) 2019 ARM Ltd and ARM Germany GmbH. All rights reserved.
License Information: 111111 administrator, 111111, LIC=CZLZX-HA8CB-MMD9I-TPVY9-6VJYD-7G1K5
 
Tool Versions:
Toolchain:       MDK-ARM Plus  Version: 5.28.0.0
Toolchain Path:  C:\Program Files (x86)\MDK\528\ARM\ARMCC\Bin
C Compiler:      Armcc.exe V5.06 update 6 (build 750)
Assembler:       Armasm.exe V5.06 update 6 (build 750)
Linker/Locator:  ArmLink.exe V5.06 update 6 (build 750)
Library Manager: ArmAr.exe V5.06 update 6 (build 750)
Hex Converter:   FromElf.exe V5.06 update 6 (build 750)
CPU DLL:         SARMCM3.DLL V5.28.0.0
Dialog DLL:      DCM.DLL V1.17.3.0
Target DLL:      Segger\JL2CM3.dll V2.99.36.0
Dialog DLL:      TCM.DLL V1.36.2.0
 
<h2>Project:</h2>
F:\PROJECT\1413\SVN\DYGLB_U22\Project\MDK\DYGLB_U22.uvprojx
Project File Date:  09/19/2025

<h2>Output:</h2>
*** Using Compiler 'V5.06 update 6 (build 750)', folder: 'C:\Program Files (x86)\MDK\528\ARM\ARMCC\Bin'
Build target 'DYGLB_U22'
compiling transf_jkkzb.c...
..\..\User\transf_jkkzb.c(241): warning:  #177-D: variable "timeout"  was declared but never referenced
  	uint16_t sum=0,timeout=0;
..\..\User\transf_jkkzb.c(322): warning:  #177-D: label "DATA_ERROR"  was declared but never referenced
  		DATA_ERROR:
..\..\User\transf_jkkzb.c: 2 warnings, 0 errors
linking...
Program Size: Code=29194 RO-data=530 RW-data=4424 ZI-data=9992  
FromELF: creating hex file...
".\Objects\DYGLB_U22.axf" - 0 Error(s), 2 Warning(s).

<h2>Software Packages used:</h2>

Package Vendor: Keil
                https://www.keil.com/pack/Keil.STM32F4xx_DFP.2.17.1.pack
                Keil.STM32F4xx_DFP.2.17.1
                STMicroelectronics STM32F4 Series Device Support, Drivers and Examples

<h2>Collection of Component include folders:</h2>
  .\RTE\_DYGLB_U22
  C:\Program Files (x86)\MDK\Pack\Keil\STM32F4xx_DFP\2.17.1\Drivers\CMSIS\Device\ST\STM32F4xx\Include

<h2>Collection of Component Files used:</h2>
Build Time Elapsed:  00:00:06
</pre>
</body>
</html>
