Component: ARM Compiler 5.06 update 7 (build 960) Tool: armlink [4d3601]

==============================================================================

Section Cross References

    startup_stm32f40_41xxx.o(STACK) refers (Special) to heapauxi.o(.text) for __use_two_region_memory
    startup_stm32f40_41xxx.o(HEAP) refers (Special) to heapauxi.o(.text) for __use_two_region_memory
    startup_stm32f40_41xxx.o(RESET) refers (Special) to heapauxi.o(.text) for __use_two_region_memory
    startup_stm32f40_41xxx.o(RESET) refers to startup_stm32f40_41xxx.o(STACK) for __initial_sp
    startup_stm32f40_41xxx.o(RESET) refers to startup_stm32f40_41xxx.o(.text) for Reset_Handler
    startup_stm32f40_41xxx.o(RESET) refers to stm32f4xx_it.o(.text) for NMI_Handler
    startup_stm32f40_41xxx.o(RESET) refers to ad7606_driver.o(.text) for EXTI0_IRQHandler
    startup_stm32f40_41xxx.o(RESET) refers to timer.o(.text) for TIM2_IRQHandler
    startup_stm32f40_41xxx.o(RESET) refers to usart.o(.text) for USART2_IRQHandler
    startup_stm32f40_41xxx.o(.text) refers (Special) to heapauxi.o(.text) for __use_two_region_memory
    startup_stm32f40_41xxx.o(.text) refers to system_stm32f4xx.o(.text) for SystemInit
    startup_stm32f40_41xxx.o(.text) refers to __main.o(!!!main) for __main
    startup_stm32f40_41xxx.o(.text) refers to startup_stm32f40_41xxx.o(HEAP) for Heap_Mem
    startup_stm32f40_41xxx.o(.text) refers to startup_stm32f40_41xxx.o(STACK) for Stack_Mem
    stm32f4xx_adc.o(.text) refers to stm32f4xx_rcc.o(.text) for RCC_APB2PeriphResetCmd
    stm32f4xx_gpio.o(.text) refers to stm32f4xx_rcc.o(.text) for RCC_AHB1PeriphResetCmd
    stm32f4xx_i2c.o(.text) refers to stm32f4xx_rcc.o(.text) for RCC_APB1PeriphResetCmd
    stm32f4xx_pwr.o(.text) refers to stm32f4xx_rcc.o(.text) for RCC_APB1PeriphResetCmd
    stm32f4xx_rcc.o(.text) refers to stm32f4xx_rcc.o(.data) for .data
    stm32f4xx_spi.o(.text) refers to stm32f4xx_rcc.o(.text) for RCC_APB1PeriphResetCmd
    stm32f4xx_syscfg.o(.text) refers to stm32f4xx_rcc.o(.text) for RCC_APB2PeriphResetCmd
    stm32f4xx_tim.o(.text) refers to stm32f4xx_rcc.o(.text) for RCC_APB2PeriphResetCmd
    stm32f4xx_usart.o(.text) refers to stm32f4xx_rcc.o(.text) for RCC_APB2PeriphResetCmd
    timer.o(.text) refers to stm32f4xx_rcc.o(.text) for RCC_APB1PeriphClockCmd
    timer.o(.text) refers to stm32f4xx_tim.o(.text) for TIM_TimeBaseInit
    timer.o(.text) refers to misc.o(.text) for NVIC_Init
    timer.o(.text) refers to timer.o(.data) for .data
    timer.o(.text) refers to control_dev.o(.bss) for dev_Open_counter_time
    iwdg.o(.text) refers to stm32f4xx_iwdg.o(.text) for IWDG_WriteAccessCmd
    ad7606_driver.o(.text) refers to stm32f4xx_rcc.o(.text) for RCC_AHB1PeriphClockCmd
    ad7606_driver.o(.text) refers to stm32f4xx_gpio.o(.text) for GPIO_Init
    ad7606_driver.o(.text) refers to stm32f4xx_spi.o(.text) for SPI_Init
    ad7606_driver.o(.text) refers to stm32f4xx_syscfg.o(.text) for SYSCFG_EXTILineConfig
    ad7606_driver.o(.text) refers to stm32f4xx_exti.o(.text) for EXTI_Init
    ad7606_driver.o(.text) refers to misc.o(.text) for NVIC_Init
    ad7606_driver.o(.text) refers to dflt_clz.o(x$fpl$dflt) for __aeabi_i2d
    ad7606_driver.o(.text) refers to dmul.o(x$fpl$dmul) for __aeabi_dmul
    ad7606_driver.o(.text) refers to dfixu.o(x$fpl$dfixu) for __aeabi_d2uiz
    ad7606_driver.o(.text) refers to ad7606_driver.o(.bss) for .bss
    ad7606_driver.o(.text) refers to main.o(.bss) for b
    ad5542_driver.o(.text) refers to stm32f4xx_rcc.o(.text) for RCC_AHB1PeriphClockCmd
    ad5542_driver.o(.text) refers to stm32f4xx_gpio.o(.text) for GPIO_Init
    ad5542_driver.o(.text) refers to stm32f4xx_spi.o(.text) for SPI_Init
    ad5542_driver.o(.text) refers to delay.o(.text) for delay_us
    ad5542_driver.o(.text) refers to segger_rtt_printf.o(.text) for SEGGER_RTT_printf
    ad5542_driver.o(.text) refers to dflt_clz.o(x$fpl$dfltu) for __aeabi_ui2d
    ad5542_driver.o(.text) refers to ddiv.o(x$fpl$ddiv) for __aeabi_ddiv
    ad5542_driver.o(.text) refers to dmul.o(x$fpl$dmul) for __aeabi_dmul
    ad5542_driver.o(.text) refers to dfixu.o(x$fpl$dfixu) for __aeabi_d2uiz
    ad5542_driver.o(.text) refers to ad5542_driver.o(.data) for .data
    ad5542_driver.o(.text) refers to control_dev.o(.data) for limit_Current_Data
    periph_i2c.o(.text) refers to stm32f4xx_rcc.o(.text) for RCC_APB1PeriphClockCmd
    periph_i2c.o(.text) refers to stm32f4xx_i2c.o(.text) for I2C_SoftwareResetCmd
    periph_i2c.o(.text) refers to stm32f4xx_gpio.o(.text) for GPIO_PinAFConfig
    periph_i2c.o(.text) refers to segger_rtt_printf.o(.text) for SEGGER_RTT_printf
    periph_i2c.o(.text) refers to rt_memclr_w.o(.text) for __aeabi_memclr4
    periph_i2c.o(.text) refers to rt_memcpy_v6.o(.text) for __aeabi_memcpy
    periph_i2c.o(.text) refers to ringbuffer_u8.o(.text) for u8_ring_buffer_init
    periph_i2c.o(.text) refers to periph_i2c.o(.data) for .data
    at24cxx.o(.text) refers to stm32f4xx_i2c.o(.text) for I2C_GenerateSTART
[...]
    fac_ms                                   0x20000cca   Data           2  delay.o(.data)
    .data                                    0x20000ccc   Section        2  usart.o(.data)
    .data                                    0x20000cd0   Section        4  usart.o(.data)
    .data                                    0x20000cd4   Section       20  system_stm32f4xx.o(.data)
    .data                                    0x20000ce8   Section       24  control_dev.o(.data)
    .data                                    0x20000d00   Section        4  transf_jkkzb.o(.data)
    .data                                    0x20000d04   Section        8  multitimer.o(.data)
    timerList                                0x20000d04   Data           4  multitimer.o(.data)
    platformTicksFunction                    0x20000d08   Data           4  multitimer.o(.data)
    .data                                    0x20000d0c   Section        4  softtimer.o(.data)
    blink_count                              0x20000d0c   Data           4  softtimer.o(.data)
    .data                                    0x20000d10   Section        1  segger_rtt.o(.data)
    _ActiveTerminal                          0x20000d10   Data           1  segger_rtt.o(.data)
    .bss                                     0x20000d14   Section      240  ad7606_driver.o(.bss)
    .bss                                     0x20000e04   Section      200  usart.o(.bss)
    .bss                                     0x20000ecc   Section      208  main.o(.bss)
    .bss                                     0x20000f9c   Section       32  control_dev.o(.bss)
    .bss                                     0x20000fbc   Section       68  transf_jkkzb.o(.bss)
    .bss                                     0x20001000   Section       24  softtimer.o(.bss)
    .bss                                     0x20001018   Section     1208  segger_rtt.o(.bss)
    _acUpBuffer                              0x200010c0   Data        1024  segger_rtt.o(.bss)
    _acDownBuffer                            0x200014c0   Data          16  segger_rtt.o(.bss)
    .bss                                     0x200014d0   Section       96  libspace.o(.bss)
    HEAP                                     0x20001530   Section     3840  startup_stm32f40_41xxx.o(HEAP)
    Heap_Mem                                 0x20001530   Data        3840  startup_stm32f40_41xxx.o(HEAP)
    STACK                                    0x20002430   Section     4096  startup_stm32f40_41xxx.o(STACK)
    Stack_Mem                                0x20002430   Data        4096  startup_stm32f40_41xxx.o(STACK)
    __initial_sp                             0x20003430   Data           0  startup_stm32f40_41xxx.o(STACK)

    Global Symbols

    Symbol Name                              Value     Ov Type        Size  Object(Section)

    BuildAttributes$$THM_ISAv4$E$P$D$K$B$S$7EM$VFPi3$EXTD16$VFPS$VFMA$PE$A:L22UL41UL21$X:L11$S22US41US21$IEEE1$IW$USESV6$~STKCKD$USESV7$~SHL$OTIME$ROPI$IEEEJ$EBA8$UX$STANDARDLIB$REQ8$PRES8$EABIv2 0x00000000   Number         0  anon$$obj.o ABSOLUTE
    __ARM_use_no_argv                        0x00000000   Number         0  main.o ABSOLUTE
    _printf_flags                            0x00000000   Number         0  printf_stubs.o ABSOLUTE
    _printf_return_value                     0x00000000   Number         0  printf_stubs.o ABSOLUTE
    _printf_sizespec                         0x00000000   Number         0  printf_stubs.o ABSOLUTE
    _printf_widthprec                        0x00000000   Number         0  printf_stubs.o ABSOLUTE
    __ARM_exceptions_init                     - Undefined Weak Reference
    __alloca_initialize                       - Undefined Weak Reference
    __arm_fini_                               - Undefined Weak Reference
    __arm_preinit_                            - Undefined Weak Reference
    __cpp_initialize__aeabi_                  - Undefined Weak Reference
    __cxa_finalize                            - Undefined Weak Reference
    __sigvec_lookup                           - Undefined Weak Reference
    _atexit_init                              - Undefined Weak Reference
    _call_atexit_fns                          - Undefined Weak Reference
    _clock_init                               - Undefined Weak Reference
    _fp_trap_init                             - Undefined Weak Reference
    _fp_trap_shutdown                         - Undefined Weak Reference
    _get_lc_collate                           - Undefined Weak Reference
    _get_lc_monetary                          - Undefined Weak Reference
    _get_lc_time                              - Undefined Weak Reference
    _getenv_init                              - Undefined Weak Reference
    _handle_redirection                       - Undefined Weak Reference
    _init_alloc                               - Undefined Weak Reference
    _init_user_alloc                          - Undefined Weak Reference
    _initio                                   - Undefined Weak Reference
    _mutex_acquire                            - Undefined Weak Reference
    _mutex_release                            - Undefined Weak Reference
    _printf_mbtowc                            - Undefined Weak Reference
    _printf_wc                                - Undefined Weak Reference
    _rand_init                                - Undefined Weak Reference
    _signal_finish                            - Undefined Weak Reference
    _signal_init                              - Undefined Weak Reference
    _terminate_alloc                          - Undefined Weak Reference
    _terminate_user_alloc                     - Undefined Weak Reference
    _terminateio                              - Undefined Weak Reference
    __Vectors_Size                           0x00000188   Number         0  startup_stm32f40_41xxx.o ABSOLUTE
    __Vectors                                0x08000000   Data           4  startup_stm32f40_41xxx.o(RESET)
    __Vectors_End                            0x08000188   Data           0  startup_stm32f40_41xxx.o(RESET)
    __main                                   0x08000189   Thumb Code     8  __main.o(!!!main)
    __scatterload                            0x08000191   Thumb Code     0  __scatter.o(!!!scatter)
    __scatterload_rt2                        0x08000191   Thumb Code    44  __scatter.o(!!!scatter)
    __scatterload_rt2_thumb_only             0x08000191   Thumb Code     0  __scatter.o(!!!scatter)
    __scatterload_null                       0x0800019f   Thumb Code     0  __scatter.o(!!!scatter)
    __decompress                             0x080001c5   Thumb Code    90  __dczerorl2.o(!!dczerorl2)
    __decompress1                            0x080001c5   Thumb Code     0  __dczerorl2.o(!!dczerorl2)
    __scatterload_zeroinit                   0x08000221   Thumb Code    28  __scatter_zi.o(!!handler_zi)
    _printf_d                                0x0800023d   Thumb Code     0  _printf_d.o(.ARM.Collect$$_printf_percent$$00000009)
    _printf_percent                          0x0800023d   Thumb Code     0  _printf_percent.o(.ARM.Collect$$_printf_percent$$00000000)
    _printf_x                                0x08000243   Thumb Code     0  _printf_x.o(.ARM.Collect$$_printf_percent$$0000000C)
    _printf_percent_end                      0x08000249   Thumb Code     0  _printf_percent_end.o(.ARM.Collect$$_printf_percent$$00000017)
    __rt_lib_init                            0x0800024d   Thumb Code     0  libinit.o(.ARM.Collect$$libinit$$00000000)
    __rt_lib_init_fp_1                       0x0800024f   Thumb Code     0  libinit2.o(.ARM.Collect$$libinit$$00000001)
    __rt_lib_init_alloca_1                   0x08000253   Thumb Code     0  libinit2.o(.ARM.Collect$$libinit$$0000002E)
    __rt_lib_init_argv_1                     0x08000253   Thumb Code     0  libinit2.o(.ARM.Collect$$libinit$$0000002C)
    __rt_lib_init_atexit_1                   0x08000253   Thumb Code     0  libinit2.o(.ARM.Collect$$libinit$$0000001B)
    __rt_lib_init_clock_1                    0x08000253   Thumb Code     0  libinit2.o(.ARM.Collect$$libinit$$00000021)
    __rt_lib_init_cpp_1                      0x08000253   Thumb Code     0  libinit2.o(.ARM.Collect$$libinit$$00000032)
    __rt_lib_init_exceptions_1               0x08000253   Thumb Code     0  libinit2.o(.ARM.Collect$$libinit$$00000030)
    __rt_lib_init_fp_trap_1                  0x08000253   Thumb Code     0  libinit2.o(.ARM.Collect$$libinit$$0000001F)
    __rt_lib_init_getenv_1                   0x08000253   Thumb Code     0  libinit2.o(.ARM.Collect$$libinit$$00000023)
    __rt_lib_init_heap_1                     0x08000253   Thumb Code     0  libinit2.o(.ARM.Collect$$libinit$$0000000A)
    __rt_lib_init_lc_collate_1               0x08000253   Thumb Code     0  libinit2.o(.ARM.Collect$$libinit$$00000011)
    __rt_lib_init_lc_ctype_1                 0x08000253   Thumb Code     0  libinit2.o(.ARM.Collect$$libinit$$00000013)
    __rt_lib_init_lc_monetary_1              0x08000253   Thumb Code     0  libinit2.o(.ARM.Collect$$libinit$$00000015)
    __rt_lib_init_lc_numeric_1               0x08000253   Thumb Code     0  libinit2.o(.ARM.Collect$$libinit$$00000017)
    __rt_lib_init_lc_time_1                  0x08000253   Thumb Code     0  libinit2.o(.ARM.Collect$$libinit$$00000019)
    __rt_lib_init_preinit_1                  0x08000253   Thumb Code     0  libinit2.o(.ARM.Collect$$libinit$$00000004)
    __rt_lib_init_rand_1                     0x08000253   Thumb Code     0  libinit2.o(.ARM.Collect$$libinit$$0000000E)
    __rt_lib_init_return                     0x08000253   Thumb Code     0  libinit2.o(.ARM.Collect$$libinit$$00000033)
    __rt_lib_init_signal_1                   0x08000253   Thumb Code     0  libinit2.o(.ARM.Collect$$libinit$$0000001D)
    __rt_lib_init_stdio_1                    0x08000253   Thumb Code     0  libinit2.o(.ARM.Collect$$libinit$$00000025)
    __rt_lib_init_user_alloc_1               0x08000253   Thumb Code     0  libinit2.o(.ARM.Collect$$libinit$$0000000C)
    __rt_lib_shutdown                        0x08000255   Thumb Code     0  libshutdown.o(.ARM.Collect$$libshutdown$$00000000)
    __rt_lib_shutdown_cpp_1                  0x08000257   Thumb Code     0  libshutdown2.o(.ARM.Collect$$libshutdown$$00000004)
    __rt_lib_shutdown_fini_1                 0x08000257   Thumb Code     0  libshutdown2.o(.ARM.Collect$$libshutdown$$00000002)
    __rt_lib_shutdown_fp_trap_1              0x08000257   Thumb Code     0  libshutdown2.o(.ARM.Collect$$libshutdown$$00000009)
    __rt_lib_shutdown_heap_1                 0x08000257   Thumb Code     0  libshutdown2.o(.ARM.Collect$$libshutdown$$00000011)
    __rt_lib_shutdown_return                 0x08000257   Thumb Code     0  libshutdown2.o(.ARM.Collect$$libshutdown$$00000012)
    __rt_lib_shutdown_signal_1               0x08000257   Thumb Code     0  libshutdown2.o(.ARM.Collect$$libshutdown$$0000000C)
    __rt_lib_shutdown_stdio_1                0x08000257   Thumb Code     0  libshutdown2.o(.ARM.Collect$$libshutdown$$00000006)
    __rt_lib_shutdown_user_alloc_1           0x08000257   Thumb Code     0  libshutdown2.o(.ARM.Collect$$libshutdown$$0000000E)
    __rt_entry                               0x08000259   Thumb Code     0  __rtentry.o(.ARM.Collect$$rtentry$$00000000)
    __rt_entry_presh_1                       0x08000259   Thumb Code     0  __rtentry2.o(.ARM.Collect$$rtentry$$00000002)
    __rt_entry_sh                            0x08000259   Thumb Code     0  __rtentry4.o(.ARM.Collect$$rtentry$$00000004)
    __rt_entry_li                            0x0800025f   Thumb Code     0  __rtentry2.o(.ARM.Collect$$rtentry$$0000000A)
    __rt_entry_postsh_1                      0x0800025f   Thumb Code     0  __rtentry2.o(.ARM.Collect$$rtentry$$00000009)
    __rt_entry_main                          0x08000263   Thumb Code     0  __rtentry2.o(.ARM.Collect$$rtentry$$0000000D)
    __rt_entry_postli_1                      0x08000263   Thumb Code     0  __rtentry2.o(.ARM.Collect$$rtentry$$0000000C)
    __rt_exit                                0x0800026b   Thumb Code     0  rtexit.o(.ARM.Collect$$rtexit$$00000000)
    __rt_exit_ls                             0x0800026d   Thumb Code     0  rtexit2.o(.ARM.Collect$$rtexit$$00000003)
    __rt_exit_prels_1                        0x0800026d   Thumb Code     0  rtexit2.o(.ARM.Collect$$rtexit$$00000002)
    __rt_exit_exit                           0x08000271   Thumb Code     0  rtexit2.o(.ARM.Collect$$rtexit$$00000004)
    Reset_Handler                            0x08000279   Thumb Code     8  startup_stm32f40_41xxx.o(.text)
    ADC_IRQHandler                           0x08000293   Thumb Code     0  startup_stm32f40_41xxx.o(.text)
    CAN1_RX0_IRQHandler                      0x08000293   Thumb Code     0  startup_stm32f40_41xxx.o(.text)
    CAN1_RX1_IRQHandler                      0x08000293   Thumb Code     0  startup_stm32f40_41xxx.o(.text)
    CAN1_SCE_IRQHandler                      0x08000293   Thumb Code     0  startup_stm32f40_41xxx.o(.text)
    CAN1_TX_IRQHandler                       0x08000293   Thumb Code     0  startup_stm32f40_41xxx.o(.text)
    CAN2_RX0_IRQHandler                      0x08000293   Thumb Code     0  startup_stm32f40_41xxx.o(.text)
    CAN2_RX1_IRQHandler                      0x08000293   Thumb Code     0  startup_stm32f40_41xxx.o(.text)
    CAN2_SCE_IRQHandler                      0x08000293   Thumb Code     0  startup_stm32f40_41xxx.o(.text)
    CAN2_TX_IRQHandler                       0x08000293   Thumb Code     0  startup_stm32f40_41xxx.o(.text)
    CRYP_IRQHandler                          0x08000293   Thumb Code     0  startup_stm32f40_41xxx.o(.text)
    DCMI_IRQHandler                          0x08000293   Thumb Code     0  startup_stm32f40_41xxx.o(.text)
    DMA1_Stream0_IRQHandler                  0x08000293   Thumb Code     0  startup_stm32f40_41xxx.o(.text)
    DMA1_Stream1_IRQHandler                  0x08000293   Thumb Code     0  startup_stm32f40_41xxx.o(.text)
    DMA1_Stream2_IRQHandler                  0x08000293   Thumb Code     0  startup_stm32f40_41xxx.o(.text)
    DMA1_Stream3_IRQHandler                  0x08000293   Thumb Code     0  startup_stm32f40_41xxx.o(.text)
    DMA1_Stream4_IRQHandler                  0x08000293   Thumb Code     0  startup_stm32f40_41xxx.o(.text)
    DMA1_Stream5_IRQHandler                  0x08000293   Thumb Code     0  startup_stm32f40_41xxx.o(.text)
    DMA1_Stream6_IRQHandler                  0x08000293   Thumb Code     0  startup_stm32f40_41xxx.o(.text)
    DMA1_Stream7_IRQHandler                  0x08000293   Thumb Code     0  startup_stm32f40_41xxx.o(.text)
    DMA2_Stream0_IRQHandler                  0x08000293   Thumb Code     0  startup_stm32f40_41xxx.o(.text)
    DMA2_Stream1_IRQHandler                  0x08000293   Thumb Code     0  startup_stm32f40_41xxx.o(.text)
    DMA2_Stream2_IRQHandler                  0x08000293   Thumb Code     0  startup_stm32f40_41xxx.o(.text)
    DMA2_Stream3_IRQHandler                  0x08000293   Thumb Code     0  startup_stm32f40_41xxx.o(.text)
    DMA2_Stream4_IRQHandler                  0x08000293   Thumb Code     0  startup_stm32f40_41xxx.o(.text)
    DMA2_Stream5_IRQHandler                  0x08000293   Thumb Code     0  startup_stm32f40_41xxx.o(.text)
    DMA2_Stream6_IRQHandler                  0x08000293   Thumb Code     0  startup_stm32f40_41xxx.o(.text)
    DMA2_Stream7_IRQHandler                  0x08000293   Thumb Code     0  startup_stm32f40_41xxx.o(.text)
    ETH_IRQHandler                           0x08000293   Thumb Code     0  startup_stm32f40_41xxx.o(.text)
    ETH_WKUP_IRQHandler                      0x08000293   Thumb Code     0  startup_stm32f40_41xxx.o(.text)
    EXTI15_10_IRQHandler                     0x08000293   Thumb Code     0  startup_stm32f40_41xxx.o(.text)
    EXTI1_IRQHandler                         0x08000293   Thumb Code     0  startup_stm32f40_41xxx.o(.text)
    EXTI2_IRQHandler                         0x08000293   Thumb Code     0  startup_stm32f40_41xxx.o(.text)
    EXTI3_IRQHandler                         0x08000293   Thumb Code     0  startup_stm32f40_41xxx.o(.text)
    EXTI4_IRQHandler                         0x08000293   Thumb Code     0  startup_stm32f40_41xxx.o(.text)
    EXTI9_5_IRQHandler                       0x08000293   Thumb Code     0  startup_stm32f40_41xxx.o(.text)
    FLASH_IRQHandler                         0x08000293   Thumb Code     0  startup_stm32f40_41xxx.o(.text)
    FPU_IRQHandler                           0x08000293   Thumb Code     0  startup_stm32f40_41xxx.o(.text)
    FSMC_IRQHandler                          0x08000293   Thumb Code     0  startup_stm32f40_41xxx.o(.text)
    HASH_RNG_IRQHandler                      0x08000293   Thumb Code     0  startup_stm32f40_41xxx.o(.text)
    I2C1_ER_IRQHandler                       0x08000293   Thumb Code     0  startup_stm32f40_41xxx.o(.text)
    I2C1_EV_IRQHandler                       0x08000293   Thumb Code     0  startup_stm32f40_41xxx.o(.text)
    I2C2_ER_IRQHandler                       0x08000293   Thumb Code     0  startup_stm32f40_41xxx.o(.text)
    I2C2_EV_IRQHandler                       0x08000293   Thumb Code     0  startup_stm32f40_41xxx.o(.text)
    I2C3_ER_IRQHandler                       0x08000293   Thumb Code     0  startup_stm32f40_41xxx.o(.text)
    I2C3_EV_IRQHandler                       0x08000293   Thumb Code     0  startup_stm32f40_41xxx.o(.text)
    OTG_FS_IRQHandler                        0x08000293   Thumb Code     0  startup_stm32f40_41xxx.o(.text)
    OTG_FS_WKUP_IRQHandler                   0x08000293   Thumb Code     0  startup_stm32f40_41xxx.o(.text)
    OTG_HS_EP1_IN_IRQHandler                 0x08000293   Thumb Code     0  startup_stm32f40_41xxx.o(.text)
    OTG_HS_EP1_OUT_IRQHandler                0x08000293   Thumb Code     0  startup_stm32f40_41xxx.o(.text)
    OTG_HS_IRQHandler                        0x08000293   Thumb Code     0  startup_stm32f40_41xxx.o(.text)
    OTG_HS_WKUP_IRQHandler                   0x08000293   Thumb Code     0  startup_stm32f40_41xxx.o(.text)
    PVD_IRQHandler                           0x08000293   Thumb Code     0  startup_stm32f40_41xxx.o(.text)
    RCC_IRQHandler                           0x08000293   Thumb Code     0  startup_stm32f40_41xxx.o(.text)
    RTC_Alarm_IRQHandler                     0x08000293   Thumb Code     0  startup_stm32f40_41xxx.o(.text)
    RTC_WKUP_IRQHandler                      0x08000293   Thumb Code     0  startup_stm32f40_41xxx.o(.text)
    SDIO_IRQHandler                          0x08000293   Thumb Code     0  startup_stm32f40_41xxx.o(.text)
    SPI1_IRQHandler                          0x08000293   Thumb Code     0  startup_stm32f40_41xxx.o(.text)
    SPI2_IRQHandler                          0x08000293   Thumb Code     0  startup_stm32f40_41xxx.o(.text)
    SPI3_IRQHandler                          0x08000293   Thumb Code     0  startup_stm32f40_41xxx.o(.text)
    TAMP_STAMP_IRQHandler                    0x08000293   Thumb Code     0  startup_stm32f40_41xxx.o(.text)
    TIM1_BRK_TIM9_IRQHandler                 0x08000293   Thumb Code     0  startup_stm32f40_41xxx.o(.text)
    TIM1_CC_IRQHandler                       0x08000293   Thumb Code     0  startup_stm32f40_41xxx.o(.text)
    TIM1_TRG_COM_TIM11_IRQHandler            0x08000293   Thumb Code     0  startup_stm32f40_41xxx.o(.text)
    TIM1_UP_TIM10_IRQHandler                 0x08000293   Thumb Code     0  startup_stm32f40_41xxx.o(.text)
    TIM4_IRQHandler                          0x08000293   Thumb Code     0  startup_stm32f40_41xxx.o(.text)
    TIM5_IRQHandler                          0x08000293   Thumb Code     0  startup_stm32f40_41xxx.o(.text)
    TIM6_DAC_IRQHandler                      0x08000293   Thumb Code     0  startup_stm32f40_41xxx.o(.text)
    TIM7_IRQHandler                          0x08000293   Thumb Code     0  startup_stm32f40_41xxx.o(.text)
    TIM8_BRK_TIM12_IRQHandler                0x08000293   Thumb Code     0  startup_stm32f40_41xxx.o(.text)
    TIM8_CC_IRQHandler                       0x08000293   Thumb Code     0  startup_stm32f40_41xxx.o(.text)
    TIM8_TRG_COM_TIM14_IRQHandler            0x08000293   Thumb Code     0  startup_stm32f40_41xxx.o(.text)
    TIM8_UP_TIM13_IRQHandler                 0x08000293   Thumb Code     0  startup_stm32f40_41xxx.o(.text)
    UART4_IRQHandler                         0x08000293   Thumb Code     0  startup_stm32f40_41xxx.o(.text)
    UART5_IRQHandler                         0x08000293   Thumb Code     0  startup_stm32f40_41xxx.o(.text)
    USART1_IRQHandler                        0x08000293   Thumb Code     0  startup_stm32f40_41xxx.o(.text)
    USART3_IRQHandler                        0x08000293   Thumb Code     0  startup_stm32f40_41xxx.o(.text)
    USART6_IRQHandler                        0x08000293   Thumb Code     0  startup_stm32f40_41xxx.o(.text)
    WWDG_IRQHandler                          0x08000293   Thumb Code     0  startup_stm32f40_41xxx.o(.text)
    __user_initial_stackheap                 0x08000295   Thumb Code     0  startup_stm32f40_41xxx.o(.text)
    NVIC_PriorityGroupConfig                 0x080002b9   Thumb Code    10  misc.o(.text)
    NVIC_Init                                0x080002c3   Thumb Code    96  misc.o(.text)
    NVIC_SetVectorTable                      0x08000323   Thumb Code    14  misc.o(.text)
    NVIC_SystemLPConfig                      0x08000331   Thumb Code    20  misc.o(.text)
    SysTick_CLKSourceConfig                  0x08000345   Thumb Code    24  misc.o(.text)
    EXTI_DeInit                              0x08000369   Thumb Code    28  stm32f4xx_exti.o(.text)
    EXTI_Init                                0x08000385   Thumb Code   108  stm32f4xx_exti.o(.text)
    EXTI_StructInit                          0x080003f1   Thumb Code    14  stm32f4xx_exti.o(.text)
    EXTI_GenerateSWInterrupt                 0x080003ff   Thumb Code    12  stm32f4xx_exti.o(.text)
    EXTI_GetFlagStatus                       0x0800040b   Thumb Code    18  stm32f4xx_exti.o(.text)
    EXTI_ClearFlag                           0x0800041d   Thumb Code     8  stm32f4xx_exti.o(.text)
    EXTI_GetITStatus                         0x08000425   Thumb Code    18  stm32f4xx_exti.o(.text)
    EXTI_ClearITPendingBit                   0x08000437   Thumb Code     8  stm32f4xx_exti.o(.text)
    GPIO_DeInit                              0x08000449   Thumb Code   216  stm32f4xx_gpio.o(.text)
    GPIO_Init                                0x08000521   Thumb Code   120  stm32f4xx_gpio.o(.text)
    GPIO_StructInit                          0x08000599   Thumb Code    18  stm32f4xx_gpio.o(.text)
    GPIO_PinLockConfig                       0x080005ab   Thumb Code    24  stm32f4xx_gpio.o(.text)
    GPIO_ReadInputDataBit                    0x080005c3   Thumb Code    14  stm32f4xx_gpio.o(.text)
    GPIO_ReadInputData                       0x080005d1   Thumb Code     6  stm32f4xx_gpio.o(.text)
    GPIO_ReadOutputDataBit                   0x080005d7   Thumb Code    14  stm32f4xx_gpio.o(.text)
    GPIO_ReadOutputData                      0x080005e5   Thumb Code     6  stm32f4xx_gpio.o(.text)
    GPIO_SetBits                             0x080005eb   Thumb Code     4  stm32f4xx_gpio.o(.text)
    GPIO_ResetBits                           0x080005ef   Thumb Code     4  stm32f4xx_gpio.o(.text)
    GPIO_WriteBit                            0x080005f3   Thumb Code    10  stm32f4xx_gpio.o(.text)
    GPIO_Write                               0x080005fd   Thumb Code     4  stm32f4xx_gpio.o(.text)
    GPIO_ToggleBits                          0x08000601   Thumb Code     8  stm32f4xx_gpio.o(.text)
    GPIO_PinAFConfig                         0x08000609   Thumb Code    32  stm32f4xx_gpio.o(.text)
    I2C_DeInit                               0x08000655   Thumb Code    56  stm32f4xx_i2c.o(.text)
    I2C_Init                                 0x0800068d   Thumb Code   174  stm32f4xx_i2c.o(.text)
    I2C_StructInit                           0x0800073b   Thumb Code    28  stm32f4xx_i2c.o(.text)
    I2C_Cmd                                  0x08000757   Thumb Code    20  stm32f4xx_i2c.o(.text)
    I2C_AnalogFilterCmd                      0x0800076b   Thumb Code    20  stm32f4xx_i2c.o(.text)
    I2C_DigitalFilterConfig                  0x0800077f   Thumb Code    16  stm32f4xx_i2c.o(.text)
    I2C_GenerateSTART                        0x0800078f   Thumb Code    20  stm32f4xx_i2c.o(.text)
    I2C_GenerateSTOP                         0x080007a3   Thumb Code    20  stm32f4xx_i2c.o(.text)
    I2C_Send7bitAddress                      0x080007b7   Thumb Code    16  stm32f4xx_i2c.o(.text)
    I2C_AcknowledgeConfig                    0x080007c7   Thumb Code    20  stm32f4xx_i2c.o(.text)
    I2C_OwnAddress2Config                    0x080007db   Thumb Code    16  stm32f4xx_i2c.o(.text)
    I2C_DualAddressCmd                       0x080007eb   Thumb Code    20  stm32f4xx_i2c.o(.text)
    I2C_GeneralCallCmd                       0x080007ff   Thumb Code    20  stm32f4xx_i2c.o(.text)
    I2C_SoftwareResetCmd                     0x08000813   Thumb Code    20  stm32f4xx_i2c.o(.text)
    I2C_StretchClockCmd                      0x08000827   Thumb Code    20  stm32f4xx_i2c.o(.text)
    I2C_FastModeDutyCycleConfig              0x0800083b   Thumb Code    22  stm32f4xx_i2c.o(.text)
    I2C_NACKPositionConfig                   0x08000851   Thumb Code    22  stm32f4xx_i2c.o(.text)
    I2C_SMBusAlertConfig                     0x08000867   Thumb Code    22  stm32f4xx_i2c.o(.text)
    I2C_ARPCmd                               0x0800087d   Thumb Code    20  stm32f4xx_i2c.o(.text)
    I2C_SendData                             0x08000891   Thumb Code     4  stm32f4xx_i2c.o(.text)
    I2C_ReceiveData                          0x08000895   Thumb Code     6  stm32f4xx_i2c.o(.text)
    I2C_TransmitPEC                          0x0800089b   Thumb Code    20  stm32f4xx_i2c.o(.text)
    I2C_PECPositionConfig                    0x080008af   Thumb Code    22  stm32f4xx_i2c.o(.text)
    I2C_CalculatePEC                         0x080008c5   Thumb Code    20  stm32f4xx_i2c.o(.text)
    I2C_GetPEC                               0x080008d9   Thumb Code     6  stm32f4xx_i2c.o(.text)
    I2C_DMACmd                               0x080008df   Thumb Code    20  stm32f4xx_i2c.o(.text)
    I2C_DMALastTransferCmd                   0x080008f3   Thumb Code    20  stm32f4xx_i2c.o(.text)
    I2C_ReadRegister                         0x08000907   Thumb Code    10  stm32f4xx_i2c.o(.text)
    I2C_ITConfig                             0x08000911   Thumb Code    16  stm32f4xx_i2c.o(.text)
    I2C_CheckEvent                           0x08000921   Thumb Code    24  stm32f4xx_i2c.o(.text)
    I2C_GetLastEvent                         0x08000939   Thumb Code    14  stm32f4xx_i2c.o(.text)
    I2C_GetFlagStatus                        0x08000947   Thumb Code    42  stm32f4xx_i2c.o(.text)
    I2C_ClearFlag                            0x08000971   Thumb Code     6  stm32f4xx_i2c.o(.text)
    I2C_GetITStatus                          0x08000977   Thumb Code    36  stm32f4xx_i2c.o(.text)
    I2C_ClearITPendingBit                    0x0800099b   Thumb Code     6  stm32f4xx_i2c.o(.text)
    IWDG_WriteAccessCmd                      0x080009b5   Thumb Code     6  stm32f4xx_iwdg.o(.text)
    IWDG_SetPrescaler                        0x080009bb   Thumb Code     6  stm32f4xx_iwdg.o(.text)
    IWDG_SetReload                           0x080009c1   Thumb Code     6  stm32f4xx_iwdg.o(.text)
    IWDG_ReloadCounter                       0x080009c7   Thumb Code    10  stm32f4xx_iwdg.o(.text)
    IWDG_Enable                              0x080009d1   Thumb Code    10  stm32f4xx_iwdg.o(.text)
    IWDG_GetFlagStatus                       0x080009db   Thumb Code    16  stm32f4xx_iwdg.o(.text)
    RCC_DeInit                               0x080009f1   Thumb Code    68  stm32f4xx_rcc.o(.text)
    RCC_HSEConfig                            0x08000a35   Thumb Code    12  stm32f4xx_rcc.o(.text)
    RCC_GetFlagStatus                        0x08000a41   Thumb Code    46  stm32f4xx_rcc.o(.text)
    RCC_WaitForHSEStartUp                    0x08000a6f   Thumb Code    44  stm32f4xx_rcc.o(.text)
    RCC_AdjustHSICalibrationValue            0x08000a9b   Thumb Code    16  stm32f4xx_rcc.o(.text)
    RCC_HSICmd                               0x08000aab   Thumb Code     6  stm32f4xx_rcc.o(.text)
    RCC_LSEConfig                            0x08000ab1   Thumb Code    24  stm32f4xx_rcc.o(.text)
    RCC_LSICmd                               0x08000ac9   Thumb Code     6  stm32f4xx_rcc.o(.text)
    RCC_PLLConfig                            0x08000acf   Thumb Code    32  stm32f4xx_rcc.o(.text)
    RCC_PLLCmd                               0x08000aef   Thumb Code     6  stm32f4xx_rcc.o(.text)
    RCC_PLLI2SConfig                         0x08000af5   Thumb Code    14  stm32f4xx_rcc.o(.text)
    RCC_PLLI2SCmd                            0x08000b03   Thumb Code     6  stm32f4xx_rcc.o(.text)
    RCC_PLLSAIConfig                         0x08000b09   Thumb Code    18  stm32f4xx_rcc.o(.text)
    RCC_PLLSAICmd                            0x08000b1b   Thumb Code     6  stm32f4xx_rcc.o(.text)
    RCC_ClockSecuritySystemCmd               0x08000b21   Thumb Code     6  stm32f4xx_rcc.o(.text)
    RCC_MCO1Config                           0x08000b27   Thumb Code    18  stm32f4xx_rcc.o(.text)
    RCC_MCO2Config                           0x08000b39   Thumb Code    18  stm32f4xx_rcc.o(.text)
    RCC_SYSCLKConfig                         0x08000b4b   Thumb Code    16  stm32f4xx_rcc.o(.text)
    RCC_GetSYSCLKSource                      0x08000b5b   Thumb Code    12  stm32f4xx_rcc.o(.text)
    RCC_HCLKConfig                           0x08000b67   Thumb Code    16  stm32f4xx_rcc.o(.text)
    RCC_PCLK1Config                          0x08000b77   Thumb Code    16  stm32f4xx_rcc.o(.text)
    RCC_PCLK2Config                          0x08000b87   Thumb Code    18  stm32f4xx_rcc.o(.text)
    RCC_GetClocksFreq                        0x08000b99   Thumb Code   134  stm32f4xx_rcc.o(.text)
    RCC_RTCCLKConfig                         0x08000c1f   Thumb Code    42  stm32f4xx_rcc.o(.text)
    RCC_RTCCLKCmd                            0x08000c49   Thumb Code     8  stm32f4xx_rcc.o(.text)
    RCC_BackupResetCmd                       0x08000c51   Thumb Code     8  stm32f4xx_rcc.o(.text)
    RCC_I2SCLKConfig                         0x08000c59   Thumb Code     8  stm32f4xx_rcc.o(.text)
    RCC_SAIPLLI2SClkDivConfig                0x08000c61   Thumb Code    18  stm32f4xx_rcc.o(.text)
    RCC_SAIPLLSAIClkDivConfig                0x08000c73   Thumb Code    24  stm32f4xx_rcc.o(.text)
    RCC_SAIBlockACLKConfig                   0x08000c8b   Thumb Code    16  stm32f4xx_rcc.o(.text)
    RCC_SAIBlockBCLKConfig                   0x08000c9b   Thumb Code    16  stm32f4xx_rcc.o(.text)
    RCC_LTDCCLKDivConfig                     0x08000cab   Thumb Code    16  stm32f4xx_rcc.o(.text)
    RCC_TIMCLKPresConfig                     0x08000cbb   Thumb Code     8  stm32f4xx_rcc.o(.text)
    RCC_AHB1PeriphClockCmd                   0x08000cc3   Thumb Code    20  stm32f4xx_rcc.o(.text)
    RCC_AHB2PeriphClockCmd                   0x08000cd7   Thumb Code    20  stm32f4xx_rcc.o(.text)
    RCC_AHB3PeriphClockCmd                   0x08000ceb   Thumb Code    20  stm32f4xx_rcc.o(.text)
    RCC_APB1PeriphClockCmd                   0x08000cff   Thumb Code    20  stm32f4xx_rcc.o(.text)
    RCC_APB2PeriphClockCmd                   0x08000d13   Thumb Code    20  stm32f4xx_rcc.o(.text)
    RCC_AHB1PeriphResetCmd                   0x08000d27   Thumb Code    20  stm32f4xx_rcc.o(.text)
    RCC_AHB2PeriphResetCmd                   0x08000d3b   Thumb Code    20  stm32f4xx_rcc.o(.text)
    RCC_AHB3PeriphResetCmd                   0x08000d4f   Thumb Code    20  stm32f4xx_rcc.o(.text)
    RCC_APB1PeriphResetCmd                   0x08000d63   Thumb Code    20  stm32f4xx_rcc.o(.text)
    RCC_APB2PeriphResetCmd                   0x08000d77   Thumb Code    20  stm32f4xx_rcc.o(.text)
    RCC_AHB1PeriphClockLPModeCmd             0x08000d8b   Thumb Code    20  stm32f4xx_rcc.o(.text)
    RCC_AHB2PeriphClockLPModeCmd             0x08000d9f   Thumb Code    20  stm32f4xx_rcc.o(.text)
    RCC_AHB3PeriphClockLPModeCmd             0x08000db3   Thumb Code    20  stm32f4xx_rcc.o(.text)
    RCC_APB1PeriphClockLPModeCmd             0x08000dc7   Thumb Code    64  stm32f4xx_rcc.o(.text)
    RCC_APB2PeriphClockLPModeCmd             0x08000e07   Thumb Code    18  stm32f4xx_rcc.o(.text)
    RCC_LSEModeConfig                        0x08000e19   Thumb Code    24  stm32f4xx_rcc.o(.text)
    RCC_ITConfig                             0x08000e31   Thumb Code    20  stm32f4xx_rcc.o(.text)
    RCC_ClearFlag                            0x08000e45   Thumb Code    14  stm32f4xx_rcc.o(.text)
    RCC_GetITStatus                          0x08000e53   Thumb Code    18  stm32f4xx_rcc.o(.text)
    RCC_ClearITPendingBit                    0x08000e65   Thumb Code     8  stm32f4xx_rcc.o(.text)
    SPI_I2S_DeInit                           0x08000e71   Thumb Code   108  stm32f4xx_spi.o(.text)
    SPI_Init                                 0x08000edd   Thumb Code    56  stm32f4xx_spi.o(.text)
    I2S_Init                                 0x08000f15   Thumb Code   198  stm32f4xx_spi.o(.text)
    SPI_StructInit                           0x08000fdb   Thumb Code    24  stm32f4xx_spi.o(.text)
    I2S_StructInit                           0x08000ff3   Thumb Code    18  stm32f4xx_spi.o(.text)
    SPI_Cmd                                  0x08001005   Thumb Code    20  stm32f4xx_spi.o(.text)
    I2S_Cmd                                  0x08001019   Thumb Code    20  stm32f4xx_spi.o(.text)
    SPI_DataSizeConfig                       0x0800102d   Thumb Code    16  stm32f4xx_spi.o(.text)
    SPI_BiDirectionalLineConfig              0x0800103d   Thumb Code    22  stm32f4xx_spi.o(.text)
    SPI_NSSInternalSoftwareConfig            0x08001053   Thumb Code    24  stm32f4xx_spi.o(.text)
    SPI_SSOutputCmd                          0x0800106b   Thumb Code    20  stm32f4xx_spi.o(.text)
    SPI_TIModeCmd                            0x0800107f   Thumb Code    20  stm32f4xx_spi.o(.text)
    I2S_FullDuplexConfig                     0x08001093   Thumb Code    58  stm32f4xx_spi.o(.text)
    SPI_I2S_ReceiveData                      0x080010cd   Thumb Code     4  stm32f4xx_spi.o(.text)
    SPI_I2S_SendData                         0x080010d1   Thumb Code     4  stm32f4xx_spi.o(.text)
    SPI_CalculateCRC                         0x080010d5   Thumb Code    20  stm32f4xx_spi.o(.text)
    SPI_TransmitCRC                          0x080010e9   Thumb Code    10  stm32f4xx_spi.o(.text)
    SPI_GetCRC                               0x080010f3   Thumb Code    12  stm32f4xx_spi.o(.text)
    SPI_GetCRCPolynomial                     0x080010ff   Thumb Code     4  stm32f4xx_spi.o(.text)
    SPI_I2S_DMACmd                           0x08001103   Thumb Code    16  stm32f4xx_spi.o(.text)
    SPI_I2S_ITConfig                         0x08001113   Thumb Code    24  stm32f4xx_spi.o(.text)
    SPI_I2S_GetFlagStatus                    0x0800112b   Thumb Code    14  stm32f4xx_spi.o(.text)
    SPI_I2S_ClearFlag                        0x08001139   Thumb Code     6  stm32f4xx_spi.o(.text)
    SPI_I2S_GetITStatus                      0x0800113f   Thumb Code    44  stm32f4xx_spi.o(.text)
    SPI_I2S_ClearITPendingBit                0x0800116b   Thumb Code    14  stm32f4xx_spi.o(.text)
    SYSCFG_DeInit                            0x0800119d   Thumb Code    24  stm32f4xx_syscfg.o(.text)
    SYSCFG_MemoryRemapConfig                 0x080011b5   Thumb Code     6  stm32f4xx_syscfg.o(.text)
    SYSCFG_MemorySwappingBank                0x080011bb   Thumb Code     6  stm32f4xx_syscfg.o(.text)
    SYSCFG_EXTILineConfig                    0x080011c1   Thumb Code    42  stm32f4xx_syscfg.o(.text)
    SYSCFG_ETH_MediaInterfaceConfig          0x080011eb   Thumb Code     8  stm32f4xx_syscfg.o(.text)
    SYSCFG_CompensationCellCmd               0x080011f3   Thumb Code     6  stm32f4xx_syscfg.o(.text)
    SYSCFG_GetCompensationCellStatus         0x080011f9   Thumb Code    16  stm32f4xx_syscfg.o(.text)
    TIM_DeInit                               0x08001219   Thumb Code   284  stm32f4xx_tim.o(.text)
    TIM_TimeBaseInit                         0x08001335   Thumb Code    96  stm32f4xx_tim.o(.text)
    TIM_TimeBaseStructInit                   0x08001395   Thumb Code    18  stm32f4xx_tim.o(.text)
    TIM_PrescalerConfig                      0x080013a7   Thumb Code     6  stm32f4xx_tim.o(.text)
    TIM_CounterModeConfig                    0x080013ad   Thumb Code    12  stm32f4xx_tim.o(.text)
    TIM_SetCounter                           0x080013b9   Thumb Code     4  stm32f4xx_tim.o(.text)
    TIM_SetAutoreload                        0x080013bd   Thumb Code     4  stm32f4xx_tim.o(.text)
    TIM_GetCounter                           0x080013c1   Thumb Code     4  stm32f4xx_tim.o(.text)
    TIM_GetPrescaler                         0x080013c5   Thumb Code     4  stm32f4xx_tim.o(.text)
    TIM_UpdateDisableConfig                  0x080013c9   Thumb Code    20  stm32f4xx_tim.o(.text)
    TIM_UpdateRequestConfig                  0x080013dd   Thumb Code    20  stm32f4xx_tim.o(.text)
    TIM_ARRPreloadConfig                     0x080013f1   Thumb Code    20  stm32f4xx_tim.o(.text)
    TIM_SelectOnePulseMode                   0x08001405   Thumb Code    16  stm32f4xx_tim.o(.text)
    TIM_SetClockDivision                     0x08001415   Thumb Code    16  stm32f4xx_tim.o(.text)
    TIM_Cmd                                  0x08001425   Thumb Code    20  stm32f4xx_tim.o(.text)
    TIM_OC1Init                              0x08001439   Thumb Code    88  stm32f4xx_tim.o(.text)
    TIM_OC2Init                              0x08001491   Thumb Code   120  stm32f4xx_tim.o(.text)
    TIM_OC3Init                              0x08001509   Thumb Code   116  stm32f4xx_tim.o(.text)
    TIM_OC4Init                              0x0800157d   Thumb Code    88  stm32f4xx_tim.o(.text)
    TIM_OCStructInit                         0x080015d5   Thumb Code    20  stm32f4xx_tim.o(.text)
    TIM_SelectOCxM                           0x080015e9   Thumb Code   130  stm32f4xx_tim.o(.text)
    TIM_SetCompare1                          0x0800166b   Thumb Code     4  stm32f4xx_tim.o(.text)
    TIM_SetCompare2                          0x0800166f   Thumb Code     4  stm32f4xx_tim.o(.text)
    TIM_SetCompare3                          0x08001673   Thumb Code     4  stm32f4xx_tim.o(.text)
    TIM_SetCompare4                          0x08001677   Thumb Code     4  stm32f4xx_tim.o(.text)
    TIM_ForcedOC1Config                      0x0800167b   Thumb Code    12  stm32f4xx_tim.o(.text)
    TIM_ForcedOC2Config                      0x08001687   Thumb Code    20  stm32f4xx_tim.o(.text)
    TIM_ForcedOC3Config                      0x0800169b   Thumb Code    12  stm32f4xx_tim.o(.text)
    TIM_ForcedOC4Config                      0x080016a7   Thumb Code    20  stm32f4xx_tim.o(.text)
    TIM_OC1PreloadConfig                     0x080016bb   Thumb Code    12  stm32f4xx_tim.o(.text)
    TIM_OC2PreloadConfig                     0x080016c7   Thumb Code    20  stm32f4xx_tim.o(.text)
    TIM_OC3PreloadConfig                     0x080016db   Thumb Code    12  stm32f4xx_tim.o(.text)
    TIM_OC4PreloadConfig                     0x080016e7   Thumb Code    20  stm32f4xx_tim.o(.text)
    TIM_OC1FastConfig                        0x080016fb   Thumb Code    12  stm32f4xx_tim.o(.text)
    TIM_OC2FastConfig                        0x08001707   Thumb Code    20  stm32f4xx_tim.o(.text)
    TIM_OC3FastConfig                        0x0800171b   Thumb Code    12  stm32f4xx_tim.o(.text)
    TIM_OC4FastConfig                        0x08001727   Thumb Code    20  stm32f4xx_tim.o(.text)
    TIM_ClearOC1Ref                          0x0800173b   Thumb Code    12  stm32f4xx_tim.o(.text)
    TIM_ClearOC2Ref                          0x08001747   Thumb Code    20  stm32f4xx_tim.o(.text)
    TIM_ClearOC3Ref                          0x0800175b   Thumb Code    12  stm32f4xx_tim.o(.text)
    TIM_ClearOC4Ref                          0x08001767   Thumb Code    20  stm32f4xx_tim.o(.text)
    TIM_OC1PolarityConfig                    0x0800177b   Thumb Code    12  stm32f4xx_tim.o(.text)
    TIM_OC1NPolarityConfig                   0x08001787   Thumb Code    12  stm32f4xx_tim.o(.text)
    TIM_OC2PolarityConfig                    0x08001793   Thumb Code    20  stm32f4xx_tim.o(.text)
    TIM_OC2NPolarityConfig                   0x080017a7   Thumb Code    20  stm32f4xx_tim.o(.text)
    TIM_OC3PolarityConfig                    0x080017bb   Thumb Code    20  stm32f4xx_tim.o(.text)
    TIM_OC3NPolarityConfig                   0x080017cf   Thumb Code    20  stm32f4xx_tim.o(.text)
    TIM_OC4PolarityConfig                    0x080017e3   Thumb Code    20  stm32f4xx_tim.o(.text)
    TIM_CCxCmd                               0x080017f7   Thumb Code    22  stm32f4xx_tim.o(.text)
    TIM_CCxNCmd                              0x0800180d   Thumb Code    22  stm32f4xx_tim.o(.text)
    TIM_SetIC4Prescaler                      0x08001823   Thumb Code    24  stm32f4xx_tim.o(.text)
    TIM_SetIC3Prescaler                      0x0800183b   Thumb Code    16  stm32f4xx_tim.o(.text)
    TIM_SetIC2Prescaler                      0x0800184b   Thumb Code    24  stm32f4xx_tim.o(.text)
    TIM_SetIC1Prescaler                      0x08001899   Thumb Code    16  stm32f4xx_tim.o(.text)
    TIM_ICInit                               0x080018a9   Thumb Code   164  stm32f4xx_tim.o(.text)
    TIM_ICStructInit                         0x0800194d   Thumb Code    16  stm32f4xx_tim.o(.text)
    TIM_PWMIConfig                           0x0800195d   Thumb Code   104  stm32f4xx_tim.o(.text)
    TIM_GetCapture1                          0x080019c5   Thumb Code     4  stm32f4xx_tim.o(.text)
    TIM_GetCapture2                          0x080019c9   Thumb Code     4  stm32f4xx_tim.o(.text)
    TIM_GetCapture3                          0x080019cd   Thumb Code     4  stm32f4xx_tim.o(.text)
    TIM_GetCapture4                          0x080019d1   Thumb Code     4  stm32f4xx_tim.o(.text)
    TIM_BDTRConfig                           0x080019d5   Thumb Code    34  stm32f4xx_tim.o(.text)
    TIM_BDTRStructInit                       0x080019f7   Thumb Code    18  stm32f4xx_tim.o(.text)
    TIM_CtrlPWMOutputs                       0x08001a09   Thumb Code    22  stm32f4xx_tim.o(.text)
    TIM_SelectCOM                            0x08001a1f   Thumb Code    20  stm32f4xx_tim.o(.text)
    TIM_CCPreloadControl                     0x08001a33   Thumb Code    20  stm32f4xx_tim.o(.text)
    TIM_ITConfig                             0x08001a47   Thumb Code    16  stm32f4xx_tim.o(.text)
    TIM_GenerateEvent                        0x08001a57   Thumb Code     4  stm32f4xx_tim.o(.text)
    TIM_GetFlagStatus                        0x08001a5b   Thumb Code    14  stm32f4xx_tim.o(.text)
    TIM_ClearFlag                            0x08001a69   Thumb Code     6  stm32f4xx_tim.o(.text)
    TIM_GetITStatus                          0x08001a6f   Thumb Code    24  stm32f4xx_tim.o(.text)
    TIM_ClearITPendingBit                    0x08001a87   Thumb Code     6  stm32f4xx_tim.o(.text)
    TIM_DMAConfig                            0x08001a8d   Thumb Code     8  stm32f4xx_tim.o(.text)
    TIM_DMACmd                               0x08001a95   Thumb Code    16  stm32f4xx_tim.o(.text)
    TIM_SelectCCDMA                          0x08001aa5   Thumb Code    20  stm32f4xx_tim.o(.text)
    TIM_InternalClockConfig                  0x08001ab9   Thumb Code    10  stm32f4xx_tim.o(.text)
    TIM_SelectInputTrigger                   0x08001ac3   Thumb Code    12  stm32f4xx_tim.o(.text)
    TIM_ITRxExternalClockConfig              0x08001acf   Thumb Code    18  stm32f4xx_tim.o(.text)
    TIM_TIxExternalClockConfig               0x08001ae1   Thumb Code    46  stm32f4xx_tim.o(.text)
    TIM_ETRConfig                            0x08001b0f   Thumb Code    24  stm32f4xx_tim.o(.text)
    TIM_ETRClockMode1Config                  0x08001b27   Thumb Code    18  stm32f4xx_tim.o(.text)
    TIM_ETRClockMode2Config                  0x08001b39   Thumb Code    18  stm32f4xx_tim.o(.text)
    TIM_SelectOutputTrigger                  0x08001b4b   Thumb Code    16  stm32f4xx_tim.o(.text)
    TIM_SelectSlaveMode                      0x08001b5b   Thumb Code    16  stm32f4xx_tim.o(.text)
    TIM_SelectMasterSlaveMode                0x08001b6b   Thumb Code    16  stm32f4xx_tim.o(.text)
    TIM_EncoderInterfaceConfig               0x08001b7b   Thumb Code    50  stm32f4xx_tim.o(.text)
    TIM_SelectHallSensor                     0x08001bad   Thumb Code    20  stm32f4xx_tim.o(.text)
    TIM_RemapConfig                          0x08001bc1   Thumb Code     6  stm32f4xx_tim.o(.text)
    USART_DeInit                             0x08001bf5   Thumb Code   138  stm32f4xx_usart.o(.text)
    USART_Init                               0x08001c7f   Thumb Code   164  stm32f4xx_usart.o(.text)
    USART_StructInit                         0x08001d23   Thumb Code    22  stm32f4xx_usart.o(.text)
    USART_ClockInit                          0x08001d39   Thumb Code    28  stm32f4xx_usart.o(.text)
    USART_ClockStructInit                    0x08001d55   Thumb Code    12  stm32f4xx_usart.o(.text)
    USART_Cmd                                0x08001d61   Thumb Code    20  stm32f4xx_usart.o(.text)
    USART_SetPrescaler                       0x08001d75   Thumb Code    16  stm32f4xx_usart.o(.text)
    USART_OverSampling8Cmd                   0x08001d85   Thumb Code    20  stm32f4xx_usart.o(.text)
    USART_OneBitMethodCmd                    0x08001d99   Thumb Code    20  stm32f4xx_usart.o(.text)
    USART_SendData                           0x08001dad   Thumb Code     8  stm32f4xx_usart.o(.text)
    USART_ReceiveData                        0x08001db5   Thumb Code     8  stm32f4xx_usart.o(.text)
    USART_SetAddress                         0x08001dbd   Thumb Code    16  stm32f4xx_usart.o(.text)
    USART_ReceiverWakeUpCmd                  0x08001dcd   Thumb Code    20  stm32f4xx_usart.o(.text)
    USART_WakeUpConfig                       0x08001de1   Thumb Code    16  stm32f4xx_usart.o(.text)
    USART_LINBreakDetectLengthConfig         0x08001df1   Thumb Code    16  stm32f4xx_usart.o(.text)
    USART_LINCmd                             0x08001e01   Thumb Code    20  stm32f4xx_usart.o(.text)
    USART_SendBreak                          0x08001e15   Thumb Code    10  stm32f4xx_usart.o(.text)
    USART_HalfDuplexCmd                      0x08001e1f   Thumb Code    20  stm32f4xx_usart.o(.text)
    USART_SetGuardTime                       0x08001e33   Thumb Code    16  stm32f4xx_usart.o(.text)
    USART_SmartCardCmd                       0x08001e43   Thumb Code    20  stm32f4xx_usart.o(.text)
    USART_SmartCardNACKCmd                   0x08001e57   Thumb Code    20  stm32f4xx_usart.o(.text)
    USART_IrDAConfig                         0x08001e6b   Thumb Code    16  stm32f4xx_usart.o(.text)
    USART_IrDACmd                            0x08001e7b   Thumb Code    20  stm32f4xx_usart.o(.text)
    USART_DMACmd                             0x08001e8f   Thumb Code    16  stm32f4xx_usart.o(.text)
    USART_ITConfig                           0x08001e9f   Thumb Code    48  stm32f4xx_usart.o(.text)
    USART_GetFlagStatus                      0x08001ecf   Thumb Code    14  stm32f4xx_usart.o(.text)
    USART_ClearFlag                          0x08001edd   Thumb Code     6  stm32f4xx_usart.o(.text)
    USART_GetITStatus                        0x08001ee3   Thumb Code    62  stm32f4xx_usart.o(.text)
    USART_ClearITPendingBit                  0x08001f21   Thumb Code    12  stm32f4xx_usart.o(.text)
    timer2_int_init                          0x08001f4d   Thumb Code    90  timer.o(.text)
    TIM2_IRQHandler                          0x08001fa7   Thumb Code    44  timer.o(.text)
    timer_getms_count                        0x08001fd3   Thumb Code     8  timer.o(.text)
    diffTimer                                0x08001fdb   Thumb Code    14  timer.o(.text)
    TIM3_Int_Init                            0x08001fe9   Thumb Code    88  timer.o(.text)
    TIM3_IRQHandler                          0x08002041   Thumb Code    54  timer.o(.text)
    IWDG_Init                                0x08002085   Thumb Code    38  iwdg.o(.text)
    IWDG_Feed                                0x080020ab   Thumb Code     4  iwdg.o(.text)
    Spi3_Gpio_Init                           0x080020b1   Thumb Code   204  ad7606_driver.o(.text)
    Spi3_Configuration                       0x0800217d   Thumb Code    88  ad7606_driver.o(.text)
    AD7606_Init                              0x080021d5   Thumb Code    54  ad7606_driver.o(.text)
    EXTI_Configuration                       0x0800220b   Thumb Code    72  ad7606_driver.o(.text)
    SPI3_ReadWrite                           0x08002253   Thumb Code    48  ad7606_driver.o(.text)
    EXTI0_IRQHandler                         0x08002283   Thumb Code    70  ad7606_driver.o(.text)
    Alldata_sliding_average                  0x080022c9   Thumb Code    50  ad7606_driver.o(.text)
    AD7606_StartConv                         0x080022fb   Thumb Code    38  ad7606_driver.o(.text)
    AD7606Analog_data_Conversion             0x08002321   Thumb Code   452  ad7606_driver.o(.text)
    AD7606_Display                           0x080024e5   Thumb Code    44  ad7606_driver.o(.text)
    AD5542_InitCommon                        0x0800255d   Thumb Code   154  ad5542_driver.o(.text)
    AD5542_InitSingle                        0x080025f7   Thumb Code    96  ad5542_driver.o(.text)
    AD5542_WriteData                         0x08002657   Thumb Code    80  ad5542_driver.o(.text)
    AD5542_CS_CTL_2                          0x080026a7   Thumb Code    12  ad5542_driver.o(.text)
    AD5542_WriteData_2                       0x080026b3   Thumb Code    68  ad5542_driver.o(.text)
    AD5542_TriggerLDAC                       0x080026f7   Thumb Code    50  ad5542_driver.o(.text)
    AD5542_TriggerLDAC_2                     0x08002729   Thumb Code     4  ad5542_driver.o(.text)
    AD5542_VoltageToData                     0x0800272d   Thumb Code    58  ad5542_driver.o(.text)
    AD5542_Init                              0x08002767   Thumb Code    38  ad5542_driver.o(.text)
    AD5542Analog_data_Conversion             0x0800278d   Thumb Code   234  ad5542_driver.o(.text)
    Ad5542_Send_Data                         0x08002877   Thumb Code   110  ad5542_driver.o(.text)
    i2c1_master_init                         0x08002a49   Thumb Code   200  periph_i2c.o(.text)
    i2c_all_init                             0x08002b11   Thumb Code     2  periph_i2c.o(.text)
    I2C_TIMEOUT_UserCallback                 0x08002b13   Thumb Code    18  periph_i2c.o(.text)
    i2c_master_send_bytes                    0x08002b25   Thumb Code   270  periph_i2c.o(.text)
    i2c_slave_send_bytes                     0x08002c33   Thumb Code    48  periph_i2c.o(.text)
    clear_I2C_recvie                         0x08002c63   Thumb Code    90  periph_i2c.o(.text)
    I2C_EE_WaitEepromStandbyState            0x08002d09   Thumb Code    74  at24cxx.o(.text)
    I2C_EE_PageWrite                         0x08002d53   Thumb Code   314  at24cxx.o(.text)
    I2C_EE_BufferWrite                       0x08002e8d   Thumb Code   150  at24cxx.o(.text)
    I2C_EE_ByteWrite                         0x08002f23   Thumb Code   222  at24cxx.o(.text)
    I2C_EE_BufferRead                        0x08003001   Thumb Code   468  at24cxx.o(.text)
    eeprom_test                              0x080031d5   Thumb Code   186  at24cxx.o(.text)
    delay_init                               0x0800333d   Thumb Code    38  delay.o(.text)
    delay_us                                 0x08003363   Thumb Code    46  delay.o(.text)
    delay_xms                                0x08003391   Thumb Code    46  delay.o(.text)
    delay_ms                                 0x080033bf   Thumb Code    50  delay.o(.text)
    _sys_exit                                0x080033f5   Thumb Code     2  usart.o(.text)
    fputc                                    0x080033f7   Thumb Code    26  usart.o(.text)
    usart1_init                              0x08003411   Thumb Code   176  usart.o(.text)
    USART2_IRQHandler                        0x080034c1   Thumb Code    90  usart.o(.text)
    Flash_ReadBytes                          0x0800352d   Thumb Code    50  main.o(.text)
    main                                     0x0800355f   Thumb Code   324  main.o(.text)
    NMI_Handler                              0x08003735   Thumb Code     2  stm32f4xx_it.o(.text)
    HardFault_Handler                        0x08003737   Thumb Code     2  stm32f4xx_it.o(.text)
    MemManage_Handler                        0x08003739   Thumb Code     2  stm32f4xx_it.o(.text)
    BusFault_Handler                         0x0800373b   Thumb Code     2  stm32f4xx_it.o(.text)
    UsageFault_Handler                       0x0800373d   Thumb Code     2  stm32f4xx_it.o(.text)
    SVC_Handler                              0x0800373f   Thumb Code     2  stm32f4xx_it.o(.text)
    DebugMon_Handler                         0x08003741   Thumb Code     2  stm32f4xx_it.o(.text)
    PendSV_Handler                           0x08003743   Thumb Code     2  stm32f4xx_it.o(.text)
    SysTick_Handler                          0x08003745   Thumb Code     2  stm32f4xx_it.o(.text)
    SystemInit                               0x080037eb   Thumb Code    74  system_stm32f4xx.o(.text)
    SystemCoreClockUpdate                    0x08003835   Thumb Code   108  system_stm32f4xx.o(.text)
    control_Gpio_Init                        0x080038c5   Thumb Code   260  control_dev.o(.text)
    operation_dev                            0x080039c9   Thumb Code   372  control_dev.o(.text)
    selfRecoveTime                           0x08003b3d   Thumb Code    82  control_dev.o(.text)
    limitCurrent_Config                      0x08003b8f   Thumb Code    42  control_dev.o(.text)
    Init_limitCurrent_Config                 0x08003bb9   Thumb Code    32  control_dev.o(.text)
    config_Default_Power                     0x08003bd9   Thumb Code   394  control_dev.o(.text)
    Spi1_Gpio_Init                           0x08003d65   Thumb Code   126  transf_jkkzb.o(.text)
    Spi1_Configuration                       0x08003de3   Thumb Code    90  transf_jkkzb.o(.text)
    SPI1_ReadWrite                           0x08003e3d   Thumb Code    48  transf_jkkzb.o(.text)
    data_Packet_Creat                        0x08003e6d   Thumb Code   352  transf_jkkzb.o(.text)
    messageData_Send                         0x08003fcd   Thumb Code    52  transf_jkkzb.o(.text)
    messageData_Recive                       0x08004001   Thumb Code   800  transf_jkkzb.o(.text)
    get_Default_Power                        0x08004321   Thumb Code     8  transf_jkkzb.o(.text)
    save_Default_Power                       0x08004329   Thumb Code    68  transf_jkkzb.o(.text)
    MultiTimerInstall                        0x08004399   Thumb Code     8  multitimer.o(.text)
    MultiTimerStart                          0x080043a1   Thumb Code   104  multitimer.o(.text)
    MultiTimerStop                           0x08004409   Thumb Code    26  multitimer.o(.text)
    MultiTimerYield                          0x08004423   Thumb Code    56  multitimer.o(.text)
    PlatformTicksGetFunc                     0x08004461   Thumb Code     4  softtimer.o(.text)
    softtimer_start                          0x08004465   Thumb Code    16  softtimer.o(.text)
    softtimer_stop                           0x08004475   Thumb Code     4  softtimer.o(.text)
    blink_timer_start                        0x08004479   Thumb Code    24  softtimer.o(.text)
    blinkled_callback                        0x08004491   Thumb Code    40  softtimer.o(.text)
    softtimer_init                           0x080044b9   Thumb Code    18  softtimer.o(.text)
    softtimer_loop                           0x080044cb   Thumb Code     4  softtimer.o(.text)
    u8_ring_buffer_init                      0x080044e1   Thumb Code    14  ringbuffer_u8.o(.text)
    u8_ring_buffer_queue                     0x080044ef   Thumb Code    40  ringbuffer_u8.o(.text)
    u8_ring_buffer_queue_arr                 0x08004517   Thumb Code    32  ringbuffer_u8.o(.text)
    u8_ring_buffer_dequeue                   0x08004537   Thumb Code    38  ringbuffer_u8.o(.text)
    u8_ring_buffer_dequeue_arr               0x0800455d   Thumb Code    48  ringbuffer_u8.o(.text)
    u8_ring_buffer_peek                      0x0800458d   Thumb Code    34  ringbuffer_u8.o(.text)
    SEGGER_RTT_ReadUpBufferNoLock            0x0800469d   Thumb Code   120  segger_rtt.o(.text)
    SEGGER_RTT_ReadNoLock                    0x08004715   Thumb Code   118  segger_rtt.o(.text)
    SEGGER_RTT_ReadUpBuffer                  0x0800478b   Thumb Code    24  segger_rtt.o(.text)
    SEGGER_RTT_Read                          0x080047a3   Thumb Code    24  segger_rtt.o(.text)
    SEGGER_RTT_WriteWithOverwriteNoLock      0x080047bb   Thumb Code   142  segger_rtt.o(.text)
    SEGGER_RTT_WriteSkipNoLock               0x08004849   Thumb Code   108  segger_rtt.o(.text)
    SEGGER_RTT_WriteDownBufferNoLock         0x080048b5   Thumb Code    86  segger_rtt.o(.text)
    SEGGER_RTT_WriteNoLock                   0x0800490b   Thumb Code    86  segger_rtt.o(.text)
    SEGGER_RTT_WriteDownBuffer               0x08004961   Thumb Code    72  segger_rtt.o(.text)
    SEGGER_RTT_Write                         0x080049a9   Thumb Code    50  segger_rtt.o(.text)
    SEGGER_RTT_WriteString                   0x080049db   Thumb Code    24  segger_rtt.o(.text)
    SEGGER_RTT_PutCharSkipNoLock             0x080049f3   Thumb Code    48  segger_rtt.o(.text)
    SEGGER_RTT_PutCharSkip                   0x08004a23   Thumb Code    80  segger_rtt.o(.text)
    SEGGER_RTT_PutChar                       0x08004a73   Thumb Code    92  segger_rtt.o(.text)
    SEGGER_RTT_GetKey                        0x08004acf   Thumb Code    28  segger_rtt.o(.text)
    SEGGER_RTT_WaitKey                       0x08004aeb   Thumb Code    12  segger_rtt.o(.text)
    SEGGER_RTT_HasKey                        0x08004af7   Thumb Code    32  segger_rtt.o(.text)
    SEGGER_RTT_HasData                       0x08004b17   Thumb Code    18  segger_rtt.o(.text)
    SEGGER_RTT_HasDataUp                     0x08004b29   Thumb Code    18  segger_rtt.o(.text)
    SEGGER_RTT_AllocDownBuffer               0x08004b3b   Thumb Code   100  segger_rtt.o(.text)
    SEGGER_RTT_AllocUpBuffer                 0x08004b9f   Thumb Code   100  segger_rtt.o(.text)
    SEGGER_RTT_ConfigUpBuffer                0x08004c03   Thumb Code    88  segger_rtt.o(.text)
    SEGGER_RTT_ConfigDownBuffer              0x08004c5b   Thumb Code    88  segger_rtt.o(.text)
    SEGGER_RTT_SetNameUpBuffer               0x08004cb3   Thumb Code    60  segger_rtt.o(.text)
    SEGGER_RTT_SetNameDownBuffer             0x08004cef   Thumb Code    60  segger_rtt.o(.text)
    SEGGER_RTT_SetFlagsUpBuffer              0x08004d2b   Thumb Code    60  segger_rtt.o(.text)
    SEGGER_RTT_SetFlagsDownBuffer            0x08004d67   Thumb Code    64  segger_rtt.o(.text)
    SEGGER_RTT_Init                          0x08004da7   Thumb Code     2  segger_rtt.o(.text)
    SEGGER_RTT_SetTerminal                   0x08004da9   Thumb Code   130  segger_rtt.o(.text)
    SEGGER_RTT_TerminalOut                   0x08004e2b   Thumb Code   168  segger_rtt.o(.text)
    SEGGER_RTT_GetAvailWriteSpace            0x08004ed3   Thumb Code    16  segger_rtt.o(.text)
    SEGGER_RTT_GetBytesInBuffer              0x08004ee3   Thumb Code    30  segger_rtt.o(.text)
    SEGGER_RTT_vprintf                       0x08005043   Thumb Code   382  segger_rtt_printf.o(.text)
    SEGGER_RTT_printf                        0x080051c1   Thumb Code    22  segger_rtt_printf.o(.text)
    __use_no_semihosting                     0x080052a1   Thumb Code     2  use_no_semi_2.o(.text)
    __2printf                                0x080052a5   Thumb Code    20  __2printf.o(.text)
    _printf_int_dec                          0x080052bd   Thumb Code   104  _printf_dec.o(.text)
    _printf_longlong_hex                     0x08005335   Thumb Code    86  _printf_hex_int_ll_ptr.o(.text)
    _printf_int_hex                          0x0800538b   Thumb Code    28  _printf_hex_int_ll_ptr.o(.text)
    _printf_ll_hex                           0x080053a7   Thumb Code    12  _printf_hex_int_ll_ptr.o(.text)
    _printf_hex_ptr                          0x080053b3   Thumb Code    18  _printf_hex_int_ll_ptr.o(.text)
    __printf                                 0x080053c9   Thumb Code   388  __printf_flags_ss_wp.o(.text)
    strlen                                   0x08005551   Thumb Code    62  strlen.o(.text)
    __aeabi_memcpy                           0x0800558f   Thumb Code     0  rt_memcpy_v6.o(.text)
    __rt_memcpy                              0x0800558f   Thumb Code   138  rt_memcpy_v6.o(.text)
    _memcpy_lastbytes                        0x080055f5   Thumb Code     0  rt_memcpy_v6.o(.text)
    __aeabi_memclr4                          0x08005619   Thumb Code     0  rt_memclr_w.o(.text)
    __aeabi_memclr8                          0x08005619   Thumb Code     0  rt_memclr_w.o(.text)
    __rt_memclr_w                            0x08005619   Thumb Code    78  rt_memclr_w.o(.text)
    _memset_w                                0x0800561d   Thumb Code     0  rt_memclr_w.o(.text)
    __use_two_region_memory                  0x08005667   Thumb Code     2  heapauxi.o(.text)
    __rt_heap_escrow$2region                 0x08005669   Thumb Code     2  heapauxi.o(.text)
    __rt_heap_expand$2region                 0x0800566b   Thumb Code     2  heapauxi.o(.text)
    __I$use$semihosting                      0x0800566d   Thumb Code     0  use_no_semi.o(.text)
    __use_no_semihosting_swi                 0x0800566d   Thumb Code     2  use_no_semi.o(.text)
    _printf_int_common                       0x0800566f   Thumb Code   178  _printf_intcommon.o(.text)
    _printf_char_common                      0x0800572b   Thumb Code    32  _printf_char_common.o(.text)
    _printf_char_file                        0x08005751   Thumb Code    32  _printf_char_file.o(.text)
    __aeabi_memcpy4                          0x08005775   Thumb Code     0  rt_memcpy_w.o(.text)
    __aeabi_memcpy8                          0x08005775   Thumb Code     0  rt_memcpy_w.o(.text)
    __rt_memcpy_w                            0x08005775   Thumb Code   100  rt_memcpy_w.o(.text)
    _memcpy_lastbytes_aligned                0x080057bd   Thumb Code     0  rt_memcpy_w.o(.text)
    ferror                                   0x080057d9   Thumb Code     8  ferror.o(.text)
    __user_setup_stackheap                   0x080057e1   Thumb Code    74  sys_stackheap_outer.o(.text)
    exit                                     0x0800582b   Thumb Code    18  exit.o(.text)
    __user_libspace                          0x0800583d   Thumb Code     8  libspace.o(.text)
    __user_perproc_libspace                  0x0800583d   Thumb Code     0  libspace.o(.text)
    __user_perthread_libspace                0x0800583d   Thumb Code     0  libspace.o(.text)
    _is_digit                                0x08005845   Thumb Code    14  __printf_wp.o(i._is_digit)
    u8_ring_buffer_is_empty                  0x08005853   Thumb Code    16  ringbuffer_u8.o(i.u8_ring_buffer_is_empty)
    u8_ring_buffer_is_full                   0x08005863   Thumb Code    20  ringbuffer_u8.o(i.u8_ring_buffer_is_full)
    __aeabi_d2f                              0x08005879   Thumb Code     0  d2f.o(x$fpl$d2f)
    _d2f                                     0x08005879   Thumb Code    98  d2f.o(x$fpl$d2f)
    __aeabi_ddiv                             0x080058dd   Thumb Code     0  ddiv.o(x$fpl$ddiv)
    _ddiv                                    0x080058dd   Thumb Code   552  ddiv.o(x$fpl$ddiv)
    __aeabi_d2uiz                            0x08005b8d   Thumb Code     0  dfixu.o(x$fpl$dfixu)
    _dfixu                                   0x08005b8d   Thumb Code    90  dfixu.o(x$fpl$dfixu)
    __aeabi_i2d                              0x08005be7   Thumb Code     0  dflt_clz.o(x$fpl$dflt)
    _dflt                                    0x08005be7   Thumb Code    46  dflt_clz.o(x$fpl$dflt)
    __aeabi_ui2d                             0x08005c15   Thumb Code     0  dflt_clz.o(x$fpl$dfltu)
    _dfltu                                   0x08005c15   Thumb Code    38  dflt_clz.o(x$fpl$dfltu)
    __aeabi_dmul                             0x08005c3d   Thumb Code     0  dmul.o(x$fpl$dmul)
    _dmul                                    0x08005c3d   Thumb Code   332  dmul.o(x$fpl$dmul)
    __fpl_dnaninf                            0x08005d91   Thumb Code   156  dnaninf.o(x$fpl$dnaninf)
    __fpl_dretinf                            0x08005e2d   Thumb Code    12  dretinf.o(x$fpl$dretinf)
    _fp_init                                 0x08005e39   Thumb Code    10  fpinit.o(x$fpl$fpinit)
    __fplib_config_fpu_vfp                   0x08005e41   Thumb Code     0  fpinit.o(x$fpl$fpinit)
    __fplib_config_pureend_doubles           0x08005e41   Thumb Code     0  fpinit.o(x$fpl$fpinit)
    __fpl_fretinf                            0x08005e43   Thumb Code    10  fretinf.o(x$fpl$fretinf)
    __I$use$fp                               0x08005e4c   Number         0  usenofp.o(x$fpl$usenofp)
    Region$$Table$$Base                      0x08005eb8   Number         0  anon$$obj.o(Region$$Table)
    Region$$Table$$Limit                     0x08005ed8   Number         0  anon$$obj.o(Region$$Table)
    timer2_count                             0x20000010   Data           8  timer.o(.data)
    limit_Ad5524_Data                        0x2000001c   Data           8  ad5542_driver.o(.data)
    ad5542_HJJC1                             0x20000024   Data          16  ad5542_driver.o(.data)
    ad5542_HJJC2                             0x20000034   Data          16  ad5542_driver.o(.data)
    ad5542_BF                                0x20000044   Data          16  ad5542_driver.o(.data)
    ad5542_WAOXJ                             0x20000054   Data          16  ad5542_driver.o(.data)
    i2c1_int                                 0x20000064   Data        1056  periph_i2c.o(.data)
    i2c2_int                                 0x20000484   Data        1056  periph_i2c.o(.data)
    eeprom                                   0x200008a8   Data        1056  at24cxx.o(.data)
    USART_RX_STA                             0x20000ccc   Data           2  usart.o(.data)
    __stdout                                 0x20000cd0   Data           4  usart.o(.data)
    SystemCoreClock                          0x20000cd4   Data           4  system_stm32f4xx.o(.data)
    AHBPrescTable                            0x20000cd8   Data          16  system_stm32f4xx.o(.data)
    limit_Init_Flag                          0x20000ce8   Data           1  control_dev.o(.data)
    selfRecoveTime_0                         0x20000cec   Data           4  control_dev.o(.data)
    selfRecoveTime_1                         0x20000cf0   Data           4  control_dev.o(.data)
    temp1                                    0x20000cf4   Data           4  control_dev.o(.data)
    limit_Current_Data                       0x20000cf8   Data           8  control_dev.o(.data)
    now_default_config_power                 0x20000d00   Data           2  transf_jkkzb.o(.data)
    before_default_config_power              0x20000d02   Data           2  transf_jkkzb.o(.data)
    adc_data                                 0x20000d14   Data          16  ad7606_driver.o(.bss)
    analog_data                              0x20000d24   Data          16  ad7606_driver.o(.bss)
    AD7606ValueBuf                           0x20000d34   Data         160  ad7606_driver.o(.bss)
    AD7606AverageSum                         0x20000dd4   Data          32  ad7606_driver.o(.bss)
    AD7606AverageValueBuf                    0x20000df4   Data          16  ad7606_driver.o(.bss)
    USART_RX_BUF                             0x20000e04   Data         200  usart.o(.bss)
    k_u32                                    0x20000ecc   Data          52  main.o(.bss)
    b_u32                                    0x20000f00   Data          52  main.o(.bss)
    k                                        0x20000f34   Data          52  main.o(.bss)
    b                                        0x20000f68   Data          52  main.o(.bss)
    dev_First_Open_Flag                      0x20000f9c   Data          16  control_dev.o(.bss)
    dev_Open_counter_time                    0x20000fac   Data          16  control_dev.o(.bss)
    sendmessage                              0x20000fbc   Data          34  transf_jkkzb.o(.bss)
    recivemessage                            0x20000fde   Data          34  transf_jkkzb.o(.bss)
    blink_timer                              0x20001000   Data          24  softtimer.o(.bss)
    _SEGGER_RTT                              0x20001018   Data         168  segger_rtt.o(.bss)
    __libspace_start                         0x200014d0   Data          96  libspace.o(.bss)
    __temporary_stack_top$libspace           0x20001530   Data           0  libspace.o(.bss)



==============================================================================

Memory Map of the image

  Image Entry point : 0x08000189

  Load Region LR_IROM1 (Base: 0x08000000, Size: 0x00006bec, Max: 0x00100000, ABSOLUTE, COMPRESSED[0x00005f50])

    Execution Region ER_IROM1 (Exec base: 0x08000000, Load base: 0x08000000, Size: 0x00005ed8, Max: 0x00100000, ABSOLUTE)

    Exec Addr    Load Addr    Size         Type   Attr      Idx    E Section Name        Object

    0x08000000   0x08000000   0x00000188   Data   RO            3    RESET               startup_stm32f40_41xxx.o
    0x08000188   0x08000188   0x00000008   Code   RO         1222  * !!!main             c_w.l(__main.o)
    0x08000190   0x08000190   0x00000034   Code   RO         1525    !!!scatter          c_w.l(__scatter.o)
    0x080001c4   0x080001c4   0x0000005a   Code   RO         1523    !!dczerorl2         c_w.l(__dczerorl2.o)
    0x0800021e   0x0800021e   0x00000002   PAD
    0x08000220   0x08000220   0x0000001c   Code   RO         1527    !!handler_zi        c_w.l(__scatter_zi.o)
    0x0800023c   0x0800023c   0x00000000   Code   RO         1201    .ARM.Collect$$_printf_percent$$00000000  c_w.l(_printf_percent.o)
    0x0800023c   0x0800023c   0x00000006   Code   RO         1200    .ARM.Collect$$_printf_percent$$00000009  c_w.l(_printf_d.o)
    0x08000242   0x08000242   0x00000006   Code   RO         1199    .ARM.Collect$$_printf_percent$$0000000C  c_w.l(_printf_x.o)
    0x08000248   0x08000248   0x00000004   Code   RO         1281    .ARM.Collect$$_printf_percent$$00000017  c_w.l(_printf_percent_end.o)
    0x0800024c   0x0800024c   0x00000002   Code   RO         1386    .ARM.Collect$$libinit$$00000000  c_w.l(libinit.o)
    0x0800024e   0x0800024e   0x00000004   Code   RO         1401    .ARM.Collect$$libinit$$00000001  c_w.l(libinit2.o)
    0x08000252   0x08000252   0x00000000   Code   RO         1404    .ARM.Collect$$libinit$$00000004  c_w.l(libinit2.o)
    0x08000252   0x08000252   0x00000000   Code   RO         1407    .ARM.Collect$$libinit$$0000000A  c_w.l(libinit2.o)
    0x08000252   0x08000252   0x00000000   Code   RO         1409    .ARM.Collect$$libinit$$0000000C  c_w.l(libinit2.o)
    0x08000252   0x08000252   0x00000000   Code   RO         1411    .ARM.Collect$$libinit$$0000000E  c_w.l(libinit2.o)
    0x08000252   0x08000252   0x00000000   Code   RO         1414    .ARM.Collect$$libinit$$00000011  c_w.l(libinit2.o)
    0x08000252   0x08000252   0x00000000   Code   RO         1416    .ARM.Collect$$libinit$$00000013  c_w.l(libinit2.o)
    0x08000252   0x08000252   0x00000000   Code   RO         1418    .ARM.Collect$$libinit$$00000015  c_w.l(libinit2.o)
    0x08000252   0x08000252   0x00000000   Code   RO         1420    .ARM.Collect$$libinit$$00000017  c_w.l(libinit2.o)
    0x08000252   0x08000252   0x00000000   Code   RO         1422    .ARM.Collect$$libinit$$00000019  c_w.l(libinit2.o)
    0x08000252   0x08000252   0x00000000   Code   RO         1424    .ARM.Collect$$libinit$$0000001B  c_w.l(libinit2.o)
    0x08000252   0x08000252   0x00000000   Code   RO         1426    .ARM.Collect$$libinit$$0000001D  c_w.l(libinit2.o)
    0x08000252   0x08000252   0x00000000   Code   RO         1428    .ARM.Collect$$libinit$$0000001F  c_w.l(libinit2.o)
    0x08000252   0x08000252   0x00000000   Code   RO         1430    .ARM.Collect$$libinit$$00000021  c_w.l(libinit2.o)
    0x08000252   0x08000252   0x00000000   Code   RO         1432    .ARM.Collect$$libinit$$00000023  c_w.l(libinit2.o)
    0x08000252   0x08000252   0x00000000   Code   RO         1434    .ARM.Collect$$libinit$$00000025  c_w.l(libinit2.o)
    0x08000252   0x08000252   0x00000000   Code   RO         1438    .ARM.Collect$$libinit$$0000002C  c_w.l(libinit2.o)
    0x08000252   0x08000252   0x00000000   Code   RO         1440    .ARM.Collect$$libinit$$0000002E  c_w.l(libinit2.o)
    0x08000252   0x08000252   0x00000000   Code   RO         1442    .ARM.Collect$$libinit$$00000030  c_w.l(libinit2.o)
    0x08000252   0x08000252   0x00000000   Code   RO         1444    .ARM.Collect$$libinit$$00000032  c_w.l(libinit2.o)
    0x08000252   0x08000252   0x00000002   Code   RO         1445    .ARM.Collect$$libinit$$00000033  c_w.l(libinit2.o)
    0x08000254   0x08000254   0x00000002   Code   RO         1463    .ARM.Collect$$libshutdown$$00000000  c_w.l(libshutdown.o)
    0x08000256   0x08000256   0x00000000   Code   RO         1473    .ARM.Collect$$libshutdown$$00000002  c_w.l(libshutdown2.o)
    0x08000256   0x08000256   0x00000000   Code   RO         1475    .ARM.Collect$$libshutdown$$00000004  c_w.l(libshutdown2.o)
    0x08000256   0x08000256   0x00000000   Code   RO         1477    .ARM.Collect$$libshutdown$$00000006  c_w.l(libshutdown2.o)
    0x08000256   0x08000256   0x00000000   Code   RO         1480    .ARM.Collect$$libshutdown$$00000009  c_w.l(libshutdown2.o)
    0x08000256   0x08000256   0x00000000   Code   RO         1483    .ARM.Collect$$libshutdown$$0000000C  c_w.l(libshutdown2.o)
    0x08000256   0x08000256   0x00000000   Code   RO         1485    .ARM.Collect$$libshutdown$$0000000E  c_w.l(libshutdown2.o)
    0x08000256   0x08000256   0x00000000   Code   RO         1488    .ARM.Collect$$libshutdown$$00000011  c_w.l(libshutdown2.o)
    0x08000256   0x08000256   0x00000002   Code   RO         1489    .ARM.Collect$$libshutdown$$00000012  c_w.l(libshutdown2.o)
    0x08000258   0x08000258   0x00000000   Code   RO         1244    .ARM.Collect$$rtentry$$00000000  c_w.l(__rtentry.o)
    0x08000258   0x08000258   0x00000000   Code   RO         1309    .ARM.Collect$$rtentry$$00000002  c_w.l(__rtentry2.o)
    0x08000258   0x08000258   0x00000006   Code   RO         1321    .ARM.Collect$$rtentry$$00000004  c_w.l(__rtentry4.o)
    0x0800025e   0x0800025e   0x00000000   Code   RO         1311    .ARM.Collect$$rtentry$$00000009  c_w.l(__rtentry2.o)
    0x0800025e   0x0800025e   0x00000004   Code   RO         1312    .ARM.Collect$$rtentry$$0000000A  c_w.l(__rtentry2.o)
    0x08000262   0x08000262   0x00000000   Code   RO         1314    .ARM.Collect$$rtentry$$0000000C  c_w.l(__rtentry2.o)
    0x08000262   0x08000262   0x00000008   Code   RO         1315    .ARM.Collect$$rtentry$$0000000D  c_w.l(__rtentry2.o)
    0x0800026a   0x0800026a   0x00000002   Code   RO         1394    .ARM.Collect$$rtexit$$00000000  c_w.l(rtexit.o)
    0x0800026c   0x0800026c   0x00000000   Code   RO         1447    .ARM.Collect$$rtexit$$00000002  c_w.l(rtexit2.o)
    0x0800026c   0x0800026c   0x00000004   Code   RO         1448    .ARM.Collect$$rtexit$$00000003  c_w.l(rtexit2.o)
    0x08000270   0x08000270   0x00000006   Code   RO         1449    .ARM.Collect$$rtexit$$00000004  c_w.l(rtexit2.o)
    0x08000276   0x08000276   0x00000002   PAD
    0x08000278   0x08000278   0x00000040   Code   RO            4    .text               startup_stm32f40_41xxx.o
    0x080002b8   0x080002b8   0x000000b0   Code   RO           12    .text               misc.o
    0x08000368   0x08000368   0x000000e0   Code   RO          157    .text               stm32f4xx_exti.o
    0x08000448   0x08000448   0x0000020c   Code   RO          198    .text               stm32f4xx_gpio.o
    0x08000654   0x08000654   0x00000360   Code   RO          218    .text               stm32f4xx_i2c.o
    0x080009b4   0x080009b4   0x0000003c   Code   RO          238    .text               stm32f4xx_iwdg.o
    0x080009f0   0x080009f0   0x00000480   Code   RO          278    .text               stm32f4xx_rcc.o
    0x08000e70   0x08000e70   0x0000032c   Code   RO          300    .text               stm32f4xx_spi.o
    0x0800119c   0x0800119c   0x0000007c   Code   RO          320    .text               stm32f4xx_syscfg.o
    0x08001218   0x08001218   0x000009dc   Code   RO          340    .text               stm32f4xx_tim.o
    0x08001bf4   0x08001bf4   0x00000358   Code   RO          361    .text               stm32f4xx_usart.o
    0x08001f4c   0x08001f4c   0x00000138   Code   RO          401    .text               timer.o
    0x08002084   0x08002084   0x0000002a   Code   RO          488    .text               iwdg.o
    0x080020ae   0x080020ae   0x00000002   PAD
    0x080020b0   0x080020b0   0x000004ac   Code   RO          511    .text               ad7606_driver.o
    0x0800255c   0x0800255c   0x000004ec   Code   RO          552    .text               ad5542_driver.o
    0x08002a48   0x08002a48   0x000002c0   Code   RO          580    .text               periph_i2c.o
    0x08002d08   0x08002d08   0x00000634   Code   RO          666    .text               at24cxx.o
    0x0800333c   0x0800333c   0x000000b8   Code   RO          692    .text               delay.o
    0x080033f4   0x080033f4   0x00000138   Code   RO          732    .text               usart.o
    0x0800352c   0x0800352c   0x00000208   Code   RO          764    .text               main.o
    0x08003734   0x08003734   0x00000012   Code   RO          801    .text               stm32f4xx_it.o
    0x08003746   0x08003746   0x00000002   PAD
    0x08003748   0x08003748   0x0000017c   Code   RO          824    .text               system_stm32f4xx.o
    0x080038c4   0x080038c4   0x0000049e   Code   RO          850    .text               control_dev.o
    0x08003d62   0x08003d62   0x00000002   PAD
    0x08003d64   0x08003d64   0x00000634   Code   RO          886    .text               transf_jkkzb.o
    0x08004398   0x08004398   0x000000c8   Code   RO          943    .text               multitimer.o
    0x08004460   0x08004460   0x00000080   Code   RO          963    .text               softtimer.o
    0x080044e0   0x080044e0   0x000000ce   Code   RO          986    .text               ringbuffer_u8.o
    0x080045ae   0x080045ae   0x00000002   PAD
    0x080045b0   0x080045b0   0x0000098c   Code   RO         1100    .text               segger_rtt.o
    0x08004f3c   0x08004f3c   0x00000364   Code   RO         1121    .text               segger_rtt_printf.o
    0x080052a0   0x080052a0   0x00000002   Code   RO         1136    .text               c_w.l(use_no_semi_2.o)
    0x080052a2   0x080052a2   0x00000002   PAD
    0x080052a4   0x080052a4   0x00000018   Code   RO         1140    .text               c_w.l(__2printf.o)
    0x080052bc   0x080052bc   0x00000078   Code   RO         1154    .text               c_w.l(_printf_dec.o)
    0x08005334   0x08005334   0x00000094   Code   RO         1174    .text               c_w.l(_printf_hex_int_ll_ptr.o)
    0x080053c8   0x080053c8   0x00000188   Code   RO         1194    .text               c_w.l(__printf_flags_ss_wp.o)
    0x08005550   0x08005550   0x0000003e   Code   RO         1204    .text               c_w.l(strlen.o)
    0x0800558e   0x0800558e   0x0000008a   Code   RO         1210    .text               c_w.l(rt_memcpy_v6.o)
    0x08005618   0x08005618   0x0000004e   Code   RO         1216    .text               c_w.l(rt_memclr_w.o)
    0x08005666   0x08005666   0x00000006   Code   RO         1220    .text               c_w.l(heapauxi.o)
    0x0800566c   0x0800566c   0x00000002   Code   RO         1242    .text               c_w.l(use_no_semi.o)
    0x0800566e   0x0800566e   0x000000b2   Code   RO         1247    .text               c_w.l(_printf_intcommon.o)
    0x08005720   0x08005720   0x00000030   Code   RO         1251    .text               c_w.l(_printf_char_common.o)
    0x08005750   0x08005750   0x00000024   Code   RO         1259    .text               c_w.l(_printf_char_file.o)
    0x08005774   0x08005774   0x00000064   Code   RO         1291    .text               c_w.l(rt_memcpy_w.o)
    0x080057d8   0x080057d8   0x00000008   Code   RO         1334    .text               c_w.l(ferror.o)
    0x080057e0   0x080057e0   0x0000004a   Code   RO         1340    .text               c_w.l(sys_stackheap_outer.o)
    0x0800582a   0x0800582a   0x00000012   Code   RO         1379    .text               c_w.l(exit.o)
    0x0800583c   0x0800583c   0x00000008   Code   RO         1391    .text               c_w.l(libspace.o)
    0x08005844   0x08005844   0x0000000e   Code   RO         1187    i._is_digit         c_w.l(__printf_wp.o)
    0x08005852   0x08005852   0x00000010   Code   RO          995    i.u8_ring_buffer_is_empty  ringbuffer_u8.o
    0x08005862   0x08005862   0x00000014   Code   RO         1000    i.u8_ring_buffer_is_full  ringbuffer_u8.o
    0x08005876   0x08005876   0x00000002   PAD
    0x08005878   0x08005878   0x00000062   Code   RO         1224    x$fpl$d2f           fz_wm.l(d2f.o)
    0x080058da   0x080058da   0x00000002   PAD
    0x080058dc   0x080058dc   0x000002b0   Code   RO         1227    x$fpl$ddiv          fz_wm.l(ddiv.o)
    0x08005b8c   0x08005b8c   0x0000005a   Code   RO         1230    x$fpl$dfixu         fz_wm.l(dfixu.o)
    0x08005be6   0x08005be6   0x0000002e   Code   RO         1235    x$fpl$dflt          fz_wm.l(dflt_clz.o)
    0x08005c14   0x08005c14   0x00000026   Code   RO         1234    x$fpl$dfltu         fz_wm.l(dflt_clz.o)
    0x08005c3a   0x08005c3a   0x00000002   PAD
    0x08005c3c   0x08005c3c   0x00000154   Code   RO         1240    x$fpl$dmul          fz_wm.l(dmul.o)
    0x08005d90   0x08005d90   0x0000009c   Code   RO         1293    x$fpl$dnaninf       fz_wm.l(dnaninf.o)
    0x08005e2c   0x08005e2c   0x0000000c   Code   RO         1295    x$fpl$dretinf       fz_wm.l(dretinf.o)
    0x08005e38   0x08005e38   0x0000000a   Code   RO         1455    x$fpl$fpinit        fz_wm.l(fpinit.o)
    0x08005e42   0x08005e42   0x0000000a   Code   RO         1297    x$fpl$fretinf       fz_wm.l(fretinf.o)
    0x08005e4c   0x08005e4c   0x00000000   Code   RO         1307    x$fpl$usenofp       fz_wm.l(usenofp.o)
    0x08005e4c   0x08005e4c   0x00000021   Data   RO         1102    .constdata          segger_rtt.o
    0x08005e6d   0x08005e6d   0x00000010   Data   RO         1122    .constdata          segger_rtt_printf.o
    0x08005e7d   0x08005e7d   0x00000028   Data   RO         1175    .constdata          c_w.l(_printf_hex_int_ll_ptr.o)
    0x08005ea5   0x08005ea5   0x00000011   Data   RO         1195    .constdata          c_w.l(__printf_flags_ss_wp.o)
    0x08005eb6   0x08005eb6   0x00000002   PAD
    0x08005eb8   0x08005eb8   0x00000020   Data   RO         1521    Region$$Table       anon$$obj.o


    Execution Region RW_IRAM1 (Exec base: 0x20000000, Load base: 0x08005ed8, Size: 0x00003430, Max: 0x00020000, ABSOLUTE, COMPRESSED[0x00000078])

    Exec Addr    Load Addr    Size         Type   Attr      Idx    E Section Name        Object

    0x20000000   COMPRESSED   0x00000010   Data   RW          279    .data               stm32f4xx_rcc.o
    0x20000010   COMPRESSED   0x00000008   Data   RW          402    .data               timer.o
    0x20000018   COMPRESSED   0x0000004c   Data   RW          554    .data               ad5542_driver.o
    0x20000064   COMPRESSED   0x00000840   Data   RW          583    .data               periph_i2c.o
    0x200008a4   COMPRESSED   0x00000424   Data   RW          667    .data               at24cxx.o
    0x20000cc8   COMPRESSED   0x00000004   Data   RW          693    .data               delay.o
    0x20000ccc   COMPRESSED   0x00000002   Data   RW          734    .data               usart.o
    0x20000cce   COMPRESSED   0x00000002   PAD
    0x20000cd0   COMPRESSED   0x00000004   Data   RW          735    .data               usart.o
    0x20000cd4   COMPRESSED   0x00000014   Data   RW          825    .data               system_stm32f4xx.o
    0x20000ce8   COMPRESSED   0x00000018   Data   RW          852    .data               control_dev.o
    0x20000d00   COMPRESSED   0x00000004   Data   RW          888    .data               transf_jkkzb.o
    0x20000d04   COMPRESSED   0x00000008   Data   RW          944    .data               multitimer.o
    0x20000d0c   COMPRESSED   0x00000004   Data   RW          965    .data               softtimer.o
    0x20000d10   COMPRESSED   0x00000001   Data   RW         1103    .data               segger_rtt.o
    0x20000d11   COMPRESSED   0x00000003   PAD
    0x20000d14        -       0x000000f0   Zero   RW          512    .bss                ad7606_driver.o
    0x20000e04        -       0x000000c8   Zero   RW          733    .bss                usart.o
    0x20000ecc        -       0x000000d0   Zero   RW          765    .bss                main.o
    0x20000f9c        -       0x00000020   Zero   RW          851    .bss                control_dev.o
    0x20000fbc        -       0x00000044   Zero   RW          887    .bss                transf_jkkzb.o
    0x20001000        -       0x00000018   Zero   RW          964    .bss                softtimer.o
    0x20001018        -       0x000004b8   Zero   RW         1101    .bss                segger_rtt.o
    0x200014d0        -       0x00000060   Zero   RW         1392    .bss                c_w.l(libspace.o)
    0x20001530        -       0x00000f00   Zero   RW            2    HEAP                startup_stm32f40_41xxx.o
    0x20002430        -       0x00001000   Zero   RW            1    STACK               startup_stm32f40_41xxx.o


==============================================================================

Image component sizes


      Code (inc. data)   RO Data    RW Data    ZI Data      Debug   Object Name

      1260        356          0         76          0       5474   ad5542_driver.o
      1196         52          0          0        240       4856   ad7606_driver.o
      1588        192          0       1060          0       4364   at24cxx.o
      1182         28          0         24         32       4322   control_dev.o
       184          4          0          4          0       1629   delay.o
        42          0          0          0          0        750   iwdg.o
       520        146          0          0        208       3707   main.o
       176         12          0          0          0     302705   misc.o
       200          6          0          8          0       2591   multitimer.o
       704         76          0       2112          0     238623   periph_i2c.o
       242          0          0          0          0       6418   ringbuffer_u8.o
      2444         38         33          1       1208      22902   segger_rtt.o
       868          6         16          0          0       4347   segger_rtt_printf.o
       128         18          0          4         24       2504   softtimer.o
        64         26        392          0       7936        932   startup_stm32f40_41xxx.o
       224         10          0          0          0       2559   stm32f4xx_exti.o
       524         44          0          0          0       4629   stm32f4xx_gpio.o
       864         20          0          0          0       9327   stm32f4xx_i2c.o
        18          0          0          0          0       1286   stm32f4xx_it.o
        60          6          0          0          0       1445   stm32f4xx_iwdg.o
      1152         48          0         16          0      13548   stm32f4xx_rcc.o
       812         36          0          0          0       7533   stm32f4xx_spi.o
       124         16          0          0          0       1965   stm32f4xx_syscfg.o
      2524         52          0          0          0      24158   stm32f4xx_tim.o
       856         32          0          0          0       8448   stm32f4xx_usart.o
       380         36          0         20          0       2107   system_stm32f4xx.o
       312         14          0          8          0       8255   timer.o
      1588        398          0          4         68       5113   transf_jkkzb.o
       312         18          0          6        200       3524   usart.o

    ----------------------------------------------------------------------
     20558       1690        473       3348       9916     700021   Object Totals
         0          0         32          0          0          0   (incl. Generated)
        10          0          0          5          0          0   (incl. Padding)

    ----------------------------------------------------------------------

      Code (inc. data)   RO Data    RW Data    ZI Data      Debug   Library Member Name

        24          4          0          0          0         84   __2printf.o
        90          0          0          0          0          0   __dczerorl2.o
         8          0          0          0          0         68   __main.o
       392          4         17          0          0         92   __printf_flags_ss_wp.o
        14          0          0          0          0         68   __printf_wp.o
         0          0          0          0          0          0   __rtentry.o
        12          0          0          0          0          0   __rtentry2.o
         6          0          0          0          0          0   __rtentry4.o
        52          8          0          0          0          0   __scatter.o
        28          0          0          0          0          0   __scatter_zi.o
        48          6          0          0          0         96   _printf_char_common.o
        36          4          0          0          0         80   _printf_char_file.o
         6          0          0          0          0          0   _printf_d.o
       120         16          0          0          0         92   _printf_dec.o
       148          4         40          0          0        160   _printf_hex_int_ll_ptr.o
       178          0          0          0          0         88   _printf_intcommon.o
         0          0          0          0          0          0   _printf_percent.o
         4          0          0          0          0          0   _printf_percent_end.o
         6          0          0          0          0          0   _printf_x.o
        18          0          0          0          0         80   exit.o
         8          0          0          0          0         68   ferror.o
         6          0          0          0          0        152   heapauxi.o
         2          0          0          0          0          0   libinit.o
         6          0          0          0          0          0   libinit2.o
         2          0          0          0          0          0   libshutdown.o
         2          0          0          0          0          0   libshutdown2.o
         8          4          0          0         96         68   libspace.o
        78          0          0          0          0         80   rt_memclr_w.o
       138          0          0          0          0         68   rt_memcpy_v6.o
       100          0          0          0          0         80   rt_memcpy_w.o
         2          0          0          0          0          0   rtexit.o
        10          0          0          0          0          0   rtexit2.o
        62          0          0          0          0         76   strlen.o
        74          0          0          0          0         80   sys_stackheap_outer.o
         2          0          0          0          0         68   use_no_semi.o
         2          0          0          0          0         68   use_no_semi_2.o
        98          4          0          0          0        140   d2f.o
       688        140          0          0          0        256   ddiv.o
        90          4          0          0          0        140   dfixu.o
        84          0          0          0          0        232   dflt_clz.o
       340         12          0          0          0        152   dmul.o
       156          4          0          0          0        140   dnaninf.o
        12          0          0          0          0        116   dretinf.o
        10          0          0          0          0        116   fpinit.o
        10          0          0          0          0        116   fretinf.o
         0          0          0          0          0          0   usenofp.o

    ----------------------------------------------------------------------
      3190        214         59          0         96       3124   Library Totals
        10          0          2          0          0          0   (incl. Padding)

    ----------------------------------------------------------------------

      Code (inc. data)   RO Data    RW Data    ZI Data      Debug   Library Name

      1692         50         57          0         96       1716   c_w.l
      1488        164          0          0          0       1408   fz_wm.l

    ----------------------------------------------------------------------
      3190        214         59          0         96       3124   Library Totals

    ----------------------------------------------------------------------

==============================================================================


      Code (inc. data)   RO Data    RW Data    ZI Data      Debug   

     23748       1904        532       3348      10012     694613   Grand Totals
     23748       1904        532        120      10012     694613   ELF Image Totals (compressed)
     23748       1904        532        120          0          0   ROM Totals

==============================================================================

    Total RO  Size (Code + RO Data)                24280 (  23.71kB)
    Total RW  Size (RW Data + ZI Data)             13360 (  13.05kB)
    Total ROM Size (Code + RO Data + RW Data)      24400 (  23.83kB)

==============================================================================

