Component: ARM Compiler 5.06 update 6 (build 750) Tool: armlink [4d35ed]

==============================================================================

Section Cross References

    startup_stm32f40_41xxx.o(STACK) refers (Special) to heapauxi.o(.text) for __use_two_region_memory
    startup_stm32f40_41xxx.o(HEAP) refers (Special) to heapauxi.o(.text) for __use_two_region_memory
    startup_stm32f40_41xxx.o(RESET) refers (Special) to heapauxi.o(.text) for __use_two_region_memory
    startup_stm32f40_41xxx.o(RESET) refers to startup_stm32f40_41xxx.o(STACK) for __initial_sp
    startup_stm32f40_41xxx.o(RESET) refers to startup_stm32f40_41xxx.o(.text) for Reset_Handler
    startup_stm32f40_41xxx.o(RESET) refers to stm32f4xx_it.o(.text) for NMI_Handler
    startup_stm32f40_41xxx.o(RESET) refers to timer.o(.text) for TIM2_IRQHandler
    startup_stm32f40_41xxx.o(RESET) refers to periph_i2c.o(.text) for I2C1_EV_IRQHandler
    startup_stm32f40_41xxx.o(RESET) refers to spi_protocol.o(.text) for SPI1_IRQHandler
    startup_stm32f40_41xxx.o(RESET) refers to usart.o(.text) for USART1_IRQHandler
    startup_stm32f40_41xxx.o(.text) refers (Special) to heapauxi.o(.text) for __use_two_region_memory
    startup_stm32f40_41xxx.o(.text) refers to system_stm32f4xx.o(.text) for SystemInit
    startup_stm32f40_41xxx.o(.text) refers to __main.o(!!!main) for __main
    startup_stm32f40_41xxx.o(.text) refers to startup_stm32f40_41xxx.o(HEAP) for Heap_Mem
    startup_stm32f40_41xxx.o(.text) refers to startup_stm32f40_41xxx.o(STACK) for Stack_Mem
    stm32f4xx_adc.o(.text) refers to stm32f4xx_rcc.o(.text) for RCC_APB2PeriphResetCmd
    stm32f4xx_gpio.o(.text) refers to stm32f4xx_rcc.o(.text) for RCC_AHB1PeriphResetCmd
    stm32f4xx_i2c.o(.text) refers to stm32f4xx_rcc.o(.text) for RCC_APB1PeriphResetCmd
    stm32f4xx_pwr.o(.text) refers to stm32f4xx_rcc.o(.text) for RCC_APB1PeriphResetCmd
    stm32f4xx_rcc.o(.text) refers to stm32f4xx_rcc.o(.data) for APBAHBPrescTable
    stm32f4xx_spi.o(.text) refers to stm32f4xx_rcc.o(.text) for RCC_APB2PeriphResetCmd
    stm32f4xx_syscfg.o(.text) refers to stm32f4xx_rcc.o(.text) for RCC_APB2PeriphResetCmd
    stm32f4xx_tim.o(.text) refers to stm32f4xx_rcc.o(.text) for RCC_APB2PeriphResetCmd
    stm32f4xx_usart.o(.text) refers to stm32f4xx_rcc.o(.text) for RCC_APB2PeriphResetCmd
    led.o(.text) refers to stm32f4xx_rcc.o(.text) for RCC_AHB1PeriphClockCmd
    led.o(.text) refers to stm32f4xx_gpio.o(.text) for GPIO_Init
    myiic.o(.text) refers to delay.o(.text) for delay_us
    myiic.o(.text) refers to stm32f4xx_gpio.o(.text) for GPIO_WriteBit
    adc.o(.text) refers to stm32f4xx_rcc.o(.text) for RCC_AHB1PeriphClockCmd
    adc.o(.text) refers to stm32f4xx_dma.o(.text) for DMA_Init
    adc.o(.text) refers to stm32f4xx_gpio.o(.text) for GPIO_Init
    adc.o(.text) refers to stm32f4xx_adc.o(.text) for ADC_CommonInit
    adc.o(.text) refers to f2d.o(x$fpl$f2d) for __aeabi_f2d
    adc.o(.text) refers to dmul.o(x$fpl$dmul) for __aeabi_dmul
    adc.o(.text) refers to d2f.o(x$fpl$d2f) for __aeabi_d2f
    adc.o(.text) refers to segger_rtt_printf.o(.text) for SEGGER_RTT_printf
    adc.o(.text) refers to adc.o(.bss) for ADC_ConvertedValue
    adc.o(.text) refers to adc.o(.data) for brd_adc
    gpio.o(.text) refers to stm32f4xx_rcc.o(.text) for RCC_AHB1PeriphClockCmd
    gpio.o(.text) refers to stm32f4xx_gpio.o(.text) for GPIO_Init
    timer.o(.text) refers to stm32f4xx_rcc.o(.text) for RCC_APB1PeriphClockCmd
    timer.o(.text) refers to stm32f4xx_tim.o(.text) for TIM_TimeBaseInit
    timer.o(.text) refers to misc.o(.text) for NVIC_Init
    timer.o(.text) refers to timer.o(.data) for timer2_count
    periph_i2c.o(.text) refers to stm32f4xx_gpio.o(.text) for GPIO_WriteBit
    periph_i2c.o(.text) refers to stm32f4xx_rcc.o(.text) for RCC_APB1PeriphClockCmd
    periph_i2c.o(.text) refers to stm32f4xx_i2c.o(.text) for I2C_SoftwareResetCmd
    periph_i2c.o(.text) refers to misc.o(.text) for NVIC_Init
    periph_i2c.o(.text) refers to delay.o(.text) for delay_ms
    periph_i2c.o(.text) refers to gpio_app.o(.text) for gpio_setting
    periph_i2c.o(.text) refers to ringbuffer_u8.o(.text) for u8_ring_buffer_init
    periph_i2c.o(.text) refers to segger_rtt_printf.o(.text) for SEGGER_RTT_printf
    periph_i2c.o(.text) refers to periph_i2c.o(.data) for i2c1_int
    periph_i2c.o(.text) refers to myiic.o(.text) for iic_start
    periph_i2c.o(.text) refers to rt_memclr_w.o(.text) for __aeabi_memclr4
    periph_i2c.o(.text) refers to rt_memcpy_v6.o(.text) for __aeabi_memcpy
    periph_i2c.o(.text) refers to softtimer.o(.text) for softtimer_start
    periph_i2c.o(.text) refers to periph_i2c.o(.bss) for i2c_test_timer
    periph_i2c.o(.data) refers to periph_i2c.o(.text) for IPMI_I2C1_EN_opt
    gpio_app.o(.text) refers to stm32f4xx_gpio.o(.text) for GPIO_WriteBit
    gpio_app.o(.text) refers to segger_rtt_printf.o(.text) for SEGGER_RTT_printf
    gpio_app.o(.text) refers to gpio_app.o(.data) for app_LED1
[...]
    TIM_GetPrescaler                         0x08001c9b   Thumb Code     6  stm32f4xx_tim.o(.text)
    TIM_UpdateDisableConfig                  0x08001ca1   Thumb Code    24  stm32f4xx_tim.o(.text)
    TIM_UpdateRequestConfig                  0x08001cb9   Thumb Code    24  stm32f4xx_tim.o(.text)
    TIM_ARRPreloadConfig                     0x08001cd1   Thumb Code    24  stm32f4xx_tim.o(.text)
    TIM_SelectOnePulseMode                   0x08001ce9   Thumb Code    18  stm32f4xx_tim.o(.text)
    TIM_SetClockDivision                     0x08001cfb   Thumb Code    18  stm32f4xx_tim.o(.text)
    TIM_Cmd                                  0x08001d0d   Thumb Code    24  stm32f4xx_tim.o(.text)
    TIM_OC1Init                              0x08001d25   Thumb Code   114  stm32f4xx_tim.o(.text)
    TIM_OC2Init                              0x08001d97   Thumb Code   154  stm32f4xx_tim.o(.text)
    TIM_OC3Init                              0x08001e31   Thumb Code   204  stm32f4xx_tim.o(.text)
    TIM_OC4Init                              0x08001efd   Thumb Code   112  stm32f4xx_tim.o(.text)
    TIM_OCStructInit                         0x08001f6d   Thumb Code    20  stm32f4xx_tim.o(.text)
    TIM_SelectOCxM                           0x08001f81   Thumb Code    86  stm32f4xx_tim.o(.text)
    TIM_SetCompare1                          0x08001fd7   Thumb Code     4  stm32f4xx_tim.o(.text)
    TIM_SetCompare2                          0x08001fdb   Thumb Code     4  stm32f4xx_tim.o(.text)
    TIM_SetCompare3                          0x08001fdf   Thumb Code     4  stm32f4xx_tim.o(.text)
    TIM_SetCompare4                          0x08001fe3   Thumb Code     4  stm32f4xx_tim.o(.text)
    TIM_ForcedOC1Config                      0x08001fe7   Thumb Code    18  stm32f4xx_tim.o(.text)
    TIM_ForcedOC2Config                      0x08001ff9   Thumb Code    26  stm32f4xx_tim.o(.text)
    TIM_ForcedOC3Config                      0x08002013   Thumb Code    18  stm32f4xx_tim.o(.text)
    TIM_ForcedOC4Config                      0x08002025   Thumb Code    26  stm32f4xx_tim.o(.text)
    TIM_OC1PreloadConfig                     0x0800203f   Thumb Code    18  stm32f4xx_tim.o(.text)
    TIM_OC2PreloadConfig                     0x08002051   Thumb Code    26  stm32f4xx_tim.o(.text)
    TIM_OC3PreloadConfig                     0x0800206b   Thumb Code    18  stm32f4xx_tim.o(.text)
    TIM_OC4PreloadConfig                     0x0800207d   Thumb Code    26  stm32f4xx_tim.o(.text)
    TIM_OC1FastConfig                        0x08002097   Thumb Code    18  stm32f4xx_tim.o(.text)
    TIM_OC2FastConfig                        0x080020a9   Thumb Code    26  stm32f4xx_tim.o(.text)
    TIM_OC3FastConfig                        0x080020c3   Thumb Code    18  stm32f4xx_tim.o(.text)
    TIM_OC4FastConfig                        0x080020d5   Thumb Code    26  stm32f4xx_tim.o(.text)
    TIM_ClearOC1Ref                          0x080020ef   Thumb Code    18  stm32f4xx_tim.o(.text)
    TIM_ClearOC2Ref                          0x08002101   Thumb Code    24  stm32f4xx_tim.o(.text)
    TIM_ClearOC3Ref                          0x08002119   Thumb Code    18  stm32f4xx_tim.o(.text)
    TIM_ClearOC4Ref                          0x0800212b   Thumb Code    24  stm32f4xx_tim.o(.text)
    TIM_OC1PolarityConfig                    0x08002143   Thumb Code    18  stm32f4xx_tim.o(.text)
    TIM_OC1NPolarityConfig                   0x08002155   Thumb Code    18  stm32f4xx_tim.o(.text)
    TIM_OC2PolarityConfig                    0x08002167   Thumb Code    26  stm32f4xx_tim.o(.text)
    TIM_OC2NPolarityConfig                   0x08002181   Thumb Code    26  stm32f4xx_tim.o(.text)
    TIM_OC3PolarityConfig                    0x0800219b   Thumb Code    26  stm32f4xx_tim.o(.text)
    TIM_OC3NPolarityConfig                   0x080021b5   Thumb Code    26  stm32f4xx_tim.o(.text)
    TIM_OC4PolarityConfig                    0x080021cf   Thumb Code    26  stm32f4xx_tim.o(.text)
    TIM_CCxCmd                               0x080021e9   Thumb Code    30  stm32f4xx_tim.o(.text)
    TIM_CCxNCmd                              0x08002207   Thumb Code    30  stm32f4xx_tim.o(.text)
    TIM_SetIC4Prescaler                      0x08002225   Thumb Code    26  stm32f4xx_tim.o(.text)
    TIM_SetIC3Prescaler                      0x0800228f   Thumb Code    18  stm32f4xx_tim.o(.text)
    TIM_SetIC2Prescaler                      0x080022e9   Thumb Code    26  stm32f4xx_tim.o(.text)
    TIM_SetIC1Prescaler                      0x0800235d   Thumb Code    18  stm32f4xx_tim.o(.text)
    TIM_ICInit                               0x080023a9   Thumb Code   110  stm32f4xx_tim.o(.text)
    TIM_ICStructInit                         0x08002417   Thumb Code    18  stm32f4xx_tim.o(.text)
    TIM_PWMIConfig                           0x08002429   Thumb Code   124  stm32f4xx_tim.o(.text)
    TIM_GetCapture1                          0x080024a5   Thumb Code     6  stm32f4xx_tim.o(.text)
    TIM_GetCapture2                          0x080024ab   Thumb Code     6  stm32f4xx_tim.o(.text)
    TIM_GetCapture3                          0x080024b1   Thumb Code     6  stm32f4xx_tim.o(.text)
    TIM_GetCapture4                          0x080024b7   Thumb Code     6  stm32f4xx_tim.o(.text)
    TIM_BDTRConfig                           0x080024bd   Thumb Code    32  stm32f4xx_tim.o(.text)
    TIM_BDTRStructInit                       0x080024dd   Thumb Code    18  stm32f4xx_tim.o(.text)
    TIM_CtrlPWMOutputs                       0x080024ef   Thumb Code    30  stm32f4xx_tim.o(.text)
    TIM_SelectCOM                            0x0800250d   Thumb Code    24  stm32f4xx_tim.o(.text)
    TIM_CCPreloadControl                     0x08002525   Thumb Code    24  stm32f4xx_tim.o(.text)
    TIM_ITConfig                             0x0800253d   Thumb Code    18  stm32f4xx_tim.o(.text)
    TIM_GenerateEvent                        0x0800254f   Thumb Code     4  stm32f4xx_tim.o(.text)
    TIM_GetFlagStatus                        0x08002553   Thumb Code    18  stm32f4xx_tim.o(.text)
    TIM_ClearFlag                            0x08002565   Thumb Code     6  stm32f4xx_tim.o(.text)
    TIM_GetITStatus                          0x0800256b   Thumb Code    34  stm32f4xx_tim.o(.text)
    TIM_ClearITPendingBit                    0x0800258d   Thumb Code     6  stm32f4xx_tim.o(.text)
    TIM_DMAConfig                            0x08002593   Thumb Code    10  stm32f4xx_tim.o(.text)
    TIM_DMACmd                               0x0800259d   Thumb Code    18  stm32f4xx_tim.o(.text)
    TIM_SelectCCDMA                          0x080025af   Thumb Code    24  stm32f4xx_tim.o(.text)
    TIM_InternalClockConfig                  0x080025c7   Thumb Code    12  stm32f4xx_tim.o(.text)
    TIM_SelectInputTrigger                   0x080025d3   Thumb Code    18  stm32f4xx_tim.o(.text)
    TIM_ITRxExternalClockConfig              0x080025e5   Thumb Code    24  stm32f4xx_tim.o(.text)
    TIM_TIxExternalClockConfig               0x080025fd   Thumb Code    62  stm32f4xx_tim.o(.text)
    TIM_ETRConfig                            0x0800263b   Thumb Code    28  stm32f4xx_tim.o(.text)
    TIM_ETRClockMode1Config                  0x08002657   Thumb Code    54  stm32f4xx_tim.o(.text)
    TIM_ETRClockMode2Config                  0x0800268d   Thumb Code    32  stm32f4xx_tim.o(.text)
    TIM_SelectOutputTrigger                  0x080026ad   Thumb Code    18  stm32f4xx_tim.o(.text)
    TIM_SelectSlaveMode                      0x080026bf   Thumb Code    18  stm32f4xx_tim.o(.text)
    TIM_SelectMasterSlaveMode                0x080026d1   Thumb Code    18  stm32f4xx_tim.o(.text)
    TIM_EncoderInterfaceConfig               0x080026e3   Thumb Code    66  stm32f4xx_tim.o(.text)
    TIM_SelectHallSensor                     0x08002725   Thumb Code    24  stm32f4xx_tim.o(.text)
    TIM_RemapConfig                          0x0800273d   Thumb Code     6  stm32f4xx_tim.o(.text)
    USART_DeInit                             0x08002745   Thumb Code   206  stm32f4xx_usart.o(.text)
    USART_Init                               0x08002813   Thumb Code   204  stm32f4xx_usart.o(.text)
    USART_StructInit                         0x080028df   Thumb Code    24  stm32f4xx_usart.o(.text)
    USART_ClockInit                          0x080028f7   Thumb Code    32  stm32f4xx_usart.o(.text)
    USART_ClockStructInit                    0x08002917   Thumb Code    12  stm32f4xx_usart.o(.text)
    USART_Cmd                                0x08002923   Thumb Code    24  stm32f4xx_usart.o(.text)
    USART_SetPrescaler                       0x0800293b   Thumb Code    16  stm32f4xx_usart.o(.text)
    USART_OverSampling8Cmd                   0x0800294b   Thumb Code    22  stm32f4xx_usart.o(.text)
    USART_OneBitMethodCmd                    0x08002961   Thumb Code    24  stm32f4xx_usart.o(.text)
    USART_SendData                           0x08002979   Thumb Code     8  stm32f4xx_usart.o(.text)
    USART_ReceiveData                        0x08002981   Thumb Code    10  stm32f4xx_usart.o(.text)
    USART_SetAddress                         0x0800298b   Thumb Code    18  stm32f4xx_usart.o(.text)
    USART_ReceiverWakeUpCmd                  0x0800299d   Thumb Code    24  stm32f4xx_usart.o(.text)
    USART_WakeUpConfig                       0x080029b5   Thumb Code    18  stm32f4xx_usart.o(.text)
    USART_LINBreakDetectLengthConfig         0x080029c7   Thumb Code    18  stm32f4xx_usart.o(.text)
    USART_LINCmd                             0x080029d9   Thumb Code    24  stm32f4xx_usart.o(.text)
    USART_SendBreak                          0x080029f1   Thumb Code    10  stm32f4xx_usart.o(.text)
    USART_HalfDuplexCmd                      0x080029fb   Thumb Code    24  stm32f4xx_usart.o(.text)
    USART_SetGuardTime                       0x08002a13   Thumb Code    16  stm32f4xx_usart.o(.text)
    USART_SmartCardCmd                       0x08002a23   Thumb Code    24  stm32f4xx_usart.o(.text)
    USART_SmartCardNACKCmd                   0x08002a3b   Thumb Code    24  stm32f4xx_usart.o(.text)
    USART_IrDAConfig                         0x08002a53   Thumb Code    18  stm32f4xx_usart.o(.text)
    USART_IrDACmd                            0x08002a65   Thumb Code    24  stm32f4xx_usart.o(.text)
    USART_DMACmd                             0x08002a7d   Thumb Code    18  stm32f4xx_usart.o(.text)
    USART_ITConfig                           0x08002a8f   Thumb Code    74  stm32f4xx_usart.o(.text)
    USART_GetFlagStatus                      0x08002ad9   Thumb Code    26  stm32f4xx_usart.o(.text)
    USART_ClearFlag                          0x08002af3   Thumb Code    18  stm32f4xx_usart.o(.text)
    USART_GetITStatus                        0x08002b05   Thumb Code   118  stm32f4xx_usart.o(.text)
    USART_ClearITPendingBit                  0x08002b7b   Thumb Code    30  stm32f4xx_usart.o(.text)
    DMA_DeInit                               0x08002b99   Thumb Code   324  stm32f4xx_dma.o(.text)
    DMA_Init                                 0x08002cdd   Thumb Code    82  stm32f4xx_dma.o(.text)
    DMA_StructInit                           0x08002d2f   Thumb Code    34  stm32f4xx_dma.o(.text)
    DMA_Cmd                                  0x08002d51   Thumb Code    22  stm32f4xx_dma.o(.text)
    DMA_PeriphIncOffsetSizeConfig            0x08002d67   Thumb Code    22  stm32f4xx_dma.o(.text)
    DMA_FlowControllerConfig                 0x08002d7d   Thumb Code    22  stm32f4xx_dma.o(.text)
    DMA_SetCurrDataCounter                   0x08002d93   Thumb Code     4  stm32f4xx_dma.o(.text)
    DMA_GetCurrDataCounter                   0x08002d97   Thumb Code     8  stm32f4xx_dma.o(.text)
    DMA_DoubleBufferModeConfig               0x08002d9f   Thumb Code    24  stm32f4xx_dma.o(.text)
    DMA_DoubleBufferModeCmd                  0x08002db7   Thumb Code    22  stm32f4xx_dma.o(.text)
    DMA_MemoryTargetConfig                   0x08002dcd   Thumb Code    10  stm32f4xx_dma.o(.text)
    DMA_GetCurrentMemoryTarget               0x08002dd7   Thumb Code    20  stm32f4xx_dma.o(.text)
    DMA_GetCmdStatus                         0x08002deb   Thumb Code    20  stm32f4xx_dma.o(.text)
    DMA_GetFIFOStatus                        0x08002dff   Thumb Code    12  stm32f4xx_dma.o(.text)
    DMA_GetFlagStatus                        0x08002e0b   Thumb Code    56  stm32f4xx_dma.o(.text)
    DMA_ClearFlag                            0x08002e43   Thumb Code    40  stm32f4xx_dma.o(.text)
    DMA_ITConfig                             0x08002e6b   Thumb Code    58  stm32f4xx_dma.o(.text)
    DMA_GetITStatus                          0x08002ea5   Thumb Code    84  stm32f4xx_dma.o(.text)
    DMA_ClearITPendingBit                    0x08002ef9   Thumb Code    40  stm32f4xx_dma.o(.text)
    iic_start                                0x08002f4b   Thumb Code    74  myiic.o(.text)
    iic_stop                                 0x08002f95   Thumb Code    60  myiic.o(.text)
    iic_wait_ack                             0x08002fd1   Thumb Code   100  myiic.o(.text)
    iic_ack                                  0x08003035   Thumb Code    78  myiic.o(.text)
    iic_nack                                 0x08003083   Thumb Code    60  myiic.o(.text)
    iic_send_byte                            0x080030bf   Thumb Code   104  myiic.o(.text)
    iic_read_byte                            0x08003127   Thumb Code    98  myiic.o(.text)
    adc_init                                 0x08003189   Thumb Code   330  adc.o(.text)
    adcval_get                               0x080032d3   Thumb Code    52  adc.o(.text)
    ReadADCAverageValue                      0x08003307   Thumb Code    44  adc.o(.text)
    board_voltage_get                        0x08003333   Thumb Code   866  adc.o(.text)
    led_init                                 0x08003709   Thumb Code    60  gpio.o(.text)
    vpx_slotaddr_init                        0x08003745   Thumb Code    44  gpio.o(.text)
    i2c_en_ready_init                        0x08003771   Thumb Code    94  gpio.o(.text)
    sys_reset_init                           0x080037cf   Thumb Code    44  gpio.o(.text)
    xc388_en_init                            0x080037fb   Thumb Code    56  gpio.o(.text)
    xc4001_ctrl_init                         0x08003833   Thumb Code    86  gpio.o(.text)
    timer2_int_init                          0x08003895   Thumb Code    90  timer.o(.text)
    TIM2_IRQHandler                          0x080038ef   Thumb Code    42  timer.o(.text)
    timer_getms_count                        0x08003919   Thumb Code     8  timer.o(.text)
    diffTimer                                0x08003921   Thumb Code    22  timer.o(.text)
    IPMI_I2C1_EN_opt                         0x0800393d   Thumb Code    32  periph_i2c.o(.text)
    IPMI_I2C2_EN_opt                         0x0800395d   Thumb Code    32  periph_i2c.o(.text)
    IPMI_I2C1_READY_opt                      0x0800397d   Thumb Code    22  periph_i2c.o(.text)
    IPMI_I2C2_READY_opt                      0x08003993   Thumb Code    22  periph_i2c.o(.text)
    i2c1_master_init                         0x080039a9   Thumb Code   284  periph_i2c.o(.text)
    i2c2_master_init                         0x08003ac5   Thumb Code   286  periph_i2c.o(.text)
    i2c_all_init                             0x08003ca3   Thumb Code   120  periph_i2c.o(.text)
    I2C_TIMEOUT_UserCallback                 0x08003d1b   Thumb Code   124  periph_i2c.o(.text)
    i2c_master_send_bytes                    0x08003d97   Thumb Code   314  periph_i2c.o(.text)
    gpioi2c_send_bytes                       0x08003ed1   Thumb Code   110  periph_i2c.o(.text)
    gpioi2c_read_bytes                       0x08003f3f   Thumb Code   172  periph_i2c.o(.text)
    i2c_slave_send_bytes                     0x08003feb   Thumb Code    78  periph_i2c.o(.text)
    i2c_master_event_irq_handler             0x08004039   Thumb Code   434  periph_i2c.o(.text)
    i2c_slave_event_irq_handler              0x080041eb   Thumb Code   224  periph_i2c.o(.text)
    I2C1_EV_IRQHandler                       0x08004505   Thumb Code    10  periph_i2c.o(.text)
    I2C1_ER_IRQHandler                       0x0800450f   Thumb Code    62  periph_i2c.o(.text)
    I2C2_EV_IRQHandler                       0x0800454d   Thumb Code    10  periph_i2c.o(.text)
    I2C2_ER_IRQHandler                       0x08004557   Thumb Code    44  periph_i2c.o(.text)
    clear_I2C_recvie                         0x08004583   Thumb Code   172  periph_i2c.o(.text)
    i2c_test_callback                        0x0800462f   Thumb Code    42  periph_i2c.o(.text)
    periph_i2c_test                          0x08004659   Thumb Code    42  periph_i2c.o(.text)
    LED1_opt                                 0x080046a1   Thumb Code    34  gpio_app.o(.text)
    VPX_GA0_opt                              0x080046c3   Thumb Code    22  gpio_app.o(.text)
    VPX_GA1_opt                              0x080046d9   Thumb Code    22  gpio_app.o(.text)
    VPX_GA2_opt                              0x080046ef   Thumb Code    24  gpio_app.o(.text)
    VPX_GA3_opt                              0x08004707   Thumb Code    24  gpio_app.o(.text)
    VPX_GA4_opt                              0x0800471f   Thumb Code    24  gpio_app.o(.text)
    VPX_GAP_opt                              0x08004737   Thumb Code    24  gpio_app.o(.text)
    gpio_setting                             0x0800474f   Thumb Code    20  gpio_app.o(.text)
    gpio_getting                             0x08004763   Thumb Code    20  gpio_app.o(.text)
    blink_led_set                            0x08004777   Thumb Code    14  gpio_app.o(.text)
    local_address_get                        0x08004785   Thumb Code   112  gpio_app.o(.text)
    gx21m15_rawtotemp                        0x08004819   Thumb Code   110  gx21m15.o(.text)
    gx21m15_tempreture_get                   0x08004887   Thumb Code   488  gx21m15.o(.text)
    gx21m15_temp_avg                         0x08004a6f   Thumb Code    52  gx21m15.o(.text)
    myDMA_enable                             0x08004afd   Thumb Code    44  spi.o(.text)
    SPI1_DMA_Init                            0x08004b29   Thumb Code   110  spi.o(.text)
    SPI1_Init                                0x08004b97   Thumb Code   240  spi.o(.text)
    SPI1_SetSpeed                            0x08004c87   Thumb Code    42  spi.o(.text)
    IWDG_Init                                0x08004cc1   Thumb Code    36  iwdg.o(.text)
    IWDG_Feed                                0x08004ce5   Thumb Code     8  iwdg.o(.text)
    delay_init                               0x08004ced   Thumb Code    52  delay.o(.text)
    delay_us                                 0x08004d21   Thumb Code    72  delay.o(.text)
    delay_xms                                0x08004d69   Thumb Code    72  delay.o(.text)
    delay_ms                                 0x08004db1   Thumb Code    56  delay.o(.text)
    _sys_exit                                0x08004df1   Thumb Code     4  usart.o(.text)
    fputc                                    0x08004df5   Thumb Code    30  usart.o(.text)
    usart1_init                              0x08004e13   Thumb Code   172  usart.o(.text)
    uart4_init                               0x08004ebf   Thumb Code   140  usart.o(.text)
    uart3_init                               0x08004f4b   Thumb Code   138  usart.o(.text)
    USART1_IRQHandler                        0x08004fd5   Thumb Code    24  usart.o(.text)
    abnormal_init                            0x08004ffd   Thumb Code    34  main.o(.text)
    main                                     0x0800501f   Thumb Code   160  main.o(.text)
    NMI_Handler                              0x08005119   Thumb Code     2  stm32f4xx_it.o(.text)
    HardFault_Handler                        0x0800511b   Thumb Code     4  stm32f4xx_it.o(.text)
    MemManage_Handler                        0x0800511f   Thumb Code     4  stm32f4xx_it.o(.text)
    BusFault_Handler                         0x08005123   Thumb Code     4  stm32f4xx_it.o(.text)
    UsageFault_Handler                       0x08005127   Thumb Code     4  stm32f4xx_it.o(.text)
    SVC_Handler                              0x0800512b   Thumb Code     2  stm32f4xx_it.o(.text)
    DebugMon_Handler                         0x0800512d   Thumb Code     2  stm32f4xx_it.o(.text)
    PendSV_Handler                           0x0800512f   Thumb Code     2  stm32f4xx_it.o(.text)
    SysTick_Handler                          0x08005131   Thumb Code     2  stm32f4xx_it.o(.text)
    SystemInit                               0x08005211   Thumb Code    88  system_stm32f4xx.o(.text)
    SystemCoreClockUpdate                    0x08005269   Thumb Code   174  system_stm32f4xx.o(.text)
    check_recvsum                            0x08005345   Thumb Code    32  ipmi_protocol.o(.text)
    check_transmitsum                        0x08005365   Thumb Code    30  ipmi_protocol.o(.text)
    XC388_EN_opt                             0x0800540d   Thumb Code    32  ipmi_protocol.o(.text)
    ipmi_sensortimer_stop                    0x08006a19   Thumb Code    14  ipmi_protocol.o(.text)
    do_cmd_dispatch                          0x08006a27   Thumb Code   432  ipmi_protocol.o(.text)
    ipmi_recv_deal                           0x08006bd7   Thumb Code   246  ipmi_protocol.o(.text)
    do_reqcmd14                              0x08006ccd   Thumb Code   100  ipmi_protocol.o(.text)
    do_reqcmd15                              0x08006d31   Thumb Code   100  ipmi_protocol.o(.text)
    do_reqcmd16                              0x08006d95   Thumb Code    90  ipmi_protocol.o(.text)
    do_reqcmd17                              0x08006def   Thumb Code   108  ipmi_protocol.o(.text)
    do_reqcmd18                              0x08006e5b   Thumb Code    84  ipmi_protocol.o(.text)
    do_reqcmd19                              0x08006eaf   Thumb Code    84  ipmi_protocol.o(.text)
    do_reqcmd20                              0x08006f03   Thumb Code    80  ipmi_protocol.o(.text)
    do_reqcmd2d                              0x08006f53   Thumb Code   170  ipmi_protocol.o(.text)
    ipmi_sensordata_callback                 0x08006ffd   Thumb Code    10  ipmi_protocol.o(.text)
    ipmi_sensortimer_start                   0x08007007   Thumb Code    28  ipmi_protocol.o(.text)
    ipmi_sensordata_get_loop                 0x08007023   Thumb Code   406  ipmi_protocol.o(.text)
    board_tempreture_find                    0x080071b9   Thumb Code   172  ipmi_protocol.o(.text)
    fan_auto_setting_loop                    0x08007265   Thumb Code   336  ipmi_protocol.o(.text)
    ipmi_abnormal_data_get_loop              0x080073b5   Thumb Code   498  ipmi_protocol.o(.text)
    sysmon_abnormal_timer_start              0x080075a7   Thumb Code    22  ipmi_protocol.o(.text)
    sysmon_abnormal_callback                 0x080075bd   Thumb Code    30  ipmi_protocol.o(.text)
    ipmi_protocol_init                       0x080075db   Thumb Code   140  ipmi_protocol.o(.text)
    ipmi_handler_update                      0x08007667   Thumb Code     6  ipmi_protocol.o(.text)
    ipmi_loop                                0x0800766d   Thumb Code   314  ipmi_protocol.o(.text)
    reset_ipmi_index                         0x080077a7   Thumb Code    20  ipmi_protocol.o(.text)
    SPI1_IRQHandler                          0x0800781d   Thumb Code   194  spi_protocol.o(.text)
    respcmd12_data_set                       0x080079d1   Thumb Code    30  spi_protocol.o(.text)
    respcmd11_data_set                       0x080079ef   Thumb Code  4312  spi_protocol.o(.text)
    cmd22TimeOut_callback3                   0x0800987f   Thumb Code    24  spi_protocol.o(.text)
    cmd22_runing_start3                      0x08009897   Thumb Code    30  spi_protocol.o(.text)
    cmd22TimeOut_callback                    0x080098b5   Thumb Code    24  spi_protocol.o(.text)
    cmd22_runing_start                       0x080098cd   Thumb Code    30  spi_protocol.o(.text)
    cmd22_stop                               0x080098eb   Thumb Code    10  spi_protocol.o(.text)
    cmd22TimeOut_callback2                   0x080098f5   Thumb Code    32  spi_protocol.o(.text)
    cmd22_runing_start2                      0x08009915   Thumb Code    24  spi_protocol.o(.text)
    cmd22_stop2                              0x0800992d   Thumb Code    10  spi_protocol.o(.text)
    cmd22_stop3                              0x08009937   Thumb Code    10  spi_protocol.o(.text)
    do_respcmd13_transmit                    0x08009c7f   Thumb Code    72  spi_protocol.o(.text)
    do_respcmd22_transmit                    0x08009cc7   Thumb Code   332  spi_protocol.o(.text)
    do_respcmd25_transmit                    0x08009e13   Thumb Code    74  spi_protocol.o(.text)
    do_spicmd_dispatch                       0x08009e5d   Thumb Code   470  spi_protocol.o(.text)
    spi_protocol_init                        0x0800a101   Thumb Code    68  spi_protocol.o(.text)
    spi_protocol_close                       0x0800a145   Thumb Code    32  spi_protocol.o(.text)
    spi_protocol_loop                        0x0800a165   Thumb Code    16  spi_protocol.o(.text)
    wjq_free_t                               0x0800a20d   Thumb Code   130  alloc.o(.text)
    wjq_malloc_t                             0x0800a28f   Thumb Code   194  alloc.o(.text)
    wjq_malloc_m                             0x0800a351   Thumb Code    16  alloc.o(.text)
    wjq_free_m                               0x0800a361   Thumb Code    18  alloc.o(.text)
    wjq_calloc                               0x0800a373   Thumb Code    32  alloc.o(.text)
    wjq_realloc                              0x0800a393   Thumb Code    92  alloc.o(.text)
    wjq_malloc_test                          0x0800a3ef   Thumb Code   138  alloc.o(.text)
    MultiTimerInstall                        0x0800a4fd   Thumb Code    10  multitimer.o(.text)
    MultiTimerStart                          0x0800a507   Thumb Code   128  multitimer.o(.text)
    MultiTimerStop                           0x0800a587   Thumb Code    32  multitimer.o(.text)
    MultiTimerYield                          0x0800a5a7   Thumb Code    64  multitimer.o(.text)
    PlatformTicksGetFunc                     0x0800a5f1   Thumb Code     8  softtimer.o(.text)
    softtimer_start                          0x0800a5f9   Thumb Code    40  softtimer.o(.text)
    softtimer_stop                           0x0800a621   Thumb Code    18  softtimer.o(.text)
    blink_timer_start                        0x0800a633   Thumb Code    22  softtimer.o(.text)
    blinkled_callback                        0x0800a649   Thumb Code    50  softtimer.o(.text)
    system_monitor_timer_start               0x0800a67b   Thumb Code    22  softtimer.o(.text)
    system_monitor_callback                  0x0800a691   Thumb Code    30  softtimer.o(.text)
    system_fan_setting_timer_start           0x0800a6af   Thumb Code    22  softtimer.o(.text)
    system_fan_setting_callback              0x0800a6c5   Thumb Code    22  softtimer.o(.text)
    cmd11orcmd12_runing_start1               0x0800a6db   Thumb Code    22  softtimer.o(.text)
    cmd11orcmd12_callback1                   0x0800a6f1   Thumb Code    46  softtimer.o(.text)
    softtimer_init                           0x0800a71f   Thumb Code    26  softtimer.o(.text)
    softtimer_loop                           0x0800a739   Thumb Code    12  softtimer.o(.text)
    u8_ring_buffer_init                      0x0800a779   Thumb Code    14  ringbuffer_u8.o(.text)
    u8_ring_buffer_queue                     0x0800a787   Thumb Code    42  ringbuffer_u8.o(.text)
    u8_ring_buffer_queue_arr                 0x0800a7b1   Thumb Code    32  ringbuffer_u8.o(.text)
    u8_ring_buffer_dequeue                   0x0800a7d1   Thumb Code    40  ringbuffer_u8.o(.text)
    u8_ring_buffer_dequeue_arr               0x0800a7f9   Thumb Code    54  ringbuffer_u8.o(.text)
    u8_ring_buffer_peek                      0x0800a82f   Thumb Code    46  ringbuffer_u8.o(.text)
    elog_output_unlock                       0x0800a89f   Thumb Code    40  elog.o(.text)
    elog_output_lock                         0x0800a923   Thumb Code    40  elog.o(.text)
    elog_get_filter_tag_lvl                  0x0800a94b   Thumb Code   170  elog.o(.text)
    elog_output                              0x0800a9f5   Thumb Code   938  elog.o(.text)
    elog_set_filter_lvl                      0x0800ad9f   Thumb Code    86  elog.o(.text)
    elog_output_lock_enabled                 0x0800adf5   Thumb Code    60  elog.o(.text)
    elog_init                                0x0800ae31   Thumb Code    70  elog.o(.text)
    elog_deinit                              0x0800ae77   Thumb Code    28  elog.o(.text)
    elog_set_output_enabled                  0x0800ae93   Thumb Code    88  elog.o(.text)
    elog_start                               0x0800aeeb   Thumb Code    50  elog.o(.text)
    elog_stop                                0x0800af1d   Thumb Code    52  elog.o(.text)
    elog_get_output_enabled                  0x0800af51   Thumb Code     8  elog.o(.text)
    elog_set_fmt                             0x0800af59   Thumb Code    92  elog.o(.text)
    elog_set_filter_kw                       0x0800afb5   Thumb Code    18  elog.o(.text)
    elog_set_filter_tag                      0x0800afc7   Thumb Code    18  elog.o(.text)
    elog_set_filter                          0x0800afd9   Thumb Code   104  elog.o(.text)
    elog_set_filter_tag_lvl                  0x0800b041   Thumb Code   578  elog.o(.text)
    elog_raw                                 0x0800b283   Thumb Code    84  elog.o(.text)
    elog_assert_set_hook                     0x0800b2d7   Thumb Code     6  elog.o(.text)
    elog_find_lvl                            0x0800b2dd   Thumb Code   616  elog.o(.text)
    elog_find_tag                            0x0800b545   Thumb Code   700  elog.o(.text)
    elog_hexdump                             0x0800b801   Thumb Code   352  elog.o(.text)
    elog_port_init                           0x0800b9e9   Thumb Code     4  elog_port.o(.text)
    elog_port_deinit                         0x0800b9ed   Thumb Code     2  elog_port.o(.text)
    elog_port_output                         0x0800b9ef   Thumb Code    18  elog_port.o(.text)
    elog_port_output_lock                    0x0800ba01   Thumb Code     2  elog_port.o(.text)
    elog_port_output_unlock                  0x0800ba03   Thumb Code     2  elog_port.o(.text)
    elog_port_get_time                       0x0800ba05   Thumb Code     4  elog_port.o(.text)
    elog_port_get_p_info                     0x0800ba09   Thumb Code     4  elog_port.o(.text)
    elog_port_get_t_info                     0x0800ba0d   Thumb Code     4  elog_port.o(.text)
    elog_strcpy                              0x0800ba29   Thumb Code   160  elog_utils.o(.text)
    elog_cpyln                               0x0800bac9   Thumb Code   178  elog_utils.o(.text)
    elog_memcpy                              0x0800bb7b   Thumb Code   156  elog_utils.o(.text)
    SEGGER_RTT_ReadUpBufferNoLock            0x0800bdf1   Thumb Code   166  segger_rtt.o(.text)
    SEGGER_RTT_ReadNoLock                    0x0800be97   Thumb Code   166  segger_rtt.o(.text)
    SEGGER_RTT_ReadUpBuffer                  0x0800bf3d   Thumb Code    56  segger_rtt.o(.text)
    SEGGER_RTT_Read                          0x0800bf75   Thumb Code    56  segger_rtt.o(.text)
    SEGGER_RTT_WriteWithOverwriteNoLock      0x0800bfad   Thumb Code   176  segger_rtt.o(.text)
    SEGGER_RTT_WriteSkipNoLock               0x0800c05d   Thumb Code   190  segger_rtt.o(.text)
    SEGGER_RTT_WriteDownBufferNoLock         0x0800c11b   Thumb Code   126  segger_rtt.o(.text)
    SEGGER_RTT_WriteNoLock                   0x0800c199   Thumb Code   128  segger_rtt.o(.text)
    SEGGER_RTT_WriteDownBuffer               0x0800c219   Thumb Code    72  segger_rtt.o(.text)
    SEGGER_RTT_Write                         0x0800c261   Thumb Code    72  segger_rtt.o(.text)
    SEGGER_RTT_WriteString                   0x0800c2a9   Thumb Code    26  segger_rtt.o(.text)
    SEGGER_RTT_PutCharSkipNoLock             0x0800c2c3   Thumb Code    54  segger_rtt.o(.text)
    SEGGER_RTT_PutCharSkip                   0x0800c2f9   Thumb Code   114  segger_rtt.o(.text)
    SEGGER_RTT_PutChar                       0x0800c36b   Thumb Code   128  segger_rtt.o(.text)
    SEGGER_RTT_GetKey                        0x0800c3eb   Thumb Code    32  segger_rtt.o(.text)
    SEGGER_RTT_WaitKey                       0x0800c40b   Thumb Code    14  segger_rtt.o(.text)
    SEGGER_RTT_HasKey                        0x0800c419   Thumb Code    44  segger_rtt.o(.text)
    SEGGER_RTT_HasData                       0x0800c445   Thumb Code    22  segger_rtt.o(.text)
    SEGGER_RTT_HasDataUp                     0x0800c45b   Thumb Code    24  segger_rtt.o(.text)
    SEGGER_RTT_AllocDownBuffer               0x0800c473   Thumb Code   208  segger_rtt.o(.text)
    SEGGER_RTT_AllocUpBuffer                 0x0800c543   Thumb Code   194  segger_rtt.o(.text)
    SEGGER_RTT_ConfigUpBuffer                0x0800c605   Thumb Code   114  segger_rtt.o(.text)
    SEGGER_RTT_ConfigDownBuffer              0x0800c677   Thumb Code   114  segger_rtt.o(.text)
    SEGGER_RTT_SetNameUpBuffer               0x0800c6e9   Thumb Code    90  segger_rtt.o(.text)
    SEGGER_RTT_SetNameDownBuffer             0x0800c743   Thumb Code    90  segger_rtt.o(.text)
    SEGGER_RTT_SetFlagsUpBuffer              0x0800c79d   Thumb Code    90  segger_rtt.o(.text)
    SEGGER_RTT_SetFlagsDownBuffer            0x0800c7f7   Thumb Code    90  segger_rtt.o(.text)
    SEGGER_RTT_Init                          0x0800c851   Thumb Code     8  segger_rtt.o(.text)
    SEGGER_RTT_SetTerminal                   0x0800c859   Thumb Code   148  segger_rtt.o(.text)
    SEGGER_RTT_TerminalOut                   0x0800c8ed   Thumb Code   268  segger_rtt.o(.text)
    SEGGER_RTT_GetAvailWriteSpace            0x0800c9f9   Thumb Code    22  segger_rtt.o(.text)
    SEGGER_RTT_GetBytesInBuffer              0x0800ca0f   Thumb Code    64  segger_rtt.o(.text)
    SEGGER_RTT_vprintf                       0x0800cc6f   Thumb Code   522  segger_rtt_printf.o(.text)
    SEGGER_RTT_printf                        0x0800ce79   Thumb Code    34  segger_rtt_printf.o(.text)
    __use_no_semihosting                     0x0800cea1   Thumb Code     2  use_no_semi_2.o(.text)
    vsnprintf                                0x0800cea5   Thumb Code    48  vsnprintf.o(.text)
    __2printf                                0x0800ced9   Thumb Code    20  __2printf.o(.text)
    __2snprintf                              0x0800cef1   Thumb Code    50  __2snprintf.o(.text)
    _printf_pre_padding                      0x0800cf29   Thumb Code    44  _printf_pad.o(.text)
    _printf_post_padding                     0x0800cf55   Thumb Code    34  _printf_pad.o(.text)
    _printf_str                              0x0800cf77   Thumb Code    82  _printf_str.o(.text)
    _printf_int_dec                          0x0800cfc9   Thumb Code   104  _printf_dec.o(.text)
    _printf_longlong_hex                     0x0800d041   Thumb Code    86  _printf_hex_int_ll_ptr.o(.text)
    _printf_int_hex                          0x0800d097   Thumb Code    28  _printf_hex_int_ll_ptr.o(.text)
    _printf_ll_hex                           0x0800d0b3   Thumb Code    12  _printf_hex_int_ll_ptr.o(.text)
    _printf_hex_ptr                          0x0800d0bf   Thumb Code    18  _printf_hex_int_ll_ptr.o(.text)
    __printf                                 0x0800d0d5   Thumb Code   388  __printf_flags_ss_wp.o(.text)
    strstr                                   0x0800d25d   Thumb Code    36  strstr.o(.text)
    strlen                                   0x0800d281   Thumb Code    62  strlen.o(.text)
    memchr                                   0x0800d2bf   Thumb Code    20  memchr.o(.text)
    strncmp                                  0x0800d2d3   Thumb Code   150  strncmp.o(.text)
    __aeabi_memcpy                           0x0800d369   Thumb Code     0  rt_memcpy_v6.o(.text)
    __rt_memcpy                              0x0800d369   Thumb Code   138  rt_memcpy_v6.o(.text)
    _memcpy_lastbytes                        0x0800d3cf   Thumb Code     0  rt_memcpy_v6.o(.text)
    __aeabi_memset                           0x0800d3f3   Thumb Code    16  aeabi_memset.o(.text)
    __aeabi_memclr                           0x0800d403   Thumb Code     0  rt_memclr.o(.text)
    __rt_memclr                              0x0800d403   Thumb Code    68  rt_memclr.o(.text)
    _memset                                  0x0800d407   Thumb Code     0  rt_memclr.o(.text)
    __aeabi_memclr4                          0x0800d447   Thumb Code     0  rt_memclr_w.o(.text)
    __aeabi_memclr8                          0x0800d447   Thumb Code     0  rt_memclr_w.o(.text)
    __rt_memclr_w                            0x0800d447   Thumb Code    78  rt_memclr_w.o(.text)
    _memset_w                                0x0800d44b   Thumb Code     0  rt_memclr_w.o(.text)
    strncpy                                  0x0800d495   Thumb Code    86  strncpy.o(.text)
    __use_two_region_memory                  0x0800d4eb   Thumb Code     2  heapauxi.o(.text)
    __rt_heap_escrow$2region                 0x0800d4ed   Thumb Code     2  heapauxi.o(.text)
    __rt_heap_expand$2region                 0x0800d4ef   Thumb Code     2  heapauxi.o(.text)
    __I$use$semihosting                      0x0800d4f1   Thumb Code     0  use_no_semi.o(.text)
    __use_no_semihosting_swi                 0x0800d4f1   Thumb Code     2  use_no_semi.o(.text)
    _printf_truncate_signed                  0x0800d4f3   Thumb Code    18  _printf_truncate.o(.text)
    _printf_truncate_unsigned                0x0800d505   Thumb Code    18  _printf_truncate.o(.text)
    _printf_int_common                       0x0800d517   Thumb Code   178  _printf_intcommon.o(.text)
    _printf_charcount                        0x0800d5c9   Thumb Code    40  _printf_charcount.o(.text)
    _printf_char_common                      0x0800d5fb   Thumb Code    32  _printf_char_common.o(.text)
    _sputc                                   0x0800d621   Thumb Code    10  _sputc.o(.text)
    _snputc                                  0x0800d62b   Thumb Code    16  _snputc.o(.text)
    _printf_cs_common                        0x0800d63b   Thumb Code    20  _printf_char.o(.text)
    _printf_char                             0x0800d64f   Thumb Code    16  _printf_char.o(.text)
    _printf_string                           0x0800d65f   Thumb Code     8  _printf_char.o(.text)
    _printf_char_file                        0x0800d669   Thumb Code    32  _printf_char_file.o(.text)
    _printf_wctomb                           0x0800d68d   Thumb Code   182  _printf_wctomb.o(.text)
    _printf_longlong_dec                     0x0800d749   Thumb Code   108  _printf_longlong_dec.o(.text)
    _printf_longlong_oct                     0x0800d7c5   Thumb Code    66  _printf_oct_int_ll.o(.text)
    _printf_int_oct                          0x0800d807   Thumb Code    24  _printf_oct_int_ll.o(.text)
    _printf_ll_oct                           0x0800d81f   Thumb Code    12  _printf_oct_int_ll.o(.text)
    __aeabi_memcpy4                          0x0800d835   Thumb Code     0  rt_memcpy_w.o(.text)
    __aeabi_memcpy8                          0x0800d835   Thumb Code     0  rt_memcpy_w.o(.text)
    __rt_memcpy_w                            0x0800d835   Thumb Code   100  rt_memcpy_w.o(.text)
    _memcpy_lastbytes_aligned                0x0800d87d   Thumb Code     0  rt_memcpy_w.o(.text)
    _ll_udiv10                               0x0800d899   Thumb Code   138  lludiv10.o(.text)
    __lib_sel_fp_printf                      0x0800d923   Thumb Code     2  _printf_fp_dec.o(.text)
    _printf_fp_dec_real                      0x0800dad5   Thumb Code   620  _printf_fp_dec.o(.text)
    _printf_fp_hex_real                      0x0800dd41   Thumb Code   756  _printf_fp_hex.o(.text)
    _printf_lcs_common                       0x0800e03d   Thumb Code    20  _printf_wchar.o(.text)
    _printf_wchar                            0x0800e051   Thumb Code    16  _printf_wchar.o(.text)
    _printf_wstring                          0x0800e061   Thumb Code     8  _printf_wchar.o(.text)
    ferror                                   0x0800e069   Thumb Code     8  ferror.o(.text)
    _wcrtomb                                 0x0800e071   Thumb Code    64  _wcrtomb.o(.text)
    __user_setup_stackheap                   0x0800e0b1   Thumb Code    74  sys_stackheap_outer.o(.text)
    __rt_ctype_table                         0x0800e0fd   Thumb Code    16  rt_ctype_table.o(.text)
    __rt_locale                              0x0800e10d   Thumb Code     8  rt_locale_intlibspace.o(.text)
    _printf_fp_infnan                        0x0800e115   Thumb Code   112  _printf_fp_infnan.o(.text)
    _btod_etento                             0x0800e195   Thumb Code   224  bigflt0.o(.text)
    exit                                     0x0800e279   Thumb Code    18  exit.o(.text)
    __user_libspace                          0x0800e28d   Thumb Code     8  libspace.o(.text)
    __user_perproc_libspace                  0x0800e28d   Thumb Code     0  libspace.o(.text)
    __user_perthread_libspace                0x0800e28d   Thumb Code     0  libspace.o(.text)
    strcmp                                   0x0800e295   Thumb Code   128  strcmpv7m.o(.text)
    _btod_d2e                                0x0800e315   Thumb Code    62  btod.o(CL$$btod_d2e)
    _d2e_denorm_low                          0x0800e353   Thumb Code    70  btod.o(CL$$btod_d2e_denorm_low)
    _d2e_norm_op1                            0x0800e399   Thumb Code    96  btod.o(CL$$btod_d2e_norm_op1)
    __btod_div_common                        0x0800e3f9   Thumb Code   696  btod.o(CL$$btod_div_common)
    _e2e                                     0x0800e731   Thumb Code   220  btod.o(CL$$btod_e2e)
    _btod_ediv                               0x0800e80d   Thumb Code    42  btod.o(CL$$btod_ediv)
    _btod_emul                               0x0800e837   Thumb Code    42  btod.o(CL$$btod_emul)
    __btod_mult_common                       0x0800e861   Thumb Code   580  btod.o(CL$$btod_mult_common)
    __ARM_fpclassify                         0x0800eaa5   Thumb Code    48  fpclassify.o(i.__ARM_fpclassify)
    _is_digit                                0x0800ead5   Thumb Code    14  __printf_wp.o(i._is_digit)
    u8_ring_buffer_is_empty                  0x0800eae3   Thumb Code    18  ringbuffer_u8.o(i.u8_ring_buffer_is_empty)
    u8_ring_buffer_is_full                   0x0800eaf5   Thumb Code    24  ringbuffer_u8.o(i.u8_ring_buffer_is_full)
    u8_ring_buffer_num_items                 0x0800eb0d   Thumb Code    14  ringbuffer_u8.o(i.u8_ring_buffer_num_items)
    _get_lc_numeric                          0x0800eb1d   Thumb Code    44  lc_numeric_c.o(locale$$code)
    _get_lc_ctype                            0x0800eb49   Thumb Code    44  lc_ctype_c.o(locale$$code)
    __aeabi_dneg                             0x0800eb75   Thumb Code     0  basic.o(x$fpl$basic)
    _dneg                                    0x0800eb75   Thumb Code     6  basic.o(x$fpl$basic)
    __aeabi_fneg                             0x0800eb7b   Thumb Code     0  basic.o(x$fpl$basic)
    _fneg                                    0x0800eb7b   Thumb Code     6  basic.o(x$fpl$basic)
    _dabs                                    0x0800eb81   Thumb Code     6  basic.o(x$fpl$basic)
    _fabs                                    0x0800eb87   Thumb Code     6  basic.o(x$fpl$basic)
    __aeabi_d2f                              0x0800eb8d   Thumb Code     0  d2f.o(x$fpl$d2f)
    _d2f                                     0x0800eb8d   Thumb Code    98  d2f.o(x$fpl$d2f)
    __aeabi_d2iz                             0x0800ebf1   Thumb Code     0  dfix.o(x$fpl$dfix)
    _dfix                                    0x0800ebf1   Thumb Code    94  dfix.o(x$fpl$dfix)
    __aeabi_ui2d                             0x0800ec4f   Thumb Code     0  dflt_clz.o(x$fpl$dfltu)
    _dfltu                                   0x0800ec4f   Thumb Code    38  dflt_clz.o(x$fpl$dfltu)
    __aeabi_dmul                             0x0800ec75   Thumb Code     0  dmul.o(x$fpl$dmul)
    _dmul                                    0x0800ec75   Thumb Code   332  dmul.o(x$fpl$dmul)
    __fpl_dnaninf                            0x0800edc9   Thumb Code   156  dnaninf.o(x$fpl$dnaninf)
    __fpl_dretinf                            0x0800ee65   Thumb Code    12  dretinf.o(x$fpl$dretinf)
    __aeabi_f2d                              0x0800ee71   Thumb Code     0  f2d.o(x$fpl$f2d)
    _f2d                                     0x0800ee71   Thumb Code    86  f2d.o(x$fpl$f2d)
    __fpl_fnaninf                            0x0800eec7   Thumb Code   140  fnaninf.o(x$fpl$fnaninf)
    _fp_init                                 0x0800ef53   Thumb Code    10  fpinit.o(x$fpl$fpinit)
    __fplib_config_fpu_vfp                   0x0800ef5b   Thumb Code     0  fpinit.o(x$fpl$fpinit)
    __fplib_config_pureend_doubles           0x0800ef5b   Thumb Code     0  fpinit.o(x$fpl$fpinit)
    __fpl_fretinf                            0x0800ef5d   Thumb Code    10  fretinf.o(x$fpl$fretinf)
    _printf_fp_dec                           0x0800ef67   Thumb Code     4  printf1.o(x$fpl$printf1)
    _printf_fp_hex                           0x0800ef6b   Thumb Code     4  printf2.o(x$fpl$printf2)
    __I$use$fp                               0x0800ef6e   Number         0  usenofp.o(x$fpl$usenofp)
    Region$$Table$$Base                      0x0800f280   Number         0  anon$$obj.o(Region$$Table)
    Region$$Table$$Limit                     0x0800f2a0   Number         0  anon$$obj.o(Region$$Table)
    __ctype                                  0x0800f2c9   Data           0  lc_ctype_c.o(locale$$data)
    brd_adc                                  0x20000010   Data          56  adc.o(.data)
    timer2_count                             0x20000048   Data           8  timer.o(.data)
    timer3_count                             0x20000050   Data           8  timer.o(.data)
    app_IPMI_I2C1_EN                         0x20000058   Data           8  periph_i2c.o(.data)
    app_IPMI_I2C2_EN                         0x20000060   Data           8  periph_i2c.o(.data)
    app_IPMI_I2C1_READY                      0x20000068   Data           8  periph_i2c.o(.data)
    app_IPMI_I2C2_READY                      0x20000070   Data           8  periph_i2c.o(.data)
    gpio_i2c1                                0x20000078   Data          12  periph_i2c.o(.data)
    gpio_i2c2                                0x20000084   Data          12  periph_i2c.o(.data)
    i2c1_int                                 0x20000090   Data        1056  periph_i2c.o(.data)
    i2c2_int                                 0x200004b0   Data        1056  periph_i2c.o(.data)
    i2c3_int                                 0x200008d0   Data        3168  periph_i2c.o(.data)
    i2c3_int_ptr                             0x20001530   Data           4  periph_i2c.o(.data)
    app_LED1                                 0x2000153c   Data           8  gpio_app.o(.data)
    app_VPX_GA0                              0x20001544   Data           8  gpio_app.o(.data)
    app_VPX_GA1                              0x2000154c   Data           8  gpio_app.o(.data)
    app_VPX_GA2                              0x20001554   Data           8  gpio_app.o(.data)
    app_VPX_GA3                              0x2000155c   Data           8  gpio_app.o(.data)
    app_VPX_GA4                              0x20001564   Data           8  gpio_app.o(.data)
    app_VPX_GAP                              0x2000156c   Data           8  gpio_app.o(.data)
    temp1_handler                            0x20001578   Data           8  gx21m15.o(.data)
    temp2_handler                            0x20001580   Data           8  gx21m15.o(.data)
    __stdout                                 0x2000158c   Data           4  usart.o(.data)
    USART_RX_STA                             0x20001590   Data           2  usart.o(.data)
    lysTemp3                                 0x20001594   Data           4  main.o(.data)
    lysTemp4                                 0x20001598   Data           4  main.o(.data)
    lyscxcmd11all                            0x2000159c   Data           4  main.o(.data)
    lyscxcmd12all                            0x200015a0   Data           4  main.o(.data)
    abnormal_pwr                             0x200015a4   Data           4  main.o(.data)
    abnormal_jkkz                            0x200015a8   Data           4  main.o(.data)
    abnormal_xhcl                            0x200015ac   Data           4  main.o(.data)
    abnormal_zjb                             0x200015b0   Data           4  main.o(.data)
    powerStartTime                           0x200015b4   Data           4  main.o(.data)
    powerDiffTime                            0x200015b8   Data           4  main.o(.data)
    cmd22RuningFlag                          0x200015bc   Data           4  main.o(.data)
    cmd22EndFirstEntercmd11or12              0x200015c0   Data           4  main.o(.data)
    SystemCoreClock                          0x200015c4   Data           4  system_stm32f4xx.o(.data)
    AHBPrescTable                            0x200015c8   Data          16  system_stm32f4xx.o(.data)
    resetIpmiIndexFlag                       0x200015d8   Data           4  ipmi_protocol.o(.data)
    app_XC388_EN                             0x200015dc   Data           8  ipmi_protocol.o(.data)
    do_cmd                                   0x200015e4   Data          64  ipmi_protocol.o(.data)
    errDataNum                               0x20001624   Data           4  ipmi_protocol.o(.data)
    ipmi_pwr                                 0x20001628   Data          72  ipmi_protocol.o(.data)
    ipmi_jkkz                                0x20001670   Data          72  ipmi_protocol.o(.data)
    ipmi_xhcl                                0x200016b8   Data          72  ipmi_protocol.o(.data)
    ipmi_zjb                                 0x20001700   Data          72  ipmi_protocol.o(.data)
    g_ipmi_current                           0x20001748   Data           4  ipmi_protocol.o(.data)
    g_ipmi_fan_setting                       0x2000174c   Data           4  ipmi_protocol.o(.data)
    fan_list                                 0x20001750   Data          40  ipmi_protocol.o(.data)
    cmd14SeniorId                            0x2000178c   Data           4  spi_protocol.o(.data)
    cmd14TurnStatus                          0x20001790   Data           4  spi_protocol.o(.data)
    cmd14I2cAddr                             0x20001794   Data           4  spi_protocol.o(.data)
    cmd14TimeroutNum                         0x20001798   Data           4  spi_protocol.o(.data)
    spi_int                                  0x2000179c   Data        1564  spi_protocol.o(.data)
    respcmd11                                0x20001db8   Data           8  spi_protocol.o(.data)
    respcmd12                                0x20001dc0   Data           8  spi_protocol.o(.data)
    lysspiEnterNum                           0x20001dc8   Data           4  spi_protocol.o(.data)
    lysRespCmd22Num                          0x20001dcc   Data           4  spi_protocol.o(.data)
    enter_do_respcmd12_Num                   0x20001dd0   Data           4  spi_protocol.o(.data)
    enter_do_respcmd11_Num                   0x20001dd4   Data           4  spi_protocol.o(.data)
    temp1                                    0x20001dd8   Data           4  spi_protocol.o(.data)
    do_spicmd                                0x20001ddc   Data          48  spi_protocol.o(.data)
    AllocCnt                                 0x20001e14   Data           4  alloc.o(.data)
    elog_assert_hook                         0x20001e40   Data           4  elog.o(.data)
    ADC_ConvertedValue                       0x20001e48   Data         140  adc.o(.bss)
    i2c_test_timer                           0x20001ed8   Data          24  periph_i2c.o(.bss)
    ipmi_data                                0x20001ef0   Data         204  main.o(.bss)
    all_abnormal                             0x20001fbc   Data          50  main.o(.bss)
    ipmi_i2ca                                0x20001ff0   Data         280  ipmi_protocol.o(.bss)
    ipmi_i2cb                                0x20002108   Data         280  ipmi_protocol.o(.bss)
    ipmi_app                                 0x20002220   Data          20  ipmi_protocol.o(.bss)
    abnormal_timer                           0x20002238   Data          24  ipmi_protocol.o(.bss)
    spi_protocol                             0x20002250   Data         532  spi_protocol.o(.bss)
    tx_buff                                  0x20002464   Data          12  spi_protocol.o(.bss)
    cmd22_timer                              0x20002470   Data          24  spi_protocol.o(.bss)
    cmd22_timer_2                            0x20002488   Data          24  spi_protocol.o(.bss)
    cmd22_timer_3                            0x200024a0   Data          24  spi_protocol.o(.bss)
    AllocArray                               0x200024b8   Data       49152  alloc.o(.bss)
    blink_timer                              0x2000e4c8   Data          24  softtimer.o(.bss)
    sysreset_timer                           0x2000e4e0   Data          24  softtimer.o(.bss)
    sysmon_timer                             0x2000e4f8   Data          24  softtimer.o(.bss)
    sysfan_timer                             0x2000e510   Data          24  softtimer.o(.bss)
    cmd11orcmd12_timer_1                     0x2000e528   Data          24  softtimer.o(.bss)
    _SEGGER_RTT                              0x2000e6e4   Data         168  segger_rtt.o(.bss)
    __libspace_start                         0x2000eb9c   Data          96  libspace.o(.bss)
    __temporary_stack_top$libspace           0x2000ebfc   Data           0  libspace.o(.bss)



==============================================================================

Memory Map of the image

  Image Entry point : 0x08000189

  Load Region LR_IROM1 (Base: 0x08000000, Size: 0x00011214, Max: 0x00100000, ABSOLUTE, COMPRESSED[0x0000f580])

    Execution Region ER_IROM1 (Exec base: 0x08000000, Load base: 0x08000000, Size: 0x0000f3cc, Max: 0x00100000, ABSOLUTE)

    Exec Addr    Load Addr    Size         Type   Attr      Idx    E Section Name        Object

    0x08000000   0x08000000   0x00000188   Data   RO            3    RESET               startup_stm32f40_41xxx.o
    0x08000188   0x08000188   0x00000008   Code   RO         1378  * !!!main             c_w.l(__main.o)
    0x08000190   0x08000190   0x00000034   Code   RO         1681    !!!scatter          c_w.l(__scatter.o)
    0x080001c4   0x080001c4   0x0000005a   Code   RO         1679    !!dczerorl2         c_w.l(__dczerorl2.o)
    0x0800021e   0x0800021e   0x00000002   PAD
    0x08000220   0x08000220   0x0000001c   Code   RO         1683    !!handler_zi        c_w.l(__scatter_zi.o)
    0x0800023c   0x0800023c   0x00000000   Code   RO         1357    .ARM.Collect$$_printf_percent$$00000000  c_w.l(_printf_percent.o)
    0x0800023c   0x0800023c   0x00000006   Code   RO         1428    .ARM.Collect$$_printf_percent$$00000001  c_w.l(_printf_n.o)
    0x08000242   0x08000242   0x00000006   Code   RO         1429    .ARM.Collect$$_printf_percent$$00000002  c_w.l(_printf_p.o)
    0x08000248   0x08000248   0x00000006   Code   RO         1433    .ARM.Collect$$_printf_percent$$00000003  c_w.l(_printf_f.o)
    0x0800024e   0x0800024e   0x00000006   Code   RO         1434    .ARM.Collect$$_printf_percent$$00000004  c_w.l(_printf_e.o)
    0x08000254   0x08000254   0x00000006   Code   RO         1435    .ARM.Collect$$_printf_percent$$00000005  c_w.l(_printf_g.o)
    0x0800025a   0x0800025a   0x00000006   Code   RO         1436    .ARM.Collect$$_printf_percent$$00000006  c_w.l(_printf_a.o)
    0x08000260   0x08000260   0x0000000a   Code   RO         1441    .ARM.Collect$$_printf_percent$$00000007  c_w.l(_printf_ll.o)
    0x0800026a   0x0800026a   0x00000006   Code   RO         1431    .ARM.Collect$$_printf_percent$$00000008  c_w.l(_printf_i.o)
    0x08000270   0x08000270   0x00000006   Code   RO         1356    .ARM.Collect$$_printf_percent$$00000009  c_w.l(_printf_d.o)
    0x08000276   0x08000276   0x00000006   Code   RO         1432    .ARM.Collect$$_printf_percent$$0000000A  c_w.l(_printf_u.o)
    0x0800027c   0x0800027c   0x00000006   Code   RO         1430    .ARM.Collect$$_printf_percent$$0000000B  c_w.l(_printf_o.o)
    0x08000282   0x08000282   0x00000006   Code   RO         1355    .ARM.Collect$$_printf_percent$$0000000C  c_w.l(_printf_x.o)
    0x08000288   0x08000288   0x00000006   Code   RO         1438    .ARM.Collect$$_printf_percent$$0000000D  c_w.l(_printf_lli.o)
    0x0800028e   0x0800028e   0x00000006   Code   RO         1439    .ARM.Collect$$_printf_percent$$0000000E  c_w.l(_printf_lld.o)
    0x08000294   0x08000294   0x00000006   Code   RO         1440    .ARM.Collect$$_printf_percent$$0000000F  c_w.l(_printf_llu.o)
    0x0800029a   0x0800029a   0x00000006   Code   RO         1445    .ARM.Collect$$_printf_percent$$00000010  c_w.l(_printf_llo.o)
    0x080002a0   0x080002a0   0x00000006   Code   RO         1446    .ARM.Collect$$_printf_percent$$00000011  c_w.l(_printf_llx.o)
    0x080002a6   0x080002a6   0x0000000a   Code   RO         1442    .ARM.Collect$$_printf_percent$$00000012  c_w.l(_printf_l.o)
    0x080002b0   0x080002b0   0x00000006   Code   RO         1353    .ARM.Collect$$_printf_percent$$00000013  c_w.l(_printf_c.o)
    0x080002b6   0x080002b6   0x00000006   Code   RO         1354    .ARM.Collect$$_printf_percent$$00000014  c_w.l(_printf_s.o)
    0x080002bc   0x080002bc   0x00000006   Code   RO         1443    .ARM.Collect$$_printf_percent$$00000015  c_w.l(_printf_lc.o)
    0x080002c2   0x080002c2   0x00000006   Code   RO         1444    .ARM.Collect$$_printf_percent$$00000016  c_w.l(_printf_ls.o)
    0x080002c8   0x080002c8   0x00000004   Code   RO         1437    .ARM.Collect$$_printf_percent$$00000017  c_w.l(_printf_percent_end.o)
    0x080002cc   0x080002cc   0x00000002   Code   RO         1544    .ARM.Collect$$libinit$$00000000  c_w.l(libinit.o)
    0x080002ce   0x080002ce   0x00000004   Code   RO         1559    .ARM.Collect$$libinit$$00000001  c_w.l(libinit2.o)
    0x080002d2   0x080002d2   0x00000000   Code   RO         1562    .ARM.Collect$$libinit$$00000004  c_w.l(libinit2.o)
    0x080002d2   0x080002d2   0x00000000   Code   RO         1565    .ARM.Collect$$libinit$$0000000A  c_w.l(libinit2.o)
    0x080002d2   0x080002d2   0x00000000   Code   RO         1567    .ARM.Collect$$libinit$$0000000C  c_w.l(libinit2.o)
    0x080002d2   0x080002d2   0x00000000   Code   RO         1569    .ARM.Collect$$libinit$$0000000E  c_w.l(libinit2.o)
    0x080002d2   0x080002d2   0x00000006   Code   RO         1570    .ARM.Collect$$libinit$$0000000F  c_w.l(libinit2.o)
    0x080002d8   0x080002d8   0x00000000   Code   RO         1572    .ARM.Collect$$libinit$$00000011  c_w.l(libinit2.o)
    0x080002d8   0x080002d8   0x0000000c   Code   RO         1573    .ARM.Collect$$libinit$$00000012  c_w.l(libinit2.o)
    0x080002e4   0x080002e4   0x00000000   Code   RO         1574    .ARM.Collect$$libinit$$00000013  c_w.l(libinit2.o)
    0x080002e4   0x080002e4   0x00000000   Code   RO         1576    .ARM.Collect$$libinit$$00000015  c_w.l(libinit2.o)
    0x080002e4   0x080002e4   0x0000000a   Code   RO         1577    .ARM.Collect$$libinit$$00000016  c_w.l(libinit2.o)
    0x080002ee   0x080002ee   0x00000000   Code   RO         1578    .ARM.Collect$$libinit$$00000017  c_w.l(libinit2.o)
    0x080002ee   0x080002ee   0x00000000   Code   RO         1580    .ARM.Collect$$libinit$$00000019  c_w.l(libinit2.o)
    0x080002ee   0x080002ee   0x00000000   Code   RO         1582    .ARM.Collect$$libinit$$0000001B  c_w.l(libinit2.o)
    0x080002ee   0x080002ee   0x00000000   Code   RO         1584    .ARM.Collect$$libinit$$0000001D  c_w.l(libinit2.o)
    0x080002ee   0x080002ee   0x00000000   Code   RO         1586    .ARM.Collect$$libinit$$0000001F  c_w.l(libinit2.o)
    0x080002ee   0x080002ee   0x00000000   Code   RO         1588    .ARM.Collect$$libinit$$00000021  c_w.l(libinit2.o)
    0x080002ee   0x080002ee   0x00000000   Code   RO         1590    .ARM.Collect$$libinit$$00000023  c_w.l(libinit2.o)
    0x080002ee   0x080002ee   0x00000000   Code   RO         1592    .ARM.Collect$$libinit$$00000025  c_w.l(libinit2.o)
    0x080002ee   0x080002ee   0x00000000   Code   RO         1596    .ARM.Collect$$libinit$$0000002C  c_w.l(libinit2.o)
    0x080002ee   0x080002ee   0x00000000   Code   RO         1598    .ARM.Collect$$libinit$$0000002E  c_w.l(libinit2.o)
    0x080002ee   0x080002ee   0x00000000   Code   RO         1600    .ARM.Collect$$libinit$$00000030  c_w.l(libinit2.o)
    0x080002ee   0x080002ee   0x00000000   Code   RO         1602    .ARM.Collect$$libinit$$00000032  c_w.l(libinit2.o)
    0x080002ee   0x080002ee   0x00000002   Code   RO         1603    .ARM.Collect$$libinit$$00000033  c_w.l(libinit2.o)
    0x080002f0   0x080002f0   0x00000002   Code   RO         1621    .ARM.Collect$$libshutdown$$00000000  c_w.l(libshutdown.o)
    0x080002f2   0x080002f2   0x00000000   Code   RO         1631    .ARM.Collect$$libshutdown$$00000002  c_w.l(libshutdown2.o)
    0x080002f2   0x080002f2   0x00000000   Code   RO         1633    .ARM.Collect$$libshutdown$$00000004  c_w.l(libshutdown2.o)
    0x080002f2   0x080002f2   0x00000000   Code   RO         1636    .ARM.Collect$$libshutdown$$00000007  c_w.l(libshutdown2.o)
    0x080002f2   0x080002f2   0x00000000   Code   RO         1639    .ARM.Collect$$libshutdown$$0000000A  c_w.l(libshutdown2.o)
    0x080002f2   0x080002f2   0x00000000   Code   RO         1641    .ARM.Collect$$libshutdown$$0000000C  c_w.l(libshutdown2.o)
    0x080002f2   0x080002f2   0x00000000   Code   RO         1644    .ARM.Collect$$libshutdown$$0000000F  c_w.l(libshutdown2.o)
    0x080002f2   0x080002f2   0x00000002   Code   RO         1645    .ARM.Collect$$libshutdown$$00000010  c_w.l(libshutdown2.o)
    0x080002f4   0x080002f4   0x00000000   Code   RO         1400    .ARM.Collect$$rtentry$$00000000  c_w.l(__rtentry.o)
    0x080002f4   0x080002f4   0x00000000   Code   RO         1467    .ARM.Collect$$rtentry$$00000002  c_w.l(__rtentry2.o)
    0x080002f4   0x080002f4   0x00000006   Code   RO         1479    .ARM.Collect$$rtentry$$00000004  c_w.l(__rtentry4.o)
    0x080002fa   0x080002fa   0x00000000   Code   RO         1469    .ARM.Collect$$rtentry$$00000009  c_w.l(__rtentry2.o)
    0x080002fa   0x080002fa   0x00000004   Code   RO         1470    .ARM.Collect$$rtentry$$0000000A  c_w.l(__rtentry2.o)
    0x080002fe   0x080002fe   0x00000000   Code   RO         1472    .ARM.Collect$$rtentry$$0000000C  c_w.l(__rtentry2.o)
    0x080002fe   0x080002fe   0x00000008   Code   RO         1473    .ARM.Collect$$rtentry$$0000000D  c_w.l(__rtentry2.o)
    0x08000306   0x08000306   0x00000002   Code   RO         1552    .ARM.Collect$$rtexit$$00000000  c_w.l(rtexit.o)
    0x08000308   0x08000308   0x00000000   Code   RO         1605    .ARM.Collect$$rtexit$$00000002  c_w.l(rtexit2.o)
    0x08000308   0x08000308   0x00000004   Code   RO         1606    .ARM.Collect$$rtexit$$00000003  c_w.l(rtexit2.o)
    0x0800030c   0x0800030c   0x00000006   Code   RO         1607    .ARM.Collect$$rtexit$$00000004  c_w.l(rtexit2.o)
    0x08000312   0x08000312   0x00000002   PAD
    0x08000314   0x08000314   0x00000040   Code   RO            4    .text               startup_stm32f40_41xxx.o
    0x08000354   0x08000354   0x000000e0   Code   RO           12    .text               misc.o
    0x08000434   0x08000434   0x00000464   Code   RO          137    .text               stm32f4xx_adc.o
    0x08000898   0x08000898   0x00000294   Code   RO          197    .text               stm32f4xx_gpio.o
    0x08000b2c   0x08000b2c   0x00000456   Code   RO          217    .text               stm32f4xx_i2c.o
    0x08000f82   0x08000f82   0x00000002   PAD
    0x08000f84   0x08000f84   0x00000040   Code   RO          237    .text               stm32f4xx_iwdg.o
    0x08000fc4   0x08000fc4   0x0000065c   Code   RO          277    .text               stm32f4xx_rcc.o
    0x08001620   0x08001620   0x00000480   Code   RO          299    .text               stm32f4xx_spi.o
    0x08001aa0   0x08001aa0   0x00000ca2   Code   RO          339    .text               stm32f4xx_tim.o
    0x08002742   0x08002742   0x00000002   PAD
    0x08002744   0x08002744   0x00000454   Code   RO          359    .text               stm32f4xx_usart.o
    0x08002b98   0x08002b98   0x000003a8   Code   RO          379    .text               stm32f4xx_dma.o
    0x08002f40   0x08002f40   0x00000248   Code   RO          425    .text               myiic.o
    0x08003188   0x08003188   0x00000580   Code   RO          491    .text               adc.o
    0x08003708   0x08003708   0x0000018c   Code   RO          515    .text               gpio.o
    0x08003894   0x08003894   0x000000a8   Code   RO          584    .text               timer.o
    0x0800393c   0x0800393c   0x00000d64   Code   RO          637    .text               periph_i2c.o
    0x080046a0   0x080046a0   0x00000178   Code   RO          680    .text               gpio_app.o
    0x08004818   0x08004818   0x000002e4   Code   RO          703    .text               gx21m15.o
    0x08004afc   0x08004afc   0x000001c4   Code   RO          755    .text               spi.o
    0x08004cc0   0x08004cc0   0x0000002c   Code   RO          778    .text               iwdg.o
    0x08004cec   0x08004cec   0x00000104   Code   RO          801    .text               delay.o
    0x08004df0   0x08004df0   0x0000020c   Code   RO          841    .text               usart.o
    0x08004ffc   0x08004ffc   0x0000011c   Code   RO          872    .text               main.o
    0x08005118   0x08005118   0x0000001a   Code   RO          921    .text               stm32f4xx_it.o
    0x08005132   0x08005132   0x00000002   PAD
    0x08005134   0x08005134   0x00000210   Code   RO          944    .text               system_stm32f4xx.o
    0x08005344   0x08005344   0x000024d8   Code   RO          970    .text               ipmi_protocol.o
    0x0800781c   0x0800781c   0x000029f0   Code   RO         1015    .text               spi_protocol.o
    0x0800a20c   0x0800a20c   0x000002f0   Code   RO         1050    .text               alloc.o
    0x0800a4fc   0x0800a4fc   0x000000f4   Code   RO         1083    .text               multitimer.o
    0x0800a5f0   0x0800a5f0   0x00000188   Code   RO         1103    .text               softtimer.o
    0x0800a778   0x0800a778   0x000000e4   Code   RO         1145    .text               ringbuffer_u8.o
    0x0800a85c   0x0800a85c   0x0000118c   Code   RO         1184    .text               elog.o
    0x0800b9e8   0x0800b9e8   0x00000040   Code   RO         1215    .text               elog_port.o
    0x0800ba28   0x0800ba28   0x0000026c   Code   RO         1231    .text               elog_utils.o
    0x0800bc94   0x0800bc94   0x00000dc4   Code   RO         1257    .text               segger_rtt.o
    0x0800ca58   0x0800ca58   0x00000448   Code   RO         1277    .text               segger_rtt_printf.o
    0x0800cea0   0x0800cea0   0x00000002   Code   RO         1292    .text               c_w.l(use_no_semi_2.o)
    0x0800cea2   0x0800cea2   0x00000002   PAD
    0x0800cea4   0x0800cea4   0x00000034   Code   RO         1294    .text               c_w.l(vsnprintf.o)
    0x0800ced8   0x0800ced8   0x00000018   Code   RO         1296    .text               c_w.l(__2printf.o)
    0x0800cef0   0x0800cef0   0x00000038   Code   RO         1298    .text               c_w.l(__2snprintf.o)
    0x0800cf28   0x0800cf28   0x0000004e   Code   RO         1306    .text               c_w.l(_printf_pad.o)
    0x0800cf76   0x0800cf76   0x00000052   Code   RO         1308    .text               c_w.l(_printf_str.o)
    0x0800cfc8   0x0800cfc8   0x00000078   Code   RO         1310    .text               c_w.l(_printf_dec.o)
    0x0800d040   0x0800d040   0x00000094   Code   RO         1330    .text               c_w.l(_printf_hex_int_ll_ptr.o)
    0x0800d0d4   0x0800d0d4   0x00000188   Code   RO         1350    .text               c_w.l(__printf_flags_ss_wp.o)
    0x0800d25c   0x0800d25c   0x00000024   Code   RO         1358    .text               c_w.l(strstr.o)
    0x0800d280   0x0800d280   0x0000003e   Code   RO         1360    .text               c_w.l(strlen.o)
    0x0800d2be   0x0800d2be   0x00000014   Code   RO         1362    .text               c_w.l(memchr.o)
    0x0800d2d2   0x0800d2d2   0x00000096   Code   RO         1364    .text               c_w.l(strncmp.o)
    0x0800d368   0x0800d368   0x0000008a   Code   RO         1366    .text               c_w.l(rt_memcpy_v6.o)
    0x0800d3f2   0x0800d3f2   0x00000010   Code   RO         1368    .text               c_w.l(aeabi_memset.o)
    0x0800d402   0x0800d402   0x00000044   Code   RO         1370    .text               c_w.l(rt_memclr.o)
    0x0800d446   0x0800d446   0x0000004e   Code   RO         1372    .text               c_w.l(rt_memclr_w.o)
    0x0800d494   0x0800d494   0x00000056   Code   RO         1374    .text               c_w.l(strncpy.o)
    0x0800d4ea   0x0800d4ea   0x00000006   Code   RO         1376    .text               c_w.l(heapauxi.o)
    0x0800d4f0   0x0800d4f0   0x00000002   Code   RO         1398    .text               c_w.l(use_no_semi.o)
    0x0800d4f2   0x0800d4f2   0x00000024   Code   RO         1401    .text               c_w.l(_printf_truncate.o)
    0x0800d516   0x0800d516   0x000000b2   Code   RO         1403    .text               c_w.l(_printf_intcommon.o)
    0x0800d5c8   0x0800d5c8   0x00000028   Code   RO         1405    .text               c_w.l(_printf_charcount.o)
    0x0800d5f0   0x0800d5f0   0x00000030   Code   RO         1407    .text               c_w.l(_printf_char_common.o)
    0x0800d620   0x0800d620   0x0000000a   Code   RO         1409    .text               c_w.l(_sputc.o)
    0x0800d62a   0x0800d62a   0x00000010   Code   RO         1411    .text               c_w.l(_snputc.o)
    0x0800d63a   0x0800d63a   0x0000002c   Code   RO         1413    .text               c_w.l(_printf_char.o)
    0x0800d666   0x0800d666   0x00000002   PAD
    0x0800d668   0x0800d668   0x00000024   Code   RO         1415    .text               c_w.l(_printf_char_file.o)
    0x0800d68c   0x0800d68c   0x000000bc   Code   RO         1417    .text               c_w.l(_printf_wctomb.o)
    0x0800d748   0x0800d748   0x0000007c   Code   RO         1420    .text               c_w.l(_printf_longlong_dec.o)
    0x0800d7c4   0x0800d7c4   0x00000070   Code   RO         1426    .text               c_w.l(_printf_oct_int_ll.o)
    0x0800d834   0x0800d834   0x00000064   Code   RO         1447    .text               c_w.l(rt_memcpy_w.o)
    0x0800d898   0x0800d898   0x0000008a   Code   RO         1481    .text               c_w.l(lludiv10.o)
    0x0800d922   0x0800d922   0x0000041e   Code   RO         1483    .text               c_w.l(_printf_fp_dec.o)
    0x0800dd40   0x0800dd40   0x000002fc   Code   RO         1485    .text               c_w.l(_printf_fp_hex.o)
    0x0800e03c   0x0800e03c   0x0000002c   Code   RO         1490    .text               c_w.l(_printf_wchar.o)
    0x0800e068   0x0800e068   0x00000008   Code   RO         1492    .text               c_w.l(ferror.o)
    0x0800e070   0x0800e070   0x00000040   Code   RO         1496    .text               c_w.l(_wcrtomb.o)
    0x0800e0b0   0x0800e0b0   0x0000004a   Code   RO         1498    .text               c_w.l(sys_stackheap_outer.o)
    0x0800e0fa   0x0800e0fa   0x00000002   PAD
    0x0800e0fc   0x0800e0fc   0x00000010   Code   RO         1500    .text               c_w.l(rt_ctype_table.o)
    0x0800e10c   0x0800e10c   0x00000008   Code   RO         1505    .text               c_w.l(rt_locale_intlibspace.o)
    0x0800e114   0x0800e114   0x00000080   Code   RO         1507    .text               c_w.l(_printf_fp_infnan.o)
    0x0800e194   0x0800e194   0x000000e4   Code   RO         1509    .text               c_w.l(bigflt0.o)
    0x0800e278   0x0800e278   0x00000012   Code   RO         1537    .text               c_w.l(exit.o)
    0x0800e28a   0x0800e28a   0x00000002   PAD
    0x0800e28c   0x0800e28c   0x00000008   Code   RO         1549    .text               c_w.l(libspace.o)
    0x0800e294   0x0800e294   0x00000080   Code   RO         1557    .text               c_w.l(strcmpv7m.o)
    0x0800e314   0x0800e314   0x0000003e   Code   RO         1512    CL$$btod_d2e        c_w.l(btod.o)
    0x0800e352   0x0800e352   0x00000046   Code   RO         1514    CL$$btod_d2e_denorm_low  c_w.l(btod.o)
    0x0800e398   0x0800e398   0x00000060   Code   RO         1513    CL$$btod_d2e_norm_op1  c_w.l(btod.o)
    0x0800e3f8   0x0800e3f8   0x00000338   Code   RO         1522    CL$$btod_div_common  c_w.l(btod.o)
    0x0800e730   0x0800e730   0x000000dc   Code   RO         1519    CL$$btod_e2e        c_w.l(btod.o)
    0x0800e80c   0x0800e80c   0x0000002a   Code   RO         1516    CL$$btod_ediv       c_w.l(btod.o)
    0x0800e836   0x0800e836   0x0000002a   Code   RO         1515    CL$$btod_emul       c_w.l(btod.o)
    0x0800e860   0x0800e860   0x00000244   Code   RO         1521    CL$$btod_mult_common  c_w.l(btod.o)
    0x0800eaa4   0x0800eaa4   0x00000030   Code   RO         1547    i.__ARM_fpclassify  m_wm.l(fpclassify.o)
    0x0800ead4   0x0800ead4   0x0000000e   Code   RO         1343    i._is_digit         c_w.l(__printf_wp.o)
    0x0800eae2   0x0800eae2   0x00000012   Code   RO         1154    i.u8_ring_buffer_is_empty  ringbuffer_u8.o
    0x0800eaf4   0x0800eaf4   0x00000018   Code   RO         1159    i.u8_ring_buffer_is_full  ringbuffer_u8.o
    0x0800eb0c   0x0800eb0c   0x0000000e   Code   RO         1164    i.u8_ring_buffer_num_items  ringbuffer_u8.o
    0x0800eb1a   0x0800eb1a   0x00000002   PAD
    0x0800eb1c   0x0800eb1c   0x0000002c   Code   RO         1535    locale$$code        c_w.l(lc_numeric_c.o)
    0x0800eb48   0x0800eb48   0x0000002c   Code   RO         1555    locale$$code        c_w.l(lc_ctype_c.o)
    0x0800eb74   0x0800eb74   0x00000018   Code   RO         1380    x$fpl$basic         fz_wm.l(basic.o)
    0x0800eb8c   0x0800eb8c   0x00000062   Code   RO         1382    x$fpl$d2f           fz_wm.l(d2f.o)
    0x0800ebee   0x0800ebee   0x00000002   PAD
    0x0800ebf0   0x0800ebf0   0x0000005e   Code   RO         1384    x$fpl$dfix          fz_wm.l(dfix.o)
    0x0800ec4e   0x0800ec4e   0x00000026   Code   RO         1388    x$fpl$dfltu         fz_wm.l(dflt_clz.o)
    0x0800ec74   0x0800ec74   0x00000154   Code   RO         1394    x$fpl$dmul          fz_wm.l(dmul.o)
    0x0800edc8   0x0800edc8   0x0000009c   Code   RO         1449    x$fpl$dnaninf       fz_wm.l(dnaninf.o)
    0x0800ee64   0x0800ee64   0x0000000c   Code   RO         1451    x$fpl$dretinf       fz_wm.l(dretinf.o)
    0x0800ee70   0x0800ee70   0x00000056   Code   RO         1396    x$fpl$f2d           fz_wm.l(f2d.o)
    0x0800eec6   0x0800eec6   0x0000008c   Code   RO         1453    x$fpl$fnaninf       fz_wm.l(fnaninf.o)
    0x0800ef52   0x0800ef52   0x0000000a   Code   RO         1613    x$fpl$fpinit        fz_wm.l(fpinit.o)
    0x0800ef5c   0x0800ef5c   0x0000000a   Code   RO         1455    x$fpl$fretinf       fz_wm.l(fretinf.o)
    0x0800ef66   0x0800ef66   0x00000004   Code   RO         1457    x$fpl$printf1       fz_wm.l(printf1.o)
    0x0800ef6a   0x0800ef6a   0x00000004   Code   RO         1459    x$fpl$printf2       fz_wm.l(printf2.o)
    0x0800ef6e   0x0800ef6e   0x00000000   Code   RO         1465    x$fpl$usenofp       fz_wm.l(usenofp.o)
    0x0800ef6e   0x0800ef6e   0x00000021   Data   RO          972    .constdata          ipmi_protocol.o
    0x0800ef8f   0x0800ef8f   0x00000013   Data   RO         1017    .constdata          spi_protocol.o
    0x0800efa2   0x0800efa2   0x0000001d   Data   RO         1052    .constdata          alloc.o
    0x0800efbf   0x0800efbf   0x000000c6   Data   RO         1186    .constdata          elog.o
    0x0800f085   0x0800f085   0x00000023   Data   RO         1232    .constdata          elog_utils.o
    0x0800f0a8   0x0800f0a8   0x00000021   Data   RO         1259    .constdata          segger_rtt.o
    0x0800f0c9   0x0800f0c9   0x00000010   Data   RO         1278    .constdata          segger_rtt_printf.o
    0x0800f0d9   0x0800f0d9   0x00000028   Data   RO         1331    .constdata          c_w.l(_printf_hex_int_ll_ptr.o)
    0x0800f101   0x0800f101   0x00000011   Data   RO         1351    .constdata          c_w.l(__printf_flags_ss_wp.o)
    0x0800f112   0x0800f112   0x00000002   PAD
    0x0800f114   0x0800f114   0x00000008   Data   RO         1418    .constdata          c_w.l(_printf_wctomb.o)
    0x0800f11c   0x0800f11c   0x00000026   Data   RO         1486    .constdata          c_w.l(_printf_fp_hex.o)
    0x0800f142   0x0800f142   0x00000002   PAD
    0x0800f144   0x0800f144   0x00000094   Data   RO         1510    .constdata          c_w.l(bigflt0.o)
    0x0800f1d8   0x0800f1d8   0x0000008e   Data   RO         1018    .conststring        spi_protocol.o
    0x0800f266   0x0800f266   0x00000002   PAD
    0x0800f268   0x0800f268   0x00000017   Data   RO         1187    .conststring        elog.o
    0x0800f27f   0x0800f27f   0x00000001   PAD
    0x0800f280   0x0800f280   0x00000020   Data   RO         1677    Region$$Table       anon$$obj.o
    0x0800f2a0   0x0800f2a0   0x0000001c   Data   RO         1534    locale$$data        c_w.l(lc_numeric_c.o)
    0x0800f2bc   0x0800f2bc   0x00000110   Data   RO         1554    locale$$data        c_w.l(lc_ctype_c.o)


    Execution Region RW_IRAM1 (Exec base: 0x20000000, Load base: 0x0800f3cc, Size: 0x00010b00, Max: 0x00020000, ABSOLUTE, COMPRESSED[0x000001b4])

    Exec Addr    Load Addr    Size         Type   Attr      Idx    E Section Name        Object

    0x20000000   COMPRESSED   0x00000010   Data   RW          278    .data               stm32f4xx_rcc.o
    0x20000010   COMPRESSED   0x00000038   Data   RW          493    .data               adc.o
    0x20000048   COMPRESSED   0x00000010   Data   RW          585    .data               timer.o
    0x20000058   COMPRESSED   0x000014e1   Data   RW          639    .data               periph_i2c.o
    0x20001539   COMPRESSED   0x00000003   PAD
    0x2000153c   COMPRESSED   0x00000038   Data   RW          681    .data               gpio_app.o
    0x20001574   COMPRESSED   0x00000014   Data   RW          704    .data               gx21m15.o
    0x20001588   COMPRESSED   0x00000004   Data   RW          802    .data               delay.o
    0x2000158c   COMPRESSED   0x00000006   Data   RW          843    .data               usart.o
    0x20001592   COMPRESSED   0x00000002   PAD
    0x20001594   COMPRESSED   0x00000030   Data   RW          874    .data               main.o
    0x200015c4   COMPRESSED   0x00000014   Data   RW          945    .data               system_stm32f4xx.o
    0x200015d8   COMPRESSED   0x000001b4   Data   RW          973    .data               ipmi_protocol.o
    0x2000178c   COMPRESSED   0x00000684   Data   RW         1019    .data               spi_protocol.o
    0x20001e10   COMPRESSED   0x00000008   Data   RW         1053    .data               alloc.o
    0x20001e18   COMPRESSED   0x00000008   Data   RW         1084    .data               multitimer.o
    0x20001e20   COMPRESSED   0x00000008   Data   RW         1105    .data               softtimer.o
    0x20001e28   COMPRESSED   0x0000001c   Data   RW         1188    .data               elog.o
    0x20001e44   COMPRESSED   0x00000001   Data   RW         1260    .data               segger_rtt.o
    0x20001e45   COMPRESSED   0x00000003   PAD
    0x20001e48        -       0x0000008c   Zero   RW          492    .bss                adc.o
    0x20001ed4   COMPRESSED   0x00000004   PAD
    0x20001ed8        -       0x00000018   Zero   RW          638    .bss                periph_i2c.o
    0x20001ef0        -       0x000000fe   Zero   RW          873    .bss                main.o
    0x20001fee   COMPRESSED   0x00000002   PAD
    0x20001ff0        -       0x00000260   Zero   RW          971    .bss                ipmi_protocol.o
    0x20002250        -       0x00000268   Zero   RW         1016    .bss                spi_protocol.o
    0x200024b8        -       0x0000c010   Zero   RW         1051    .bss                alloc.o
    0x2000e4c8        -       0x00000078   Zero   RW         1104    .bss                softtimer.o
    0x2000e540        -       0x000001a4   Zero   RW         1185    .bss                elog.o
    0x2000e6e4        -       0x000004b8   Zero   RW         1258    .bss                segger_rtt.o
    0x2000eb9c        -       0x00000060   Zero   RW         1550    .bss                c_w.l(libspace.o)
    0x2000ebfc   COMPRESSED   0x00000004   PAD
    0x2000ec00        -       0x00000f00   Zero   RW            2    HEAP                startup_stm32f40_41xxx.o
    0x2000fb00        -       0x00001000   Zero   RW            1    STACK               startup_stm32f40_41xxx.o


==============================================================================

Image component sizes


      Code (inc. data)   RO Data    RW Data    ZI Data      Debug   Object Name

      1408        354          0         56        140       2437   adc.o
       752        132         29          8      49168       4431   alloc.o
       260          8          0          4          0       1505   delay.o
      4492        844        221         28        420      12500   elog.o
         0          0          0          0          0       3231   elog_buf.o
        64         24          0          0          0       1766   elog_port.o
       620        126         35          0          0       1725   elog_utils.o
       396         12          0          0          0     244318   gpio.o
       376         36          0         56          0       3504   gpio_app.o
       740         90          0         20          0       2694   gx21m15.o
      9432       1162         33        436        608      26986   ipmi_protocol.o
        44          0          0          0          0        706   iwdg.o
       284         90          0         48        254      10443   main.o
       224         20          0          0          0     326121   misc.o
       244         10          0          8          0       2467   multitimer.o
       584          0          0          0          0       6075   myiic.o
      3428        276          0       5345         24      12050   periph_i2c.o
       284          0          0          0          0       5916   ringbuffer_u8.o
      3524         62         33          1       1208      21472   segger_rtt.o
      1096          6         16          0          0       4131   segger_rtt_printf.o
       392         52          0          8        120       4114   softtimer.o
       452         16          0          0          0       1817   spi.o
     10736        768        161       1668        616      20308   spi_protocol.o
        64         26        392          0       7936        884   startup_stm32f40_41xxx.o
      1124         24          0          0          0      10722   stm32f4xx_adc.o
       936         32          0          0          0       6425   stm32f4xx_dma.o
       660         44          0          0          0       4185   stm32f4xx_gpio.o
      1110         26          0          0          0       8707   stm32f4xx_i2c.o
        26          0          0          0          0       1254   stm32f4xx_it.o
        64          6          0          0          0       1353   stm32f4xx_iwdg.o
      1628         52          0         16          0      13072   stm32f4xx_rcc.o
      1152         36          0          0          0       6941   stm32f4xx_spi.o
      3234         60          0          0          0      23044   stm32f4xx_tim.o
      1108         34          0          0          0       7916   stm32f4xx_usart.o
       528         46          0         20          0       1863   system_stm32f4xx.o
       168          6          0         16          0       5277   timer.o
       524         16          0          6          0       3970   usart.o

    ----------------------------------------------------------------------
     52166       4496        955       7752      60500     816330   Object Totals
         0          0         32          0          0          0   (incl. Generated)
         8          0          3          8          6          0   (incl. Padding)

    ----------------------------------------------------------------------

      Code (inc. data)   RO Data    RW Data    ZI Data      Debug   Library Member Name

        24          4          0          0          0         84   __2printf.o
        56          6          0          0          0         88   __2snprintf.o
        90          0          0          0          0          0   __dczerorl2.o
         8          0          0          0          0         68   __main.o
       392          4         17          0          0         92   __printf_flags_ss_wp.o
        14          0          0          0          0         68   __printf_wp.o
         0          0          0          0          0          0   __rtentry.o
        12          0          0          0          0          0   __rtentry2.o
         6          0          0          0          0          0   __rtentry4.o
        52          8          0          0          0          0   __scatter.o
        28          0          0          0          0          0   __scatter_zi.o
         6          0          0          0          0          0   _printf_a.o
         6          0          0          0          0          0   _printf_c.o
        44          0          0          0          0        108   _printf_char.o
        48          6          0          0          0         96   _printf_char_common.o
        36          4          0          0          0         80   _printf_char_file.o
        40          0          0          0          0         68   _printf_charcount.o
         6          0          0          0          0          0   _printf_d.o
       120         16          0          0          0         92   _printf_dec.o
         6          0          0          0          0          0   _printf_e.o
         6          0          0          0          0          0   _printf_f.o
      1054          0          0          0          0        216   _printf_fp_dec.o
       764          8         38          0          0        100   _printf_fp_hex.o
       128         16          0          0          0         84   _printf_fp_infnan.o
         6          0          0          0          0          0   _printf_g.o
       148          4         40          0          0        160   _printf_hex_int_ll_ptr.o
         6          0          0          0          0          0   _printf_i.o
       178          0          0          0          0         88   _printf_intcommon.o
        10          0          0          0          0          0   _printf_l.o
         6          0          0          0          0          0   _printf_lc.o
        10          0          0          0          0          0   _printf_ll.o
         6          0          0          0          0          0   _printf_lld.o
         6          0          0          0          0          0   _printf_lli.o
         6          0          0          0          0          0   _printf_llo.o
         6          0          0          0          0          0   _printf_llu.o
         6          0          0          0          0          0   _printf_llx.o
       124         16          0          0          0         92   _printf_longlong_dec.o
         6          0          0          0          0          0   _printf_ls.o
         6          0          0          0          0          0   _printf_n.o
         6          0          0          0          0          0   _printf_o.o
       112         10          0          0          0        124   _printf_oct_int_ll.o
         6          0          0          0          0          0   _printf_p.o
        78          0          0          0          0        108   _printf_pad.o
         0          0          0          0          0          0   _printf_percent.o
         4          0          0          0          0          0   _printf_percent_end.o
         6          0          0          0          0          0   _printf_s.o
        82          0          0          0          0         80   _printf_str.o
        36          0          0          0          0         84   _printf_truncate.o
         6          0          0          0          0          0   _printf_u.o
        44          0          0          0          0        108   _printf_wchar.o
       188          6          8          0          0         92   _printf_wctomb.o
         6          0          0          0          0          0   _printf_x.o
        16          0          0          0          0         68   _snputc.o
        10          0          0          0          0         68   _sputc.o
        64          0          0          0          0         92   _wcrtomb.o
        16          0          0          0          0         68   aeabi_memset.o
       228          4        148          0          0         96   bigflt0.o
      1936        128          0          0          0        672   btod.o
        18          0          0          0          0         80   exit.o
         8          0          0          0          0         68   ferror.o
         6          0          0          0          0        152   heapauxi.o
        44         10        272          0          0         76   lc_ctype_c.o
        44         10         28          0          0         76   lc_numeric_c.o
         2          0          0          0          0          0   libinit.o
        34          0          0          0          0          0   libinit2.o
         2          0          0          0          0          0   libshutdown.o
         2          0          0          0          0          0   libshutdown2.o
         8          4          0          0         96         68   libspace.o
       138          0          0          0          0         80   lludiv10.o
        20          0          0          0          0         68   memchr.o
        16          4          0          0          0         76   rt_ctype_table.o
         8          4          0          0          0         68   rt_locale_intlibspace.o
        68          0          0          0          0         68   rt_memclr.o
        78          0          0          0          0         80   rt_memclr_w.o
       138          0          0          0          0         68   rt_memcpy_v6.o
       100          0          0          0          0         80   rt_memcpy_w.o
         2          0          0          0          0          0   rtexit.o
        10          0          0          0          0          0   rtexit2.o
       128          0          0          0          0         68   strcmpv7m.o
        62          0          0          0          0         76   strlen.o
       150          0          0          0          0         80   strncmp.o
        86          0          0          0          0         76   strncpy.o
        36          0          0          0          0         80   strstr.o
        74          0          0          0          0         80   sys_stackheap_outer.o
         2          0          0          0          0         68   use_no_semi.o
         2          0          0          0          0         68   use_no_semi_2.o
        52          4          0          0          0         80   vsnprintf.o
        24          0          0          0          0        164   basic.o
        98          4          0          0          0        140   d2f.o
        94          4          0          0          0        140   dfix.o
        38          0          0          0          0        116   dflt_clz.o
       340         12          0          0          0        152   dmul.o
       156          4          0          0          0        140   dnaninf.o
        12          0          0          0          0        116   dretinf.o
        86          4          0          0          0        132   f2d.o
       140          4          0          0          0        132   fnaninf.o
        10          0          0          0          0        116   fpinit.o
        10          0          0          0          0        116   fretinf.o
         4          0          0          0          0        116   printf1.o
         4          0          0          0          0        116   printf2.o
         0          0          0          0          0          0   usenofp.o
        48          0          0          0          0        124   fpclassify.o

    ----------------------------------------------------------------------
      8736        308        555          0        100       6848   Library Totals
        14          0          4          0          4          0   (incl. Padding)

    ----------------------------------------------------------------------

      Code (inc. data)   RO Data    RW Data    ZI Data      Debug   Library Name

      7658        276        551          0         96       5028   c_w.l
      1016         32          0          0          0       1696   fz_wm.l
        48          0          0          0          0        124   m_wm.l

    ----------------------------------------------------------------------
      8736        308        555          0        100       6848   Library Totals

    ----------------------------------------------------------------------

==============================================================================


      Code (inc. data)   RO Data    RW Data    ZI Data      Debug   

     60902       4804       1510       7752      60600     811318   Grand Totals
     60902       4804       1510        436      60600     811318   ELF Image Totals (compressed)
     60902       4804       1510        436          0          0   ROM Totals

==============================================================================

    Total RO  Size (Code + RO Data)                62412 (  60.95kB)
    Total RW  Size (RW Data + ZI Data)             68352 (  66.75kB)
    Total ROM Size (Code + RO Data + RW Data)      62848 (  61.38kB)

==============================================================================

