<html>
<body>
<pre>
<h1>礦ision Build Log</h1>
<h2>Tool Versions:</h2>
IDE-Version: μVision V5.39.0.0
Copyright (C) 2023 ARM Ltd and ARM Germany GmbH. All rights reserved.
License Information: 软件管家 软件管家, 软件管家, LIC=W96CK-ZWP69-C2ZL6-DCDAN-0DQA9-QDKGY
 
Tool Versions:
Toolchain:       MDK-ARM Professional  Version: 5.39.0.0
Toolchain Path:  D:\APP\Keil_v5\ARM\ARMCC\Bin
C Compiler:      Armcc.exe V5.06 update 7 (build 960)
Assembler:       Armasm.exe V5.06 update 7 (build 960)
Linker/Locator:  ArmLink.exe V5.06 update 7 (build 960)
Library Manager: ArmAr.exe V5.06 update 7 (build 960)
Hex Converter:   FromElf.exe V5.06 update 7 (build 960)
CPU DLL:         SARMCM3.DLL V5.39.0.0
Dialog DLL:      DCM.DLL V1.17.5.0
Target DLL:      Segger\JL2CM3.dll V2.99.43.0
Dialog DLL:      TCM.DLL V1.56.4.0
 
<h2>Project:</h2>
C:\Users\shizhenyu\Documents\WXWork\1688857249716419\Cache\File\2026-03\1413\SVN\DYGLB_U57\Project\MDK\DYGLB_U57.uvprojx
Project File Date:  03/09/2026

<h2>Output:</h2>
*** Using Compiler 'V5.06 update 7 (build 960)', folder: 'D:\APP\Keil_v5\ARM\ARMCC\Bin'
Rebuild target 'DYGLB_U57'
assembling startup_stm32f40_41xxx.s...
compiling stm32f4xx_iwdg.c...
compiling misc.c...
compiling stm32f4xx_flash.c...
compiling stm32f4xx_rcc.c...
compiling stm32f4xx_spi.c...
compiling stm32f4xx_pwr.c...
compiling stm32f4xx_syscfg.c...
compiling stm32f4xx_exti.c...
compiling stm32f4xx_gpio.c...
compiling stm32f4xx_adc.c...
compiling stm32f4xx_i2c.c...
compiling stm32f4xx_usart.c...
compiling stm32f4xx_dma.c...
compiling stm32f4xx_tim.c...
compiling timer.c...
compiling iwdg.c...
compiling ad5542_driver.c...
compiling sys.c...
compiling AD7606_Driver.c...
compiling periph_i2c.c...
compiling delay.c...
compiling at24cxx.c...
compiling MultiTimer.c...
compiling alloc.c...
compiling elog_buf.c...
compiling usart.c...
compiling ringbuffer_u8.c...
compiling elog.c...
compiling main.c...
..\..\User\main.c(61): warning:  #223-D: function "i2c_all_init" declared implicitly
  	i2c_all_init();					//初始化I2C
..\..\User\main.c(78): warning:  #167-D: argument of type "int32_t *" is incompatible with parameter of type "uint32_t *"
  	Flash_ReadBytes(0x080E0000+sizeof(k_u32),b_u32,sizeof(b_u32));
..\..\User\main.c(85): warning:  #223-D: function "config_Default_Power" declared implicitly
  	config_Default_Power(before_default_config_power);//按照before_default_config_power里的配置信息，对外设进行使能
..\..\User\main.c(99): warning:  #223-D: function "diffTimer" declared implicitly
  		temp=diffTimer(temp);	
..\..\User\main.c: 4 warnings, 0 errors
compiling system_stm32f4xx.c...
compiling stm32f4xx_it.c...
compiling elog_port.c...
compiling control_Dev.c...
..\..\User\control_Dev.c(201): warning:  #223-D: function "timer_getms_count" declared implicitly
  		selfRecoveTime_0=timer_getms_count();
..\..\User\control_Dev.c(242): warning:  #223-D: function "diffTimer" declared implicitly
  		selfRecoveTime_1=diffTimer(selfRecoveTime_0);
..\..\User\control_Dev.c(380): warning:  #223-D: function "timer_getms_count" declared implicitly
  		selfRecoveTime_0=timer_getms_count();
..\..\User\control_Dev.c: 3 warnings, 0 errors
compiling transf_jkkzb.c...
..\..\User\transf_jkkzb.c(244): warning:  #177-D: variable "timeout"  was declared but never referenced
  	uint16_t sum=0,timeout=0;
..\..\User\transf_jkkzb.c(325): warning:  #177-D: label "DATA_ERROR"  was declared but never referenced
  		DATA_ERROR:
..\..\User\transf_jkkzb.c: 2 warnings, 0 errors
compiling softtimer.c...
compiling elog_utils.c...
compiling logger.c...
compiling SEGGER_RTT_printf.c...
compiling SEGGER_RTT.c...
linking...
Program Size: Code=23748 RO-data=532 RW-data=3348 ZI-data=10012  
FromELF: creating hex file...
After Build - User command #2: fromelf.exe --text -a -c -o "C:\Users\shizhenyu\Documents\WXWork\1688857249716419\Cache\File\2026-03\1413\SVN\DYGLB_U57\Project\MDK\Objects\DYGLB_U57.dis" "C:\Users\shizhenyu\Documents\WXWork\1688857249716419\Cache\File\2026-03\1413\SVN\DYGLB_U57\Project\MDK\Objects\DYGLB_U57.axf"
".\Objects\DYGLB_U57.axf" - 0 Error(s), 9 Warning(s).

<h2>Software Packages used:</h2>

Package Vendor: Keil
                https://www.keil.com/pack/Keil.STM32F4xx_DFP.3.1.1.pack
                Keil::STM32F4xx_DFP@3.1.1
                STMicroelectronics STM32F4 Series Device Support

<h2>Collection of Component include folders:</h2>

<h2>Collection of Component Files used:</h2>
Build Time Elapsed:  00:00:29
</pre>
</body>
</html>
