<html>
<body>
<pre>
<h1>µVision Build Log</h1>
<h2>Tool Versions:</h2>
IDE-Version: ¦ÌVision V5.28.0.0
Copyright (C) 2019 ARM Ltd and ARM Germany GmbH. All rights reserved.
License Information: 111111 administrator, 111111, LIC=CZLZX-HA8CB-MMD9I-TPVY9-6VJYD-7G1K5
 
Tool Versions:
Toolchain:       MDK-ARM Plus  Version: 5.28.0.0
Toolchain Path:  C:\Program Files (x86)\MDK\528\ARM\ARMCC\Bin
C Compiler:      Armcc.exe V5.06 update 6 (build 750)
Assembler:       Armasm.exe V5.06 update 6 (build 750)
Linker/Locator:  ArmLink.exe V5.06 update 6 (build 750)
Library Manager: ArmAr.exe V5.06 update 6 (build 750)
Hex Converter:   FromElf.exe V5.06 update 6 (build 750)
CPU DLL:         SARMCM3.DLL V5.28.0.0
Dialog DLL:      DCM.DLL V1.17.3.0
Target DLL:      Segger\JL2CM3.dll V2.99.36.0
Dialog DLL:      TCM.DLL V1.36.2.0
 
<h2>Project:</h2>
F:\PROJECT\1413\SVN\DYGLB_U48\Project\MDK\DYGLB_U48.uvprojx
Project File Date:  07/08/2025

<h2>Output:</h2>
*** Using Compiler 'V5.06 update 6 (build 750)', folder: 'C:\Program Files (x86)\MDK\528\ARM\ARMCC\Bin'
Rebuild target 'DYGLB_U48'
assembling startup_stm32f40_41xxx.s...
compiling stm32f4xx_exti.c...
compiling misc.c...
compiling stm32f4xx_gpio.c...
compiling stm32f4xx_i2c.c...
compiling stm32f4xx_flash.c...
compiling stm32f4xx_iwdg.c...
compiling stm32f4xx_adc.c...
compiling stm32f4xx_pwr.c...
compiling stm32f4xx_syscfg.c...
compiling stm32f4xx_spi.c...
compiling stm32f4xx_usart.c...
compiling stm32f4xx_tim.c...
compiling stm32f4xx_rcc.c...
compiling stm32f4xx_dma.c...
compiling timer.c...
compiling iwdg.c...
compiling sys.c...
compiling usart.c...
compiling delay.c...
compiling AD7606_Driver.c...
compiling ad5542_driver.c...
..\..\Hardware\BSP\ad5542_driver.c(263): warning:  #177-D: variable "a"  was declared but never referenced
      float a=1.0f;
..\..\Hardware\BSP\ad5542_driver.c: 1 warning, 0 errors
compiling MultiTimer.c...
compiling alloc.c...
compiling main.c...
..\..\User\main.c(14): warning:  #177-D: variable "ret"  was declared but never referenced
  	int ret=0; 
..\..\User\main.c: 1 warning, 0 errors
compiling stm32f4xx_it.c...
compiling elog_buf.c...
compiling ringbuffer_u8.c...
compiling elog.c...
compiling system_stm32f4xx.c...
compiling control_Dev.c...
compiling transf_jkkzb.c...
compiling logger.c...
compiling elog_port.c...
compiling elog_utils.c...
compiling softtimer.c...
compiling SEGGER_RTT_printf.c...
compiling SEGGER_RTT.c...
linking...
Program Size: Code=20882 RO-data=474 RW-data=152 ZI-data=9368  
FromELF: creating hex file...
".\Objects\DYGLB_U48.axf" - 0 Error(s), 2 Warning(s).

<h2>Software Packages used:</h2>

Package Vendor: Keil
                https://www.keil.com/pack/Keil.STM32F4xx_DFP.2.17.1.pack
                Keil.STM32F4xx_DFP.2.17.1
                STMicroelectronics STM32F4 Series Device Support, Drivers and Examples

<h2>Collection of Component include folders:</h2>
  .\RTE\_DYGLB_U48
  C:\Program Files (x86)\MDK\Pack\Keil\STM32F4xx_DFP\2.17.1\Drivers\CMSIS\Device\ST\STM32F4xx\Include

<h2>Collection of Component Files used:</h2>
Build Time Elapsed:  00:00:06
</pre>
</body>
</html>
