<html>
<body>
<pre>
<h1>礦ision Build Log</h1>
<h2>Tool Versions:</h2>
IDE-Version: μVision V5.39.0.0
Copyright (C) 2023 ARM Ltd and ARM Germany GmbH. All rights reserved.
License Information: 软件管家 软件管家, 软件管家, LIC=W96CK-ZWP69-C2ZL6-DCDAN-0DQA9-QDKGY
 
Tool Versions:
Toolchain:       MDK-ARM Professional  Version: 5.39.0.0
Toolchain Path:  D:\APP\Keil_v5\ARM\ARMCC\Bin
C Compiler:      Armcc.exe V5.06 update 7 (build 960)
Assembler:       Armasm.exe V5.06 update 7 (build 960)
Linker/Locator:  ArmLink.exe V5.06 update 7 (build 960)
Library Manager: ArmAr.exe V5.06 update 7 (build 960)
Hex Converter:   FromElf.exe V5.06 update 7 (build 960)
CPU DLL:         SARMCM3.DLL V5.39.0.0
Dialog DLL:      DCM.DLL V1.17.5.0
Target DLL:      Segger\JL2CM3.dll V2.99.43.0
Dialog DLL:      TCM.DLL V1.56.4.0
 
<h2>Project:</h2>
E:\MCU\1413\电源告警不恢复\08.IPMI_PWR_2\USER\IPMI_PWR.uvprojx
Project File Date:  08/04/2026

<h2>Output:</h2>
*** Using Compiler 'V5.06 update 7 (build 960)', folder: 'D:\APP\Keil_v5\ARM\ARMCC\Bin'
Rebuild target 'Template'
compiling stm32f4xx_it.c...
compiling I2C.c...
compiling gpio_app.c...
compiling timer.c...
compiling ipmi_protocol.c...
ipmi_protocol.c(124): warning:  #177-D: variable "adcval"  was declared but never referenced
      u16 adcval = 0, current = 0;
ipmi_protocol.c(124): warning:  #177-D: variable "current"  was declared but never referenced
      u16 adcval = 0, current = 0;
ipmi_protocol.c(150): warning:  #177-D: variable "copy_len"  was declared but never referenced
      u16 copy_len = 0;
ipmi_protocol.c(360): warning:  #174-D: expression has no effect
          handler->status == I2C_RX_START;
ipmi_protocol.c(357): warning:  #177-D: variable "txbuff"  was declared but never referenced
      u8 buff[256] = {0}, txbuff[256] = {0};
ipmi_protocol.c: 5 warnings, 0 errors
compiling main.c...
main.c(73): warning:  #177-D: variable "err"  was declared but never referenced
      u8 err = 0;
main.c(141): warning:  #177-D: variable "temp"  was declared but never referenced
      float temp=0;
main.c: 2 warnings, 0 errors
compiling adc.c...
compiling led.c...
compiling gpio.c...
compiling periph_i2c.c...
periph_i2c.c(82): warning:  #177-D: variable "NVIC_InitStructure"  was declared but never referenced
      NVIC_InitTypeDef NVIC_InitStructure;
periph_i2c.c(83): warning:  #177-D: variable "I2C_InitStructure"  was declared but never referenced
      I2C_InitTypeDef I2C_InitStructure;
periph_i2c.c(107): warning:  #177-D: variable "NVIC_InitStructure"  was declared but never referenced
      NVIC_InitTypeDef NVIC_InitStructure;
periph_i2c.c(108): warning:  #177-D: variable "I2C_InitStructure"  was declared but never referenced
      I2C_InitTypeDef I2C_InitStructure;
periph_i2c.c(313): warning:  #177-D: function "i2c3_master_init"  was declared but never referenced
  static void i2c3_master_init(void)
periph_i2c.c: 5 warnings, 0 errors
compiling system_stm32f4xx.c...
compiling GX21.c...
GX21.c(57): warning:  #550-D: variable "ret"  was set but never used
  	u8 ret = 0;
GX21.c: 1 warning, 0 errors
assembling startup_stm32f40_41xxx.s...
compiling iwdg.c...
compiling myiic.c...
compiling misc.c...
compiling stm32f4xx_adc.c...
compiling stm32f4xx_crc.c...
compiling stm32f4xx_can.c...
compiling stm32f4xx_cryp.c...
compiling stm32f4xx_cryp_aes.c...
compiling stm32f4xx_cryp_des.c...
compiling stm32f4xx_cryp_tdes.c...
compiling stm32f4xx_dac.c...
compiling stm32f4xx_dbgmcu.c...
compiling stm32f4xx_dcmi.c...
compiling stm32f4xx_dma2d.c...
compiling stm32f4xx_exti.c...
compiling stm32f4xx_dma.c...
compiling stm32f4xx_flash.c...
compiling stm32f4xx_flash_ramfunc.c...
compiling stm32f4xx_fsmc.c...
compiling stm32f4xx_gpio.c...
compiling stm32f4xx_hash.c...
compiling stm32f4xx_hash_md5.c...
compiling stm32f4xx_hash_sha1.c...
compiling stm32f4xx_i2c.c...
compiling stm32f4xx_iwdg.c...
compiling stm32f4xx_ltdc.c...
compiling stm32f4xx_pwr.c...
compiling stm32f4xx_rng.c...
compiling stm32f4xx_rcc.c...
compiling stm32f4xx_sai.c...
compiling stm32f4xx_rtc.c...
compiling stm32f4xx_sdio.c...
compiling stm32f4xx_spi.c...
compiling MultiTimer.c...
compiling stm32f4xx_syscfg.c...
compiling stm32f4xx_usart.c...
compiling stm32f4xx_wwdg.c...
compiling ringbuffer_u8.c...
compiling stm32f4xx_tim.c...
compiling delay.c...
compiling SEGGER_RTT.c...
compiling SEGGER_RTT_printf.c...
compiling sys.c...
compiling usart.c...
compiling softtimer.c...
..\Middleware\MultiTimer\softtimer.c(111): warning:  #223-D: function "i2c_all_init" declared implicitly
      i2c_all_init();
..\Middleware\MultiTimer\softtimer.c(141): warning:  #550-D: variable "ret"  was set but never used
      int ret = 0;
..\Middleware\MultiTimer\softtimer.c: 2 warnings, 0 errors
linking...
Program Size: Code=14964 RO-data=484 RW-data=5560 ZI-data=3448  
FromELF: creating hex file...
"..\OBJ\Template.axf" - 0 Error(s), 15 Warning(s).

<h2>Software Packages used:</h2>

Package Vendor: Keil
                https://www.keil.com/pack/Keil.STM32F4xx_DFP.3.1.1.pack
                Keil::STM32F4xx_DFP@3.1.1
                STMicroelectronics STM32F4 Series Device Support

<h2>Collection of Component include folders:</h2>

<h2>Collection of Component Files used:</h2>
Build Time Elapsed:  00:00:14
</pre>
</body>
</html>
