<html>
<body>
<pre>
<h1>µVision Build Log</h1>
<h2>Tool Versions:</h2>
IDE-Version: ¦ÌVision V5.28.0.0
Copyright (C) 2019 ARM Ltd and ARM Germany GmbH. All rights reserved.
License Information: 111111 administrator, 111111, LIC=CZLZX-HA8CB-MMD9I-TPVY9-6VJYD-7G1K5
 
Tool Versions:
Toolchain:       MDK-ARM Plus  Version: 5.28.0.0
Toolchain Path:  C:\Program Files (x86)\MDK\528\ARM\ARMCC\Bin
C Compiler:      Armcc.exe V5.06 update 6 (build 750)
Assembler:       Armasm.exe V5.06 update 6 (build 750)
Linker/Locator:  ArmLink.exe V5.06 update 6 (build 750)
Library Manager: ArmAr.exe V5.06 update 6 (build 750)
Hex Converter:   FromElf.exe V5.06 update 6 (build 750)
CPU DLL:         SARMCM3.DLL V5.28.0.0
Dialog DLL:      DCM.DLL V1.17.3.0
Target DLL:      Segger\JL2CM3.dll V2.99.36.0
Dialog DLL:      TCM.DLL V1.36.2.0
 
<h2>Project:</h2>
F:\PROJECT\1413\SVN_BIAODING\DYGLB\Project\MDK\DYGLB.uvprojx
Project File Date:  07/10/2025

<h2>Output:</h2>
*** Using Compiler 'V5.06 update 6 (build 750)', folder: 'C:\Program Files (x86)\MDK\528\ARM\ARMCC\Bin'
Build target 'DYGLB'
compiling main.c...
..\..\User\main.c(151): warning:  #223-D: function "i2c_all_init" declared implicitly
  	i2c_all_init();
..\..\User\main.c(174): warning:  #223-D: function "save_k_b" declared implicitly
  		save_k_b();
..\..\User\main.c(177): warning:  #167-D: argument of type "int32_t *" is incompatible with parameter of type "const uint32_t *"
  		WriteMultiple32ToFlash(0x080E0000+sizeof(k_u32),b_u32,sizeof(b_u32));
..\..\User\main.c(180): warning:  #167-D: argument of type "int32_t *" is incompatible with parameter of type "uint32_t *"
  		Flash_ReadBytes(0x080E0000+sizeof(k_u32),readBuf_1,sizeof(b_u32));
..\..\User\main.c(144): warning:  #177-D: variable "ret"  was declared but never referenced
  	uint32_t ret=0,errNum=0;
..\..\User\main.c(144): warning:  #177-D: variable "errNum"  was declared but never referenced
  	uint32_t ret=0,errNum=0;
..\..\User\main.c(145): warning:  #177-D: variable "temp"  was declared but never referenced
  	uint16_t temp; 
..\..\User\main.c: 7 warnings, 0 errors
linking...
Program Size: Code=28434 RO-data=530 RW-data=3352 ZI-data=10096  
FromELF: creating hex file...
".\Objects\DYGLB.axf" - 0 Error(s), 7 Warning(s).

<h2>Software Packages used:</h2>

Package Vendor: Keil
                https://www.keil.com/pack/Keil.STM32F4xx_DFP.2.17.1.pack
                Keil.STM32F4xx_DFP.2.17.1
                STMicroelectronics STM32F4 Series Device Support, Drivers and Examples

<h2>Collection of Component include folders:</h2>
  .\RTE\_DYGLB
  C:\Program Files (x86)\MDK\Pack\Keil\STM32F4xx_DFP\2.17.1\Drivers\CMSIS\Device\ST\STM32F4xx\Include

<h2>Collection of Component Files used:</h2>
Build Time Elapsed:  00:00:01
</pre>
</body>
</html>
