<html>
<body>
<pre>
<h1>礦ision Build Log</h1>
<h2>Tool Versions:</h2>
IDE-Version: μVision V5.28.0.0
Copyright (C) 2019 ARM Ltd and ARM Germany GmbH. All rights reserved.
License Information: 111111 administrator, 111111, LIC=CZLZX-HA8CB-MMD9I-TPVY9-6VJYD-7G1K5
 
Tool Versions:
Toolchain:       MDK-ARM Plus  Version: 5.28.0.0
Toolchain Path:  C:\Program Files (x86)\MDK\528\ARM\ARMCC\Bin
C Compiler:      Armcc.exe V5.06 update 6 (build 750)
Assembler:       Armasm.exe V5.06 update 6 (build 750)
Linker/Locator:  ArmLink.exe V5.06 update 6 (build 750)
Library Manager: ArmAr.exe V5.06 update 6 (build 750)
Hex Converter:   FromElf.exe V5.06 update 6 (build 750)
CPU DLL:         SARMCM3.DLL V5.28.0.0
Dialog DLL:      DCM.DLL V1.17.3.0
Target DLL:      Segger\JL2CM3.dll V2.99.36.0
Dialog DLL:      TCM.DLL V1.36.2.0
 
<h2>Project:</h2>
F:\PROJECT\1413\SVN\DYGLB_U48\Project\MDK\DYGLB_U48.uvprojx
Project File Date:  09/19/2025

<h2>Output:</h2>
*** Using Compiler 'V5.06 update 6 (build 750)', folder: 'C:\Program Files (x86)\MDK\528\ARM\ARMCC\Bin'
Build target 'DYGLB_U48'
compiling ad5542_driver.c...
compiling periph_i2c.c...
compiling timer.c...
compiling at24cxx.c...
compiling main.c...
..\..\User\main.c(61): warning:  #223-D: function "i2c_all_init" declared implicitly
  	i2c_all_init();					//初始化I2C
..\..\User\main.c(78): warning:  #167-D: argument of type "int32_t *" is incompatible with parameter of type "uint32_t *"
  	Flash_ReadBytes(0x080E0000+sizeof(k_u32),b_u32,sizeof(b_u32));
..\..\User\main.c(85): warning:  #223-D: function "config_Default_Power" declared implicitly
  	config_Default_Power(before_default_config_power);//按照before_default_config_power里的配置信息，对外设进行使能
..\..\User\main.c(99): warning:  #223-D: function "diffTimer" declared implicitly
  		temp=diffTimer(temp);	
..\..\User\main.c: 4 warnings, 0 errors
compiling AD7606_Driver.c...
compiling control_Dev.c...
..\..\User\control_Dev.c(205): warning:  #223-D: function "timer_getms_count" declared implicitly
  		selfRecoveTime_0=timer_getms_count();
..\..\User\control_Dev.c(247): warning:  #223-D: function "diffTimer" declared implicitly
  		selfRecoveTime_1=diffTimer(selfRecoveTime_0);
..\..\User\control_Dev.c(387): warning:  #223-D: function "timer_getms_count" declared implicitly
  		selfRecoveTime_0=timer_getms_count();
..\..\User\control_Dev.c: 3 warnings, 0 errors
compiling softtimer.c...
compiling transf_jkkzb.c...
..\..\User\transf_jkkzb.c(244): warning:  #177-D: variable "timeout"  was declared but never referenced
  	uint16_t sum=0,timeout=0;
..\..\User\transf_jkkzb.c(325): warning:  #177-D: label "DATA_ERROR"  was declared but never referenced
  		DATA_ERROR:
..\..\User\transf_jkkzb.c: 2 warnings, 0 errors
linking...
Program Size: Code=29420 RO-data=532 RW-data=4440 ZI-data=10016  
FromELF: creating hex file...
".\Objects\DYGLB_U48.axf" - 0 Error(s), 9 Warning(s).

<h2>Software Packages used:</h2>

Package Vendor: Keil
                https://www.keil.com/pack/Keil.STM32F4xx_DFP.2.17.1.pack
                Keil.STM32F4xx_DFP.2.17.1
                STMicroelectronics STM32F4 Series Device Support, Drivers and Examples

<h2>Collection of Component include folders:</h2>
  .\RTE\_DYGLB_U48
  C:\Program Files (x86)\MDK\Pack\Keil\STM32F4xx_DFP\2.17.1\Drivers\CMSIS\Device\ST\STM32F4xx\Include

<h2>Collection of Component Files used:</h2>
Build Time Elapsed:  00:00:03
</pre>
</body>
</html>
