<html>
<body>
<pre>
<h1>礦ision Build Log</h1>
<h2>Tool Versions:</h2>
IDE-Version: μVision V5.39.0.0
Copyright (C) 2023 ARM Ltd and ARM Germany GmbH. All rights reserved.
License Information: 软件管家 软件管家, 软件管家, LIC=W96CK-ZWP69-C2ZL6-DCDAN-0DQA9-QDKGY
 
Tool Versions:
Toolchain:       MDK-ARM Professional  Version: 5.39.0.0
Toolchain Path:  D:\APP\Keil_v5\ARM\ARMCC\Bin
C Compiler:      Armcc.exe V5.06 update 7 (build 960)
Assembler:       Armasm.exe V5.06 update 7 (build 960)
Linker/Locator:  ArmLink.exe V5.06 update 7 (build 960)
Library Manager: ArmAr.exe V5.06 update 7 (build 960)
Hex Converter:   FromElf.exe V5.06 update 7 (build 960)
CPU DLL:         SARMCM3.DLL V5.39.0.0
Dialog DLL:      DCM.DLL V1.17.5.0
Target DLL:      Segger\JL2CM3.dll V2.99.43.0
Dialog DLL:      TCM.DLL V1.56.4.0
 
<h2>Project:</h2>
E:\MCU\1413\20260511_mianyang\03.IPMI_JKKZ\Project\MDK\IPMI_JKKZ.uvprojx
Project File Date:  07/17/2026

<h2>Output:</h2>
*** Using Compiler 'V5.06 update 7 (build 960)', folder: 'D:\APP\Keil_v5\ARM\ARMCC\Bin'
Rebuild target 'Target 1'
assembling startup_stm32f40_41xxx.s...
compiling stm32f4xx_gpio.c...
compiling stm32f4xx_iwdg.c...
compiling stm32f4xx_syscfg.c...
compiling misc.c...
compiling stm32f4xx_exti.c...
compiling stm32f4xx_i2c.c...
compiling stm32f4xx_pwr.c...
compiling stm32f4xx_adc.c...
compiling stm32f4xx_spi.c...
compiling stm32f4xx_flash.c...
compiling stm32f4xx_rcc.c...
compiling stm32f4xx_tim.c...
compiling stm32f4xx_usart.c...
compiling stm32f4xx_dma.c...
compiling led.c...
compiling myiic.c...
compiling adc.c...
compiling gpio.c...
compiling timer.c...
compiling periph_i2c.c...
..\..\Hardware\BSP\periph_i2c.c(82): warning:  #177-D: variable "NVIC_InitStructure"  was declared but never referenced
      NVIC_InitTypeDef NVIC_InitStructure;
..\..\Hardware\BSP\periph_i2c.c(83): warning:  #177-D: variable "I2C_InitStructure"  was declared but never referenced
      I2C_InitTypeDef I2C_InitStructure;
..\..\Hardware\BSP\periph_i2c.c(107): warning:  #177-D: variable "NVIC_InitStructure"  was declared but never referenced
      NVIC_InitTypeDef NVIC_InitStructure;
..\..\Hardware\BSP\periph_i2c.c(108): warning:  #177-D: variable "I2C_InitStructure"  was declared but never referenced
      I2C_InitTypeDef I2C_InitStructure;
..\..\Hardware\BSP\periph_i2c.c: 4 warnings, 0 errors
compiling gpio_app.c...
compiling gx21m15.c...
compiling delay.c...
compiling sys.c...
compiling usart.c...
..\..\System\usart\usart.c(155): warning:  #177-D: variable "NVIC_InitStructure"  was declared but never referenced
      NVIC_InitTypeDef NVIC_InitStructure;
..\..\System\usart\usart.c(203): warning:  #177-D: variable "NVIC_InitStructure"  was declared but never referenced
      NVIC_InitTypeDef NVIC_InitStructure;
..\..\System\usart\usart.c(252): warning:  #550-D: variable "Res"  was set but never used
      u8 Res;
..\..\System\usart\usart.c: 3 warnings, 0 errors
compiling main.c...
compiling stm32f4xx_it.c...
compiling system_stm32f4xx.c...
compiling alloc.c...
..\..\Middleware\alloc\alloc.c(245): warning:  #111-D: statement is unreachable
  			return NULL;
..\..\Middleware\alloc\alloc.c(291): warning:  #177-D: variable "p"  was declared but never referenced
  	ALLOC_HDR*bp, *p, *np;
..\..\Middleware\alloc\alloc.c(291): warning:  #177-D: variable "np"  was declared but never referenced
  	ALLOC_HDR*bp, *p, *np;
..\..\Middleware\alloc\alloc.c(294): warning:  #177-D: variable "aunits"  was declared but never referenced
  	unsigned aunits;
..\..\Middleware\alloc\alloc.c: 4 warnings, 0 errors
compiling MultiTimer.c...
compiling ipmi_protocol.c...
..\..\User\ipmi_protocol.c(77): warning:  #940-D: missing return statement at end of non-void function "ipmi_transmit" 
  }
..\..\User\ipmi_protocol.c(123): warning:  #177-D: variable "adcval"  was declared but never referenced
      u16 adcval = 0, current = 0;
..\..\User\ipmi_protocol.c(123): warning:  #177-D: variable "current"  was declared but never referenced
      u16 adcval = 0, current = 0;
..\..\User\ipmi_protocol.c(152): warning:  #177-D: variable "copy_len"  was declared but never referenced
      u16 copy_len = 0;
..\..\User\ipmi_protocol.c(353): warning:  #513-D: a value of type "int (*)(void *, u8 *, u8)" cannot be assigned to an entity of type "do_cmd_func"
      ipmi_i2ca.do_cmd = do_cmd_dispatch;
..\..\User\ipmi_protocol.c(354): warning:  #513-D: a value of type "int (*)(void *, u8 *, u8)" cannot be assigned to an entity of type "do_cmd_func"
      ipmi_i2cb.do_cmd = do_cmd_dispatch;
..\..\User\ipmi_protocol.c(367): warning:  #174-D: expression has no effect
          handler->status == I2C_RX_START;
..\..\User\ipmi_protocol.c(364): warning:  #177-D: variable "txbuff"  was declared but never referenced
      u8 buff[256] = {0}, txbuff[256] = {0};
..\..\User\ipmi_protocol.c: 8 warnings, 0 errors
compiling ringbuffer_u8.c...
compiling elog.c...
compiling softtimer.c...
..\..\Middleware\MultiTimer\softtimer.c(92): warning:  #223-D: function "gx21m15_temp_avg" declared implicitly
      sysmon.tempreture = gx21m15_temp_avg(); // 更新温度
..\..\Middleware\MultiTimer\softtimer.c(120): warning:  #550-D: variable "ret"  was set but never used
      int ret = 0;
..\..\Middleware\MultiTimer\softtimer.c: 2 warnings, 0 errors
compiling elog_buf.c...
compiling elog_port.c...
..\..\Middleware\logger\elog_port.c(111): warning:  #1-D: last line of file ends without a newline
  }
..\..\Middleware\logger\elog_port.c: 1 warning, 0 errors
compiling elog_utils.c...
compiling logger.c...
..\..\Middleware\logger\logger.c(27): warning:  #1-D: last line of file ends without a newline
  }
..\..\Middleware\logger\logger.c: 1 warning, 0 errors
compiling SEGGER_RTT.c...
compiling SEGGER_RTT_printf.c...
linking...
Program Size: Code=14010 RO-data=482 RW-data=5596 ZI-data=7612  
FromELF: creating hex file...
".\Objects\IPMI_ZJB.axf" - 0 Error(s), 23 Warning(s).

<h2>Software Packages used:</h2>

Package Vendor: Keil
                https://www.keil.com/pack/Keil.STM32F4xx_DFP.3.1.1.pack
                Keil::STM32F4xx_DFP@3.1.1
                STMicroelectronics STM32F4 Series Device Support

<h2>Collection of Component include folders:</h2>

<h2>Collection of Component Files used:</h2>
Build Time Elapsed:  00:00:17
</pre>
</body>
</html>
