Component: ARM Compiler 5.06 update 7 (build 960) Tool: armlink [4d3601]

==============================================================================

Section Cross References

    startup_stm32f40_41xxx.o(STACK) refers (Special) to heapauxi.o(.text) for __use_two_region_memory
    startup_stm32f40_41xxx.o(HEAP) refers (Special) to heapauxi.o(.text) for __use_two_region_memory
    startup_stm32f40_41xxx.o(RESET) refers (Special) to heapauxi.o(.text) for __use_two_region_memory
    startup_stm32f40_41xxx.o(RESET) refers to startup_stm32f40_41xxx.o(STACK) for __initial_sp
    startup_stm32f40_41xxx.o(RESET) refers to startup_stm32f40_41xxx.o(.text) for Reset_Handler
    startup_stm32f40_41xxx.o(RESET) refers to stm32f4xx_it.o(.text) for NMI_Handler
    startup_stm32f40_41xxx.o(RESET) refers to ad7606_driver.o(.text) for EXTI0_IRQHandler
    startup_stm32f40_41xxx.o(RESET) refers to timer.o(.text) for TIM2_IRQHandler
    startup_stm32f40_41xxx.o(RESET) refers to usart.o(.text) for USART2_IRQHandler
    startup_stm32f40_41xxx.o(.text) refers (Special) to heapauxi.o(.text) for __use_two_region_memory
    startup_stm32f40_41xxx.o(.text) refers to system_stm32f4xx.o(.text) for SystemInit
    startup_stm32f40_41xxx.o(.text) refers to __main.o(!!!main) for __main
    startup_stm32f40_41xxx.o(.text) refers to startup_stm32f40_41xxx.o(HEAP) for Heap_Mem
    startup_stm32f40_41xxx.o(.text) refers to startup_stm32f40_41xxx.o(STACK) for Stack_Mem
    stm32f4xx_adc.o(.text) refers to stm32f4xx_rcc.o(.text) for RCC_APB2PeriphResetCmd
    stm32f4xx_gpio.o(.text) refers to stm32f4xx_rcc.o(.text) for RCC_AHB1PeriphResetCmd
    stm32f4xx_i2c.o(.text) refers to stm32f4xx_rcc.o(.text) for RCC_APB1PeriphResetCmd
    stm32f4xx_pwr.o(.text) refers to stm32f4xx_rcc.o(.text) for RCC_APB1PeriphResetCmd
    stm32f4xx_rcc.o(.text) refers to stm32f4xx_rcc.o(.data) for APBAHBPrescTable
    stm32f4xx_spi.o(.text) refers to stm32f4xx_rcc.o(.text) for RCC_APB2PeriphResetCmd
    stm32f4xx_syscfg.o(.text) refers to stm32f4xx_rcc.o(.text) for RCC_APB2PeriphResetCmd
    stm32f4xx_tim.o(.text) refers to stm32f4xx_rcc.o(.text) for RCC_APB2PeriphResetCmd
    stm32f4xx_usart.o(.text) refers to stm32f4xx_rcc.o(.text) for RCC_APB2PeriphResetCmd
    timer.o(.text) refers to stm32f4xx_rcc.o(.text) for RCC_APB1PeriphClockCmd
    timer.o(.text) refers to stm32f4xx_tim.o(.text) for TIM_TimeBaseInit
    timer.o(.text) refers to misc.o(.text) for NVIC_Init
    timer.o(.text) refers to timer.o(.data) for timer2_count
    timer.o(.text) refers to control_dev.o(.data) for dev_Open_counter_time
    iwdg.o(.text) refers to stm32f4xx_iwdg.o(.text) for IWDG_WriteAccessCmd
    ad7606_driver.o(.text) refers to stm32f4xx_rcc.o(.text) for RCC_AHB1PeriphClockCmd
    ad7606_driver.o(.text) refers to stm32f4xx_gpio.o(.text) for GPIO_Init
    ad7606_driver.o(.text) refers to stm32f4xx_spi.o(.text) for SPI_Init
    ad7606_driver.o(.text) refers to stm32f4xx_syscfg.o(.text) for SYSCFG_EXTILineConfig
    ad7606_driver.o(.text) refers to stm32f4xx_exti.o(.text) for EXTI_Init
    ad7606_driver.o(.text) refers to misc.o(.text) for NVIC_Init
    ad7606_driver.o(.text) refers to dflt_clz.o(x$fpl$dflt) for __aeabi_i2d
    ad7606_driver.o(.text) refers to ddiv.o(x$fpl$ddiv) for __aeabi_ddiv
    ad7606_driver.o(.text) refers to dfixu.o(x$fpl$dfixu) for __aeabi_d2uiz
    ad7606_driver.o(.text) refers to ad7606_driver.o(.bss) for adc_data
    ad7606_driver.o(.text) refers to main.o(.bss) for b
    ad5542_driver.o(.text) refers to stm32f4xx_rcc.o(.text) for RCC_AHB1PeriphClockCmd
    ad5542_driver.o(.text) refers to stm32f4xx_gpio.o(.text) for GPIO_Init
    ad5542_driver.o(.text) refers to stm32f4xx_spi.o(.text) for SPI_Init
    ad5542_driver.o(.text) refers to delay.o(.text) for delay_us
    ad5542_driver.o(.text) refers to f2d.o(x$fpl$f2d) for __aeabi_f2d
    ad5542_driver.o(.text) refers to dmul.o(x$fpl$dmul) for __aeabi_dmul
    ad5542_driver.o(.text) refers to dfixu.o(x$fpl$dfixu) for __aeabi_d2uiz
    ad5542_driver.o(.text) refers to segger_rtt_printf.o(.text) for SEGGER_RTT_printf
    ad5542_driver.o(.text) refers to ad5542_driver.o(.data) for ad5542_KF
    ad5542_driver.o(.text) refers to control_dev.o(.data) for limit_Current_Data
    periph_i2c.o(.text) refers to stm32f4xx_rcc.o(.text) for RCC_APB1PeriphClockCmd
    periph_i2c.o(.text) refers to stm32f4xx_i2c.o(.text) for I2C_SoftwareResetCmd
    periph_i2c.o(.text) refers to stm32f4xx_gpio.o(.text) for GPIO_PinAFConfig
    periph_i2c.o(.text) refers to segger_rtt_printf.o(.text) for SEGGER_RTT_printf
    periph_i2c.o(.text) refers to rt_memclr_w.o(.text) for __aeabi_memclr4
    periph_i2c.o(.text) refers to rt_memcpy_v6.o(.text) for __aeabi_memcpy
    periph_i2c.o(.text) refers to ringbuffer_u8.o(.text) for u8_ring_buffer_init
    periph_i2c.o(.text) refers to periph_i2c.o(.data) for i2c1_int
    at24cxx.o(.text) refers to stm32f4xx_i2c.o(.text) for I2C_GenerateSTART
[...]
    .data                                    0x20001130   Section        8  multitimer.o(.data)
    timerList                                0x20001130   Data           4  multitimer.o(.data)
    platformTicksFunction                    0x20001134   Data           4  multitimer.o(.data)
    .data                                    0x20001138   Section        4  softtimer.o(.data)
    blink_count                              0x20001138   Data           4  softtimer.o(.data)
    .data                                    0x2000113c   Section        1  segger_rtt.o(.data)
    _ActiveTerminal                          0x2000113c   Data           1  segger_rtt.o(.data)
    .bss                                     0x20001140   Section      240  ad7606_driver.o(.bss)
    .bss                                     0x20001230   Section      200  usart.o(.bss)
    .bss                                     0x200012f8   Section      208  main.o(.bss)
    .bss                                     0x200013c8   Section       44  transf_jkkzb.o(.bss)
    .bss                                     0x200013f8   Section       24  softtimer.o(.bss)
    .bss                                     0x20001410   Section     1208  segger_rtt.o(.bss)
    _acUpBuffer                              0x200014b8   Data        1024  segger_rtt.o(.bss)
    _acDownBuffer                            0x200018b8   Data          16  segger_rtt.o(.bss)
    .bss                                     0x200018c8   Section       96  libspace.o(.bss)
    HEAP                                     0x20001928   Section     3840  startup_stm32f40_41xxx.o(HEAP)
    Heap_Mem                                 0x20001928   Data        3840  startup_stm32f40_41xxx.o(HEAP)
    STACK                                    0x20002828   Section     4096  startup_stm32f40_41xxx.o(STACK)
    Stack_Mem                                0x20002828   Data        4096  startup_stm32f40_41xxx.o(STACK)
    __initial_sp                             0x20003828   Data           0  startup_stm32f40_41xxx.o(STACK)

    Global Symbols

    Symbol Name                              Value     Ov Type        Size  Object(Section)

    BuildAttributes$$THM_ISAv4$E$P$D$K$B$S$7EM$VFPi3$EXTD16$VFPS$VFMA$PE$A:L22UL41UL21$X:L11$S22US41US21$IEEE1$IW$USESV6$~STKCKD$USESV7$~SHL$OTIME$ROPI$IEEEJ$EBA8$UX$STANDARDLIB$REQ8$PRES8$EABIv2 0x00000000   Number         0  anon$$obj.o ABSOLUTE
    __ARM_use_no_argv                        0x00000000   Number         0  main.o ABSOLUTE
    _printf_flags                            0x00000000   Number         0  printf_stubs.o ABSOLUTE
    _printf_return_value                     0x00000000   Number         0  printf_stubs.o ABSOLUTE
    _printf_sizespec                         0x00000000   Number         0  printf_stubs.o ABSOLUTE
    _printf_widthprec                        0x00000000   Number         0  printf_stubs.o ABSOLUTE
    __ARM_exceptions_init                     - Undefined Weak Reference
    __alloca_initialize                       - Undefined Weak Reference
    __arm_fini_                               - Undefined Weak Reference
    __arm_preinit_                            - Undefined Weak Reference
    __cpp_initialize__aeabi_                  - Undefined Weak Reference
    __cxa_finalize                            - Undefined Weak Reference
    __sigvec_lookup                           - Undefined Weak Reference
    _atexit_init                              - Undefined Weak Reference
    _call_atexit_fns                          - Undefined Weak Reference
    _clock_init                               - Undefined Weak Reference
    _fp_trap_init                             - Undefined Weak Reference
    _fp_trap_shutdown                         - Undefined Weak Reference
    _get_lc_collate                           - Undefined Weak Reference
    _get_lc_monetary                          - Undefined Weak Reference
    _get_lc_time                              - Undefined Weak Reference
    _getenv_init                              - Undefined Weak Reference
    _handle_redirection                       - Undefined Weak Reference
    _init_alloc                               - Undefined Weak Reference
    _init_user_alloc                          - Undefined Weak Reference
    _initio                                   - Undefined Weak Reference
    _mutex_acquire                            - Undefined Weak Reference
    _mutex_release                            - Undefined Weak Reference
    _printf_mbtowc                            - Undefined Weak Reference
    _printf_wc                                - Undefined Weak Reference
    _rand_init                                - Undefined Weak Reference
    _signal_finish                            - Undefined Weak Reference
    _signal_init                              - Undefined Weak Reference
    _terminate_alloc                          - Undefined Weak Reference
    _terminate_user_alloc                     - Undefined Weak Reference
    _terminateio                              - Undefined Weak Reference
    __Vectors_Size                           0x00000188   Number         0  startup_stm32f40_41xxx.o ABSOLUTE
    __Vectors                                0x08000000   Data           4  startup_stm32f40_41xxx.o(RESET)
    __Vectors_End                            0x08000188   Data           0  startup_stm32f40_41xxx.o(RESET)
    __main                                   0x08000189   Thumb Code     8  __main.o(!!!main)
    __scatterload                            0x08000191   Thumb Code     0  __scatter.o(!!!scatter)
    __scatterload_rt2                        0x08000191   Thumb Code    44  __scatter.o(!!!scatter)
    __scatterload_rt2_thumb_only             0x08000191   Thumb Code     0  __scatter.o(!!!scatter)
    __scatterload_null                       0x0800019f   Thumb Code     0  __scatter.o(!!!scatter)
    __decompress                             0x080001c5   Thumb Code    90  __dczerorl2.o(!!dczerorl2)
    __decompress1                            0x080001c5   Thumb Code     0  __dczerorl2.o(!!dczerorl2)
    __scatterload_zeroinit                   0x08000221   Thumb Code    28  __scatter_zi.o(!!handler_zi)
    _printf_d                                0x0800023d   Thumb Code     0  _printf_d.o(.ARM.Collect$$_printf_percent$$00000009)
    _printf_percent                          0x0800023d   Thumb Code     0  _printf_percent.o(.ARM.Collect$$_printf_percent$$00000000)
    _printf_x                                0x08000243   Thumb Code     0  _printf_x.o(.ARM.Collect$$_printf_percent$$0000000C)
    _printf_percent_end                      0x08000249   Thumb Code     0  _printf_percent_end.o(.ARM.Collect$$_printf_percent$$00000017)
    __rt_lib_init                            0x0800024d   Thumb Code     0  libinit.o(.ARM.Collect$$libinit$$00000000)
    __rt_lib_init_fp_1                       0x0800024f   Thumb Code     0  libinit2.o(.ARM.Collect$$libinit$$00000001)
    __rt_lib_init_alloca_1                   0x08000253   Thumb Code     0  libinit2.o(.ARM.Collect$$libinit$$0000002E)
    __rt_lib_init_argv_1                     0x08000253   Thumb Code     0  libinit2.o(.ARM.Collect$$libinit$$0000002C)
    __rt_lib_init_atexit_1                   0x08000253   Thumb Code     0  libinit2.o(.ARM.Collect$$libinit$$0000001B)
    __rt_lib_init_clock_1                    0x08000253   Thumb Code     0  libinit2.o(.ARM.Collect$$libinit$$00000021)
    __rt_lib_init_cpp_1                      0x08000253   Thumb Code     0  libinit2.o(.ARM.Collect$$libinit$$00000032)
    __rt_lib_init_exceptions_1               0x08000253   Thumb Code     0  libinit2.o(.ARM.Collect$$libinit$$00000030)
    __rt_lib_init_fp_trap_1                  0x08000253   Thumb Code     0  libinit2.o(.ARM.Collect$$libinit$$0000001F)
    __rt_lib_init_getenv_1                   0x08000253   Thumb Code     0  libinit2.o(.ARM.Collect$$libinit$$00000023)
    __rt_lib_init_heap_1                     0x08000253   Thumb Code     0  libinit2.o(.ARM.Collect$$libinit$$0000000A)
    __rt_lib_init_lc_collate_1               0x08000253   Thumb Code     0  libinit2.o(.ARM.Collect$$libinit$$00000011)
    __rt_lib_init_lc_ctype_1                 0x08000253   Thumb Code     0  libinit2.o(.ARM.Collect$$libinit$$00000013)
    __rt_lib_init_lc_monetary_1              0x08000253   Thumb Code     0  libinit2.o(.ARM.Collect$$libinit$$00000015)
    __rt_lib_init_lc_numeric_1               0x08000253   Thumb Code     0  libinit2.o(.ARM.Collect$$libinit$$00000017)
    __rt_lib_init_lc_time_1                  0x08000253   Thumb Code     0  libinit2.o(.ARM.Collect$$libinit$$00000019)
    __rt_lib_init_preinit_1                  0x08000253   Thumb Code     0  libinit2.o(.ARM.Collect$$libinit$$00000004)
    __rt_lib_init_rand_1                     0x08000253   Thumb Code     0  libinit2.o(.ARM.Collect$$libinit$$0000000E)
    __rt_lib_init_return                     0x08000253   Thumb Code     0  libinit2.o(.ARM.Collect$$libinit$$00000033)
    __rt_lib_init_signal_1                   0x08000253   Thumb Code     0  libinit2.o(.ARM.Collect$$libinit$$0000001D)
    __rt_lib_init_stdio_1                    0x08000253   Thumb Code     0  libinit2.o(.ARM.Collect$$libinit$$00000025)
    __rt_lib_init_user_alloc_1               0x08000253   Thumb Code     0  libinit2.o(.ARM.Collect$$libinit$$0000000C)
    __rt_lib_shutdown                        0x08000255   Thumb Code     0  libshutdown.o(.ARM.Collect$$libshutdown$$00000000)
    __rt_lib_shutdown_cpp_1                  0x08000257   Thumb Code     0  libshutdown2.o(.ARM.Collect$$libshutdown$$00000004)
    __rt_lib_shutdown_fini_1                 0x08000257   Thumb Code     0  libshutdown2.o(.ARM.Collect$$libshutdown$$00000002)
    __rt_lib_shutdown_fp_trap_1              0x08000257   Thumb Code     0  libshutdown2.o(.ARM.Collect$$libshutdown$$00000009)
    __rt_lib_shutdown_heap_1                 0x08000257   Thumb Code     0  libshutdown2.o(.ARM.Collect$$libshutdown$$00000011)
    __rt_lib_shutdown_return                 0x08000257   Thumb Code     0  libshutdown2.o(.ARM.Collect$$libshutdown$$00000012)
    __rt_lib_shutdown_signal_1               0x08000257   Thumb Code     0  libshutdown2.o(.ARM.Collect$$libshutdown$$0000000C)
    __rt_lib_shutdown_stdio_1                0x08000257   Thumb Code     0  libshutdown2.o(.ARM.Collect$$libshutdown$$00000006)
    __rt_lib_shutdown_user_alloc_1           0x08000257   Thumb Code     0  libshutdown2.o(.ARM.Collect$$libshutdown$$0000000E)
    __rt_entry                               0x08000259   Thumb Code     0  __rtentry.o(.ARM.Collect$$rtentry$$00000000)
    __rt_entry_presh_1                       0x08000259   Thumb Code     0  __rtentry2.o(.ARM.Collect$$rtentry$$00000002)
    __rt_entry_sh                            0x08000259   Thumb Code     0  __rtentry4.o(.ARM.Collect$$rtentry$$00000004)
    __rt_entry_li                            0x0800025f   Thumb Code     0  __rtentry2.o(.ARM.Collect$$rtentry$$0000000A)
    __rt_entry_postsh_1                      0x0800025f   Thumb Code     0  __rtentry2.o(.ARM.Collect$$rtentry$$00000009)
    __rt_entry_main                          0x08000263   Thumb Code     0  __rtentry2.o(.ARM.Collect$$rtentry$$0000000D)
    __rt_entry_postli_1                      0x08000263   Thumb Code     0  __rtentry2.o(.ARM.Collect$$rtentry$$0000000C)
    __rt_exit                                0x0800026b   Thumb Code     0  rtexit.o(.ARM.Collect$$rtexit$$00000000)
    __rt_exit_ls                             0x0800026d   Thumb Code     0  rtexit2.o(.ARM.Collect$$rtexit$$00000003)
    __rt_exit_prels_1                        0x0800026d   Thumb Code     0  rtexit2.o(.ARM.Collect$$rtexit$$00000002)
    __rt_exit_exit                           0x08000271   Thumb Code     0  rtexit2.o(.ARM.Collect$$rtexit$$00000004)
    Reset_Handler                            0x08000279   Thumb Code     8  startup_stm32f40_41xxx.o(.text)
    ADC_IRQHandler                           0x08000293   Thumb Code     0  startup_stm32f40_41xxx.o(.text)
    CAN1_RX0_IRQHandler                      0x08000293   Thumb Code     0  startup_stm32f40_41xxx.o(.text)
    CAN1_RX1_IRQHandler                      0x08000293   Thumb Code     0  startup_stm32f40_41xxx.o(.text)
    CAN1_SCE_IRQHandler                      0x08000293   Thumb Code     0  startup_stm32f40_41xxx.o(.text)
    CAN1_TX_IRQHandler                       0x08000293   Thumb Code     0  startup_stm32f40_41xxx.o(.text)
    CAN2_RX0_IRQHandler                      0x08000293   Thumb Code     0  startup_stm32f40_41xxx.o(.text)
    CAN2_RX1_IRQHandler                      0x08000293   Thumb Code     0  startup_stm32f40_41xxx.o(.text)
    CAN2_SCE_IRQHandler                      0x08000293   Thumb Code     0  startup_stm32f40_41xxx.o(.text)
    CAN2_TX_IRQHandler                       0x08000293   Thumb Code     0  startup_stm32f40_41xxx.o(.text)
    CRYP_IRQHandler                          0x08000293   Thumb Code     0  startup_stm32f40_41xxx.o(.text)
    DCMI_IRQHandler                          0x08000293   Thumb Code     0  startup_stm32f40_41xxx.o(.text)
    DMA1_Stream0_IRQHandler                  0x08000293   Thumb Code     0  startup_stm32f40_41xxx.o(.text)
    DMA1_Stream1_IRQHandler                  0x08000293   Thumb Code     0  startup_stm32f40_41xxx.o(.text)
    DMA1_Stream2_IRQHandler                  0x08000293   Thumb Code     0  startup_stm32f40_41xxx.o(.text)
    DMA1_Stream3_IRQHandler                  0x08000293   Thumb Code     0  startup_stm32f40_41xxx.o(.text)
    DMA1_Stream4_IRQHandler                  0x08000293   Thumb Code     0  startup_stm32f40_41xxx.o(.text)
    DMA1_Stream5_IRQHandler                  0x08000293   Thumb Code     0  startup_stm32f40_41xxx.o(.text)
    DMA1_Stream6_IRQHandler                  0x08000293   Thumb Code     0  startup_stm32f40_41xxx.o(.text)
    DMA1_Stream7_IRQHandler                  0x08000293   Thumb Code     0  startup_stm32f40_41xxx.o(.text)
    DMA2_Stream0_IRQHandler                  0x08000293   Thumb Code     0  startup_stm32f40_41xxx.o(.text)
    DMA2_Stream1_IRQHandler                  0x08000293   Thumb Code     0  startup_stm32f40_41xxx.o(.text)
    DMA2_Stream2_IRQHandler                  0x08000293   Thumb Code     0  startup_stm32f40_41xxx.o(.text)
    DMA2_Stream3_IRQHandler                  0x08000293   Thumb Code     0  startup_stm32f40_41xxx.o(.text)
    DMA2_Stream4_IRQHandler                  0x08000293   Thumb Code     0  startup_stm32f40_41xxx.o(.text)
    DMA2_Stream5_IRQHandler                  0x08000293   Thumb Code     0  startup_stm32f40_41xxx.o(.text)
    DMA2_Stream6_IRQHandler                  0x08000293   Thumb Code     0  startup_stm32f40_41xxx.o(.text)
    DMA2_Stream7_IRQHandler                  0x08000293   Thumb Code     0  startup_stm32f40_41xxx.o(.text)
    ETH_IRQHandler                           0x08000293   Thumb Code     0  startup_stm32f40_41xxx.o(.text)
    ETH_WKUP_IRQHandler                      0x08000293   Thumb Code     0  startup_stm32f40_41xxx.o(.text)
    EXTI15_10_IRQHandler                     0x08000293   Thumb Code     0  startup_stm32f40_41xxx.o(.text)
    EXTI1_IRQHandler                         0x08000293   Thumb Code     0  startup_stm32f40_41xxx.o(.text)
    EXTI2_IRQHandler                         0x08000293   Thumb Code     0  startup_stm32f40_41xxx.o(.text)
    EXTI3_IRQHandler                         0x08000293   Thumb Code     0  startup_stm32f40_41xxx.o(.text)
    EXTI4_IRQHandler                         0x08000293   Thumb Code     0  startup_stm32f40_41xxx.o(.text)
    EXTI9_5_IRQHandler                       0x08000293   Thumb Code     0  startup_stm32f40_41xxx.o(.text)
    FLASH_IRQHandler                         0x08000293   Thumb Code     0  startup_stm32f40_41xxx.o(.text)
    FPU_IRQHandler                           0x08000293   Thumb Code     0  startup_stm32f40_41xxx.o(.text)
    FSMC_IRQHandler                          0x08000293   Thumb Code     0  startup_stm32f40_41xxx.o(.text)
    HASH_RNG_IRQHandler                      0x08000293   Thumb Code     0  startup_stm32f40_41xxx.o(.text)
    I2C1_ER_IRQHandler                       0x08000293   Thumb Code     0  startup_stm32f40_41xxx.o(.text)
    I2C1_EV_IRQHandler                       0x08000293   Thumb Code     0  startup_stm32f40_41xxx.o(.text)
    I2C2_ER_IRQHandler                       0x08000293   Thumb Code     0  startup_stm32f40_41xxx.o(.text)
    I2C2_EV_IRQHandler                       0x08000293   Thumb Code     0  startup_stm32f40_41xxx.o(.text)
    I2C3_ER_IRQHandler                       0x08000293   Thumb Code     0  startup_stm32f40_41xxx.o(.text)
    I2C3_EV_IRQHandler                       0x08000293   Thumb Code     0  startup_stm32f40_41xxx.o(.text)
    OTG_FS_IRQHandler                        0x08000293   Thumb Code     0  startup_stm32f40_41xxx.o(.text)
    OTG_FS_WKUP_IRQHandler                   0x08000293   Thumb Code     0  startup_stm32f40_41xxx.o(.text)
    OTG_HS_EP1_IN_IRQHandler                 0x08000293   Thumb Code     0  startup_stm32f40_41xxx.o(.text)
    OTG_HS_EP1_OUT_IRQHandler                0x08000293   Thumb Code     0  startup_stm32f40_41xxx.o(.text)
    OTG_HS_IRQHandler                        0x08000293   Thumb Code     0  startup_stm32f40_41xxx.o(.text)
    OTG_HS_WKUP_IRQHandler                   0x08000293   Thumb Code     0  startup_stm32f40_41xxx.o(.text)
    PVD_IRQHandler                           0x08000293   Thumb Code     0  startup_stm32f40_41xxx.o(.text)
    RCC_IRQHandler                           0x08000293   Thumb Code     0  startup_stm32f40_41xxx.o(.text)
    RTC_Alarm_IRQHandler                     0x08000293   Thumb Code     0  startup_stm32f40_41xxx.o(.text)
    RTC_WKUP_IRQHandler                      0x08000293   Thumb Code     0  startup_stm32f40_41xxx.o(.text)
    SDIO_IRQHandler                          0x08000293   Thumb Code     0  startup_stm32f40_41xxx.o(.text)
    SPI1_IRQHandler                          0x08000293   Thumb Code     0  startup_stm32f40_41xxx.o(.text)
    SPI2_IRQHandler                          0x08000293   Thumb Code     0  startup_stm32f40_41xxx.o(.text)
    SPI3_IRQHandler                          0x08000293   Thumb Code     0  startup_stm32f40_41xxx.o(.text)
    TAMP_STAMP_IRQHandler                    0x08000293   Thumb Code     0  startup_stm32f40_41xxx.o(.text)
    TIM1_BRK_TIM9_IRQHandler                 0x08000293   Thumb Code     0  startup_stm32f40_41xxx.o(.text)
    TIM1_CC_IRQHandler                       0x08000293   Thumb Code     0  startup_stm32f40_41xxx.o(.text)
    TIM1_TRG_COM_TIM11_IRQHandler            0x08000293   Thumb Code     0  startup_stm32f40_41xxx.o(.text)
    TIM1_UP_TIM10_IRQHandler                 0x08000293   Thumb Code     0  startup_stm32f40_41xxx.o(.text)
    TIM4_IRQHandler                          0x08000293   Thumb Code     0  startup_stm32f40_41xxx.o(.text)
    TIM5_IRQHandler                          0x08000293   Thumb Code     0  startup_stm32f40_41xxx.o(.text)
    TIM6_DAC_IRQHandler                      0x08000293   Thumb Code     0  startup_stm32f40_41xxx.o(.text)
    TIM7_IRQHandler                          0x08000293   Thumb Code     0  startup_stm32f40_41xxx.o(.text)
    TIM8_BRK_TIM12_IRQHandler                0x08000293   Thumb Code     0  startup_stm32f40_41xxx.o(.text)
    TIM8_CC_IRQHandler                       0x08000293   Thumb Code     0  startup_stm32f40_41xxx.o(.text)
    TIM8_TRG_COM_TIM14_IRQHandler            0x08000293   Thumb Code     0  startup_stm32f40_41xxx.o(.text)
    TIM8_UP_TIM13_IRQHandler                 0x08000293   Thumb Code     0  startup_stm32f40_41xxx.o(.text)
    UART4_IRQHandler                         0x08000293   Thumb Code     0  startup_stm32f40_41xxx.o(.text)
    UART5_IRQHandler                         0x08000293   Thumb Code     0  startup_stm32f40_41xxx.o(.text)
    USART1_IRQHandler                        0x08000293   Thumb Code     0  startup_stm32f40_41xxx.o(.text)
    USART3_IRQHandler                        0x08000293   Thumb Code     0  startup_stm32f40_41xxx.o(.text)
    USART6_IRQHandler                        0x08000293   Thumb Code     0  startup_stm32f40_41xxx.o(.text)
    WWDG_IRQHandler                          0x08000293   Thumb Code     0  startup_stm32f40_41xxx.o(.text)
    __user_initial_stackheap                 0x08000295   Thumb Code     0  startup_stm32f40_41xxx.o(.text)
    NVIC_PriorityGroupConfig                 0x080002b9   Thumb Code    10  misc.o(.text)
    NVIC_Init                                0x080002c3   Thumb Code   106  misc.o(.text)
    NVIC_SetVectorTable                      0x0800032d   Thumb Code    14  misc.o(.text)
    NVIC_SystemLPConfig                      0x0800033b   Thumb Code    34  misc.o(.text)
    SysTick_CLKSourceConfig                  0x0800035d   Thumb Code    40  misc.o(.text)
    EXTI_DeInit                              0x08000399   Thumb Code    28  stm32f4xx_exti.o(.text)
    EXTI_Init                                0x080003b5   Thumb Code   142  stm32f4xx_exti.o(.text)
    EXTI_StructInit                          0x08000443   Thumb Code    16  stm32f4xx_exti.o(.text)
    EXTI_GenerateSWInterrupt                 0x08000453   Thumb Code    16  stm32f4xx_exti.o(.text)
    EXTI_GetFlagStatus                       0x08000463   Thumb Code    22  stm32f4xx_exti.o(.text)
    EXTI_ClearFlag                           0x08000479   Thumb Code     8  stm32f4xx_exti.o(.text)
    EXTI_GetITStatus                         0x08000481   Thumb Code    22  stm32f4xx_exti.o(.text)
    EXTI_ClearITPendingBit                   0x08000497   Thumb Code     8  stm32f4xx_exti.o(.text)
    GPIO_DeInit                              0x080004a9   Thumb Code   268  stm32f4xx_gpio.o(.text)
    GPIO_Init                                0x080005b5   Thumb Code   144  stm32f4xx_gpio.o(.text)
    GPIO_StructInit                          0x08000645   Thumb Code    18  stm32f4xx_gpio.o(.text)
    GPIO_PinLockConfig                       0x08000657   Thumb Code    34  stm32f4xx_gpio.o(.text)
    GPIO_ReadInputDataBit                    0x08000679   Thumb Code    18  stm32f4xx_gpio.o(.text)
    GPIO_ReadInputData                       0x0800068b   Thumb Code     8  stm32f4xx_gpio.o(.text)
    GPIO_ReadOutputDataBit                   0x08000693   Thumb Code    18  stm32f4xx_gpio.o(.text)
    GPIO_ReadOutputData                      0x080006a5   Thumb Code     8  stm32f4xx_gpio.o(.text)
    GPIO_SetBits                             0x080006ad   Thumb Code     4  stm32f4xx_gpio.o(.text)
    GPIO_ResetBits                           0x080006b1   Thumb Code     4  stm32f4xx_gpio.o(.text)
    GPIO_WriteBit                            0x080006b5   Thumb Code    10  stm32f4xx_gpio.o(.text)
    GPIO_Write                               0x080006bf   Thumb Code     4  stm32f4xx_gpio.o(.text)
    GPIO_ToggleBits                          0x080006c3   Thumb Code     8  stm32f4xx_gpio.o(.text)
    GPIO_PinAFConfig                         0x080006cb   Thumb Code    70  stm32f4xx_gpio.o(.text)
    I2C_DeInit                               0x0800073d   Thumb Code    82  stm32f4xx_i2c.o(.text)
    I2C_Init                                 0x0800078f   Thumb Code   218  stm32f4xx_i2c.o(.text)
    I2C_StructInit                           0x08000869   Thumb Code    30  stm32f4xx_i2c.o(.text)
    I2C_Cmd                                  0x08000887   Thumb Code    24  stm32f4xx_i2c.o(.text)
    I2C_AnalogFilterCmd                      0x0800089f   Thumb Code    24  stm32f4xx_i2c.o(.text)
    I2C_DigitalFilterConfig                  0x080008b7   Thumb Code    22  stm32f4xx_i2c.o(.text)
    I2C_GenerateSTART                        0x080008cd   Thumb Code    24  stm32f4xx_i2c.o(.text)
    I2C_GenerateSTOP                         0x080008e5   Thumb Code    24  stm32f4xx_i2c.o(.text)
    I2C_Send7bitAddress                      0x080008fd   Thumb Code    16  stm32f4xx_i2c.o(.text)
    I2C_AcknowledgeConfig                    0x0800090d   Thumb Code    24  stm32f4xx_i2c.o(.text)
    I2C_OwnAddress2Config                    0x08000925   Thumb Code    22  stm32f4xx_i2c.o(.text)
    I2C_DualAddressCmd                       0x0800093b   Thumb Code    24  stm32f4xx_i2c.o(.text)
    I2C_GeneralCallCmd                       0x08000953   Thumb Code    24  stm32f4xx_i2c.o(.text)
    I2C_SoftwareResetCmd                     0x0800096b   Thumb Code    22  stm32f4xx_i2c.o(.text)
    I2C_StretchClockCmd                      0x08000981   Thumb Code    24  stm32f4xx_i2c.o(.text)
    I2C_FastModeDutyCycleConfig              0x08000999   Thumb Code    28  stm32f4xx_i2c.o(.text)
    I2C_NACKPositionConfig                   0x080009b5   Thumb Code    28  stm32f4xx_i2c.o(.text)
    I2C_SMBusAlertConfig                     0x080009d1   Thumb Code    28  stm32f4xx_i2c.o(.text)
    I2C_ARPCmd                               0x080009ed   Thumb Code    24  stm32f4xx_i2c.o(.text)
    I2C_SendData                             0x08000a05   Thumb Code     4  stm32f4xx_i2c.o(.text)
    I2C_ReceiveData                          0x08000a09   Thumb Code     8  stm32f4xx_i2c.o(.text)
    I2C_TransmitPEC                          0x08000a11   Thumb Code    24  stm32f4xx_i2c.o(.text)
    I2C_PECPositionConfig                    0x08000a29   Thumb Code    28  stm32f4xx_i2c.o(.text)
    I2C_CalculatePEC                         0x08000a45   Thumb Code    24  stm32f4xx_i2c.o(.text)
    I2C_GetPEC                               0x08000a5d   Thumb Code     8  stm32f4xx_i2c.o(.text)
    I2C_DMACmd                               0x08000a65   Thumb Code    24  stm32f4xx_i2c.o(.text)
    I2C_DMALastTransferCmd                   0x08000a7d   Thumb Code    24  stm32f4xx_i2c.o(.text)
    I2C_ReadRegister                         0x08000a95   Thumb Code    22  stm32f4xx_i2c.o(.text)
    I2C_ITConfig                             0x08000aab   Thumb Code    18  stm32f4xx_i2c.o(.text)
    I2C_CheckEvent                           0x08000abd   Thumb Code    42  stm32f4xx_i2c.o(.text)
    I2C_GetLastEvent                         0x08000ae7   Thumb Code    26  stm32f4xx_i2c.o(.text)
    I2C_GetFlagStatus                        0x08000b01   Thumb Code    84  stm32f4xx_i2c.o(.text)
    I2C_ClearFlag                            0x08000b55   Thumb Code    12  stm32f4xx_i2c.o(.text)
    I2C_GetITStatus                          0x08000b61   Thumb Code    38  stm32f4xx_i2c.o(.text)
    I2C_ClearITPendingBit                    0x08000b87   Thumb Code    12  stm32f4xx_i2c.o(.text)
    IWDG_WriteAccessCmd                      0x08000b95   Thumb Code     6  stm32f4xx_iwdg.o(.text)
    IWDG_SetPrescaler                        0x08000b9b   Thumb Code     6  stm32f4xx_iwdg.o(.text)
    IWDG_SetReload                           0x08000ba1   Thumb Code     6  stm32f4xx_iwdg.o(.text)
    IWDG_ReloadCounter                       0x08000ba7   Thumb Code    10  stm32f4xx_iwdg.o(.text)
    IWDG_Enable                              0x08000bb1   Thumb Code    10  stm32f4xx_iwdg.o(.text)
    IWDG_GetFlagStatus                       0x08000bbb   Thumb Code    20  stm32f4xx_iwdg.o(.text)
    RCC_DeInit                               0x08000bd5   Thumb Code    82  stm32f4xx_rcc.o(.text)
    RCC_HSEConfig                            0x08000c27   Thumb Code    14  stm32f4xx_rcc.o(.text)
    RCC_GetFlagStatus                        0x08000c35   Thumb Code    60  stm32f4xx_rcc.o(.text)
    RCC_WaitForHSEStartUp                    0x08000c71   Thumb Code    56  stm32f4xx_rcc.o(.text)
    RCC_AdjustHSICalibrationValue            0x08000ca9   Thumb Code    20  stm32f4xx_rcc.o(.text)
    RCC_HSICmd                               0x08000cbd   Thumb Code     6  stm32f4xx_rcc.o(.text)
    RCC_LSEConfig                            0x08000cc3   Thumb Code    46  stm32f4xx_rcc.o(.text)
    RCC_LSICmd                               0x08000cf1   Thumb Code     6  stm32f4xx_rcc.o(.text)
    RCC_PLLConfig                            0x08000cf7   Thumb Code    32  stm32f4xx_rcc.o(.text)
    RCC_PLLCmd                               0x08000d17   Thumb Code     6  stm32f4xx_rcc.o(.text)
    RCC_PLLI2SConfig                         0x08000d1d   Thumb Code    14  stm32f4xx_rcc.o(.text)
    RCC_PLLI2SCmd                            0x08000d2b   Thumb Code     6  stm32f4xx_rcc.o(.text)
    RCC_PLLSAIConfig                         0x08000d31   Thumb Code    20  stm32f4xx_rcc.o(.text)
    RCC_PLLSAICmd                            0x08000d45   Thumb Code     6  stm32f4xx_rcc.o(.text)
    RCC_ClockSecuritySystemCmd               0x08000d4b   Thumb Code     6  stm32f4xx_rcc.o(.text)
    RCC_MCO1Config                           0x08000d51   Thumb Code    28  stm32f4xx_rcc.o(.text)
    RCC_MCO2Config                           0x08000d6d   Thumb Code    28  stm32f4xx_rcc.o(.text)
    RCC_SYSCLKConfig                         0x08000d89   Thumb Code    20  stm32f4xx_rcc.o(.text)
    RCC_GetSYSCLKSource                      0x08000d9d   Thumb Code    12  stm32f4xx_rcc.o(.text)
    RCC_HCLKConfig                           0x08000da9   Thumb Code    20  stm32f4xx_rcc.o(.text)
    RCC_PCLK1Config                          0x08000dbd   Thumb Code    20  stm32f4xx_rcc.o(.text)
    RCC_PCLK2Config                          0x08000dd1   Thumb Code    22  stm32f4xx_rcc.o(.text)
    RCC_GetClocksFreq                        0x08000de7   Thumb Code   222  stm32f4xx_rcc.o(.text)
    RCC_RTCCLKConfig                         0x08000ec5   Thumb Code    54  stm32f4xx_rcc.o(.text)
    RCC_RTCCLKCmd                            0x08000efb   Thumb Code     8  stm32f4xx_rcc.o(.text)
    RCC_BackupResetCmd                       0x08000f03   Thumb Code     8  stm32f4xx_rcc.o(.text)
    RCC_I2SCLKConfig                         0x08000f0b   Thumb Code     6  stm32f4xx_rcc.o(.text)
    RCC_SAIPLLI2SClkDivConfig                0x08000f11   Thumb Code    26  stm32f4xx_rcc.o(.text)
    RCC_SAIPLLSAIClkDivConfig                0x08000f2b   Thumb Code    28  stm32f4xx_rcc.o(.text)
    RCC_SAIBlockACLKConfig                   0x08000f47   Thumb Code    20  stm32f4xx_rcc.o(.text)
    RCC_SAIBlockBCLKConfig                   0x08000f5b   Thumb Code    20  stm32f4xx_rcc.o(.text)
    RCC_LTDCCLKDivConfig                     0x08000f6f   Thumb Code    20  stm32f4xx_rcc.o(.text)
    RCC_TIMCLKPresConfig                     0x08000f83   Thumb Code     6  stm32f4xx_rcc.o(.text)
    RCC_AHB1PeriphClockCmd                   0x08000f89   Thumb Code    34  stm32f4xx_rcc.o(.text)
    RCC_AHB2PeriphClockCmd                   0x08000fab   Thumb Code    78  stm32f4xx_rcc.o(.text)
    RCC_AHB3PeriphClockCmd                   0x08000ff9   Thumb Code    34  stm32f4xx_rcc.o(.text)
    RCC_APB1PeriphClockCmd                   0x0800101b   Thumb Code    34  stm32f4xx_rcc.o(.text)
    RCC_APB2PeriphClockCmd                   0x0800103d   Thumb Code    34  stm32f4xx_rcc.o(.text)
    RCC_AHB1PeriphResetCmd                   0x0800105f   Thumb Code    34  stm32f4xx_rcc.o(.text)
    RCC_AHB2PeriphResetCmd                   0x08001081   Thumb Code    34  stm32f4xx_rcc.o(.text)
    RCC_AHB3PeriphResetCmd                   0x080010a3   Thumb Code    34  stm32f4xx_rcc.o(.text)
    RCC_APB1PeriphResetCmd                   0x080010c5   Thumb Code    34  stm32f4xx_rcc.o(.text)
    RCC_APB2PeriphResetCmd                   0x080010e7   Thumb Code    34  stm32f4xx_rcc.o(.text)
    RCC_AHB1PeriphClockLPModeCmd             0x08001109   Thumb Code    34  stm32f4xx_rcc.o(.text)
    RCC_AHB2PeriphClockLPModeCmd             0x0800112b   Thumb Code    34  stm32f4xx_rcc.o(.text)
    RCC_AHB3PeriphClockLPModeCmd             0x0800114d   Thumb Code    34  stm32f4xx_rcc.o(.text)
    RCC_APB1PeriphClockLPModeCmd             0x0800116f   Thumb Code    34  stm32f4xx_rcc.o(.text)
    RCC_APB2PeriphClockLPModeCmd             0x08001191   Thumb Code    34  stm32f4xx_rcc.o(.text)
    RCC_LSEModeConfig                        0x080011b3   Thumb Code    40  stm32f4xx_rcc.o(.text)
    RCC_ITConfig                             0x080011db   Thumb Code    34  stm32f4xx_rcc.o(.text)
    RCC_ClearFlag                            0x080011fd   Thumb Code    18  stm32f4xx_rcc.o(.text)
    RCC_GetITStatus                          0x0800120f   Thumb Code    22  stm32f4xx_rcc.o(.text)
    RCC_ClearITPendingBit                    0x08001225   Thumb Code     8  stm32f4xx_rcc.o(.text)
    SPI_I2S_DeInit                           0x08001231   Thumb Code   152  stm32f4xx_spi.o(.text)
    SPI_Init                                 0x080012c9   Thumb Code    60  stm32f4xx_spi.o(.text)
    I2S_Init                                 0x08001305   Thumb Code   396  stm32f4xx_spi.o(.text)
    SPI_StructInit                           0x08001491   Thumb Code    24  stm32f4xx_spi.o(.text)
    I2S_StructInit                           0x080014a9   Thumb Code    20  stm32f4xx_spi.o(.text)
    SPI_Cmd                                  0x080014bd   Thumb Code    24  stm32f4xx_spi.o(.text)
    I2S_Cmd                                  0x080014d5   Thumb Code    24  stm32f4xx_spi.o(.text)
    SPI_DataSizeConfig                       0x080014ed   Thumb Code    18  stm32f4xx_spi.o(.text)
    SPI_BiDirectionalLineConfig              0x080014ff   Thumb Code    28  stm32f4xx_spi.o(.text)
    SPI_NSSInternalSoftwareConfig            0x0800151b   Thumb Code    30  stm32f4xx_spi.o(.text)
    SPI_SSOutputCmd                          0x08001539   Thumb Code    24  stm32f4xx_spi.o(.text)
    SPI_TIModeCmd                            0x08001551   Thumb Code    24  stm32f4xx_spi.o(.text)
    I2S_FullDuplexConfig                     0x08001569   Thumb Code    80  stm32f4xx_spi.o(.text)
    SPI_I2S_ReceiveData                      0x080015b9   Thumb Code     6  stm32f4xx_spi.o(.text)
    SPI_I2S_SendData                         0x080015bf   Thumb Code     4  stm32f4xx_spi.o(.text)
    SPI_CalculateCRC                         0x080015c3   Thumb Code    24  stm32f4xx_spi.o(.text)
    SPI_TransmitCRC                          0x080015db   Thumb Code    10  stm32f4xx_spi.o(.text)
    SPI_GetCRC                               0x080015e5   Thumb Code    16  stm32f4xx_spi.o(.text)
    SPI_GetCRCPolynomial                     0x080015f5   Thumb Code     6  stm32f4xx_spi.o(.text)
    SPI_I2S_DMACmd                           0x080015fb   Thumb Code    18  stm32f4xx_spi.o(.text)
    SPI_I2S_ITConfig                         0x0800160d   Thumb Code    68  stm32f4xx_spi.o(.text)
    SPI_I2S_GetFlagStatus                    0x08001651   Thumb Code    18  stm32f4xx_spi.o(.text)
    SPI_I2S_ClearFlag                        0x08001663   Thumb Code     6  stm32f4xx_spi.o(.text)
    SPI_I2S_GetITStatus                      0x08001669   Thumb Code    52  stm32f4xx_spi.o(.text)
    SPI_I2S_ClearITPendingBit                0x0800169d   Thumb Code    20  stm32f4xx_spi.o(.text)
    SYSCFG_DeInit                            0x080016b1   Thumb Code    22  stm32f4xx_syscfg.o(.text)
    SYSCFG_MemoryRemapConfig                 0x080016c7   Thumb Code     6  stm32f4xx_syscfg.o(.text)
    SYSCFG_MemorySwappingBank                0x080016cd   Thumb Code     6  stm32f4xx_syscfg.o(.text)
    SYSCFG_EXTILineConfig                    0x080016d3   Thumb Code    66  stm32f4xx_syscfg.o(.text)
    SYSCFG_ETH_MediaInterfaceConfig          0x08001715   Thumb Code     8  stm32f4xx_syscfg.o(.text)
    SYSCFG_CompensationCellCmd               0x0800171d   Thumb Code     6  stm32f4xx_syscfg.o(.text)
    SYSCFG_GetCompensationCellStatus         0x08001723   Thumb Code    22  stm32f4xx_syscfg.o(.text)
    TIM_DeInit                               0x08001745   Thumb Code   346  stm32f4xx_tim.o(.text)
    TIM_TimeBaseInit                         0x0800189f   Thumb Code   104  stm32f4xx_tim.o(.text)
    TIM_TimeBaseStructInit                   0x08001907   Thumb Code    18  stm32f4xx_tim.o(.text)
    TIM_PrescalerConfig                      0x08001919   Thumb Code     6  stm32f4xx_tim.o(.text)
    TIM_CounterModeConfig                    0x0800191f   Thumb Code    18  stm32f4xx_tim.o(.text)
    TIM_SetCounter                           0x08001931   Thumb Code     4  stm32f4xx_tim.o(.text)
    TIM_SetAutoreload                        0x08001935   Thumb Code     4  stm32f4xx_tim.o(.text)
    TIM_GetCounter                           0x08001939   Thumb Code     6  stm32f4xx_tim.o(.text)
    TIM_GetPrescaler                         0x0800193f   Thumb Code     6  stm32f4xx_tim.o(.text)
    TIM_UpdateDisableConfig                  0x08001945   Thumb Code    24  stm32f4xx_tim.o(.text)
    TIM_UpdateRequestConfig                  0x0800195d   Thumb Code    24  stm32f4xx_tim.o(.text)
    TIM_ARRPreloadConfig                     0x08001975   Thumb Code    24  stm32f4xx_tim.o(.text)
    TIM_SelectOnePulseMode                   0x0800198d   Thumb Code    18  stm32f4xx_tim.o(.text)
    TIM_SetClockDivision                     0x0800199f   Thumb Code    18  stm32f4xx_tim.o(.text)
    TIM_Cmd                                  0x080019b1   Thumb Code    24  stm32f4xx_tim.o(.text)
    TIM_OC1Init                              0x080019c9   Thumb Code   114  stm32f4xx_tim.o(.text)
    TIM_OC2Init                              0x08001a3b   Thumb Code   154  stm32f4xx_tim.o(.text)
    TIM_OC3Init                              0x08001ad5   Thumb Code   204  stm32f4xx_tim.o(.text)
    TIM_OC4Init                              0x08001ba1   Thumb Code   112  stm32f4xx_tim.o(.text)
    TIM_OCStructInit                         0x08001c11   Thumb Code    20  stm32f4xx_tim.o(.text)
    TIM_SelectOCxM                           0x08001c25   Thumb Code    86  stm32f4xx_tim.o(.text)
    TIM_SetCompare1                          0x08001c7b   Thumb Code     4  stm32f4xx_tim.o(.text)
    TIM_SetCompare2                          0x08001c7f   Thumb Code     4  stm32f4xx_tim.o(.text)
    TIM_SetCompare3                          0x08001c83   Thumb Code     4  stm32f4xx_tim.o(.text)
    TIM_SetCompare4                          0x08001c87   Thumb Code     4  stm32f4xx_tim.o(.text)
    TIM_ForcedOC1Config                      0x08001c8b   Thumb Code    18  stm32f4xx_tim.o(.text)
    TIM_ForcedOC2Config                      0x08001c9d   Thumb Code    26  stm32f4xx_tim.o(.text)
    TIM_ForcedOC3Config                      0x08001cb7   Thumb Code    18  stm32f4xx_tim.o(.text)
    TIM_ForcedOC4Config                      0x08001cc9   Thumb Code    26  stm32f4xx_tim.o(.text)
    TIM_OC1PreloadConfig                     0x08001ce3   Thumb Code    18  stm32f4xx_tim.o(.text)
    TIM_OC2PreloadConfig                     0x08001cf5   Thumb Code    26  stm32f4xx_tim.o(.text)
    TIM_OC3PreloadConfig                     0x08001d0f   Thumb Code    18  stm32f4xx_tim.o(.text)
    TIM_OC4PreloadConfig                     0x08001d21   Thumb Code    26  stm32f4xx_tim.o(.text)
    TIM_OC1FastConfig                        0x08001d3b   Thumb Code    18  stm32f4xx_tim.o(.text)
    TIM_OC2FastConfig                        0x08001d4d   Thumb Code    26  stm32f4xx_tim.o(.text)
    TIM_OC3FastConfig                        0x08001d67   Thumb Code    18  stm32f4xx_tim.o(.text)
    TIM_OC4FastConfig                        0x08001d79   Thumb Code    26  stm32f4xx_tim.o(.text)
    TIM_ClearOC1Ref                          0x08001d93   Thumb Code    18  stm32f4xx_tim.o(.text)
    TIM_ClearOC2Ref                          0x08001da5   Thumb Code    24  stm32f4xx_tim.o(.text)
    TIM_ClearOC3Ref                          0x08001dbd   Thumb Code    18  stm32f4xx_tim.o(.text)
    TIM_ClearOC4Ref                          0x08001dcf   Thumb Code    24  stm32f4xx_tim.o(.text)
    TIM_OC1PolarityConfig                    0x08001de7   Thumb Code    18  stm32f4xx_tim.o(.text)
    TIM_OC1NPolarityConfig                   0x08001df9   Thumb Code    18  stm32f4xx_tim.o(.text)
    TIM_OC2PolarityConfig                    0x08001e0b   Thumb Code    26  stm32f4xx_tim.o(.text)
    TIM_OC2NPolarityConfig                   0x08001e25   Thumb Code    26  stm32f4xx_tim.o(.text)
    TIM_OC3PolarityConfig                    0x08001e3f   Thumb Code    26  stm32f4xx_tim.o(.text)
    TIM_OC3NPolarityConfig                   0x08001e59   Thumb Code    26  stm32f4xx_tim.o(.text)
    TIM_OC4PolarityConfig                    0x08001e73   Thumb Code    26  stm32f4xx_tim.o(.text)
    TIM_CCxCmd                               0x08001e8d   Thumb Code    30  stm32f4xx_tim.o(.text)
    TIM_CCxNCmd                              0x08001eab   Thumb Code    30  stm32f4xx_tim.o(.text)
    TIM_SetIC4Prescaler                      0x08001ec9   Thumb Code    26  stm32f4xx_tim.o(.text)
    TIM_SetIC3Prescaler                      0x08001f33   Thumb Code    18  stm32f4xx_tim.o(.text)
    TIM_SetIC2Prescaler                      0x08001f8d   Thumb Code    26  stm32f4xx_tim.o(.text)
    TIM_SetIC1Prescaler                      0x08002001   Thumb Code    18  stm32f4xx_tim.o(.text)
    TIM_ICInit                               0x0800204d   Thumb Code   110  stm32f4xx_tim.o(.text)
    TIM_ICStructInit                         0x080020bb   Thumb Code    18  stm32f4xx_tim.o(.text)
    TIM_PWMIConfig                           0x080020cd   Thumb Code   124  stm32f4xx_tim.o(.text)
    TIM_GetCapture1                          0x08002149   Thumb Code     6  stm32f4xx_tim.o(.text)
    TIM_GetCapture2                          0x0800214f   Thumb Code     6  stm32f4xx_tim.o(.text)
    TIM_GetCapture3                          0x08002155   Thumb Code     6  stm32f4xx_tim.o(.text)
    TIM_GetCapture4                          0x0800215b   Thumb Code     6  stm32f4xx_tim.o(.text)
    TIM_BDTRConfig                           0x08002161   Thumb Code    32  stm32f4xx_tim.o(.text)
    TIM_BDTRStructInit                       0x08002181   Thumb Code    18  stm32f4xx_tim.o(.text)
    TIM_CtrlPWMOutputs                       0x08002193   Thumb Code    30  stm32f4xx_tim.o(.text)
    TIM_SelectCOM                            0x080021b1   Thumb Code    24  stm32f4xx_tim.o(.text)
    TIM_CCPreloadControl                     0x080021c9   Thumb Code    24  stm32f4xx_tim.o(.text)
    TIM_ITConfig                             0x080021e1   Thumb Code    18  stm32f4xx_tim.o(.text)
    TIM_GenerateEvent                        0x080021f3   Thumb Code     4  stm32f4xx_tim.o(.text)
    TIM_GetFlagStatus                        0x080021f7   Thumb Code    18  stm32f4xx_tim.o(.text)
    TIM_ClearFlag                            0x08002209   Thumb Code     6  stm32f4xx_tim.o(.text)
    TIM_GetITStatus                          0x0800220f   Thumb Code    34  stm32f4xx_tim.o(.text)
    TIM_ClearITPendingBit                    0x08002231   Thumb Code     6  stm32f4xx_tim.o(.text)
    TIM_DMAConfig                            0x08002237   Thumb Code    10  stm32f4xx_tim.o(.text)
    TIM_DMACmd                               0x08002241   Thumb Code    18  stm32f4xx_tim.o(.text)
    TIM_SelectCCDMA                          0x08002253   Thumb Code    24  stm32f4xx_tim.o(.text)
    TIM_InternalClockConfig                  0x0800226b   Thumb Code    12  stm32f4xx_tim.o(.text)
    TIM_SelectInputTrigger                   0x08002277   Thumb Code    18  stm32f4xx_tim.o(.text)
    TIM_ITRxExternalClockConfig              0x08002289   Thumb Code    24  stm32f4xx_tim.o(.text)
    TIM_TIxExternalClockConfig               0x080022a1   Thumb Code    62  stm32f4xx_tim.o(.text)
    TIM_ETRConfig                            0x080022df   Thumb Code    28  stm32f4xx_tim.o(.text)
    TIM_ETRClockMode1Config                  0x080022fb   Thumb Code    54  stm32f4xx_tim.o(.text)
    TIM_ETRClockMode2Config                  0x08002331   Thumb Code    32  stm32f4xx_tim.o(.text)
    TIM_SelectOutputTrigger                  0x08002351   Thumb Code    18  stm32f4xx_tim.o(.text)
    TIM_SelectSlaveMode                      0x08002363   Thumb Code    18  stm32f4xx_tim.o(.text)
    TIM_SelectMasterSlaveMode                0x08002375   Thumb Code    18  stm32f4xx_tim.o(.text)
    TIM_EncoderInterfaceConfig               0x08002387   Thumb Code    66  stm32f4xx_tim.o(.text)
    TIM_SelectHallSensor                     0x080023c9   Thumb Code    24  stm32f4xx_tim.o(.text)
    TIM_RemapConfig                          0x080023e1   Thumb Code     6  stm32f4xx_tim.o(.text)
    USART_DeInit                             0x080023e9   Thumb Code   206  stm32f4xx_usart.o(.text)
    USART_Init                               0x080024b7   Thumb Code   204  stm32f4xx_usart.o(.text)
    USART_StructInit                         0x08002583   Thumb Code    24  stm32f4xx_usart.o(.text)
    USART_ClockInit                          0x0800259b   Thumb Code    32  stm32f4xx_usart.o(.text)
    USART_ClockStructInit                    0x080025bb   Thumb Code    12  stm32f4xx_usart.o(.text)
    USART_Cmd                                0x080025c7   Thumb Code    24  stm32f4xx_usart.o(.text)
    USART_SetPrescaler                       0x080025df   Thumb Code    16  stm32f4xx_usart.o(.text)
    USART_OverSampling8Cmd                   0x080025ef   Thumb Code    22  stm32f4xx_usart.o(.text)
    USART_OneBitMethodCmd                    0x08002605   Thumb Code    24  stm32f4xx_usart.o(.text)
    USART_SendData                           0x0800261d   Thumb Code     8  stm32f4xx_usart.o(.text)
    USART_ReceiveData                        0x08002625   Thumb Code    10  stm32f4xx_usart.o(.text)
    USART_SetAddress                         0x0800262f   Thumb Code    18  stm32f4xx_usart.o(.text)
    USART_ReceiverWakeUpCmd                  0x08002641   Thumb Code    24  stm32f4xx_usart.o(.text)
    USART_WakeUpConfig                       0x08002659   Thumb Code    18  stm32f4xx_usart.o(.text)
    USART_LINBreakDetectLengthConfig         0x0800266b   Thumb Code    18  stm32f4xx_usart.o(.text)
    USART_LINCmd                             0x0800267d   Thumb Code    24  stm32f4xx_usart.o(.text)
    USART_SendBreak                          0x08002695   Thumb Code    10  stm32f4xx_usart.o(.text)
    USART_HalfDuplexCmd                      0x0800269f   Thumb Code    24  stm32f4xx_usart.o(.text)
    USART_SetGuardTime                       0x080026b7   Thumb Code    16  stm32f4xx_usart.o(.text)
    USART_SmartCardCmd                       0x080026c7   Thumb Code    24  stm32f4xx_usart.o(.text)
    USART_SmartCardNACKCmd                   0x080026df   Thumb Code    24  stm32f4xx_usart.o(.text)
    USART_IrDAConfig                         0x080026f7   Thumb Code    18  stm32f4xx_usart.o(.text)
    USART_IrDACmd                            0x08002709   Thumb Code    24  stm32f4xx_usart.o(.text)
    USART_DMACmd                             0x08002721   Thumb Code    18  stm32f4xx_usart.o(.text)
    USART_ITConfig                           0x08002733   Thumb Code    74  stm32f4xx_usart.o(.text)
    USART_GetFlagStatus                      0x0800277d   Thumb Code    26  stm32f4xx_usart.o(.text)
    USART_ClearFlag                          0x08002797   Thumb Code    18  stm32f4xx_usart.o(.text)
    USART_GetITStatus                        0x080027a9   Thumb Code   118  stm32f4xx_usart.o(.text)
    USART_ClearITPendingBit                  0x0800281f   Thumb Code    30  stm32f4xx_usart.o(.text)
    timer2_int_init                          0x0800283d   Thumb Code    88  timer.o(.text)
    TIM2_IRQHandler                          0x08002895   Thumb Code    42  timer.o(.text)
    timer_getms_count                        0x080028bf   Thumb Code     8  timer.o(.text)
    diffTimer                                0x080028c7   Thumb Code    22  timer.o(.text)
    TIM3_Int_Init                            0x080028dd   Thumb Code    88  timer.o(.text)
    TIM3_IRQHandler                          0x08002935   Thumb Code    42  timer.o(.text)
    IWDG_Init                                0x0800296d   Thumb Code    36  iwdg.o(.text)
    IWDG_Feed                                0x08002991   Thumb Code     8  iwdg.o(.text)
    Spi3_Gpio_Init                           0x08002999   Thumb Code   218  ad7606_driver.o(.text)
    Spi3_Configuration                       0x08002a73   Thumb Code    88  ad7606_driver.o(.text)
    AD7606_Init                              0x08002acb   Thumb Code    52  ad7606_driver.o(.text)
    EXTI_Configuration                       0x08002aff   Thumb Code    76  ad7606_driver.o(.text)
    SPI3_ReadWrite                           0x08002b4b   Thumb Code    48  ad7606_driver.o(.text)
    EXTI0_IRQHandler                         0x08002b7b   Thumb Code    60  ad7606_driver.o(.text)
    Alldata_sliding_average                  0x08002c35   Thumb Code    64  ad7606_driver.o(.text)
    AD7606_StartConv                         0x08002c75   Thumb Code    38  ad7606_driver.o(.text)
    AD7606Analog_data_Conversion             0x08002c9b   Thumb Code   358  ad7606_driver.o(.text)
    AD7606_Display                           0x08002e01   Thumb Code    60  ad7606_driver.o(.text)
    AD5542_InitCommon                        0x08002e4d   Thumb Code   158  ad5542_driver.o(.text)
    AD5542_InitSingle                        0x08002eeb   Thumb Code   102  ad5542_driver.o(.text)
    AD5542_WriteData                         0x08002f51   Thumb Code    78  ad5542_driver.o(.text)
    AD5542_TriggerLDAC                       0x08002f9f   Thumb Code    58  ad5542_driver.o(.text)
    AD5542_VoltageToData                     0x08002fd9   Thumb Code    70  ad5542_driver.o(.text)
    AD5542_Init                              0x0800301f   Thumb Code    20  ad5542_driver.o(.text)
    AD5542Analog_data_Conversion             0x08003033   Thumb Code   248  ad5542_driver.o(.text)
    Ad5542_Send_Data                         0x0800312b   Thumb Code    84  ad5542_driver.o(.text)
    i2c1_master_init                         0x08003259   Thumb Code   198  periph_i2c.o(.text)
    i2c_all_init                             0x0800331f   Thumb Code     8  periph_i2c.o(.text)
    I2C_TIMEOUT_UserCallback                 0x08003327   Thumb Code    22  periph_i2c.o(.text)
    i2c_master_send_bytes                    0x0800333d   Thumb Code   290  periph_i2c.o(.text)
    i2c_slave_send_bytes                     0x0800345f   Thumb Code    78  periph_i2c.o(.text)
    clear_I2C_recvie                         0x080034ad   Thumb Code    92  periph_i2c.o(.text)
    I2C_EE_WaitEepromStandbyState            0x08003555   Thumb Code    84  at24cxx.o(.text)
    I2C_EE_PageWrite                         0x080035a9   Thumb Code   362  at24cxx.o(.text)
    I2C_EE_BufferWrite                       0x08003713   Thumb Code   298  at24cxx.o(.text)
    I2C_EE_ByteWrite                         0x0800383d   Thumb Code   320  at24cxx.o(.text)
    I2C_EE_BufferRead                        0x0800397d   Thumb Code   506  at24cxx.o(.text)
    eeprom_test                              0x08003b77   Thumb Code   268  at24cxx.o(.text)
    delay_init                               0x08003d3d   Thumb Code    52  delay.o(.text)
    delay_us                                 0x08003d71   Thumb Code    72  delay.o(.text)
    delay_xms                                0x08003db9   Thumb Code    72  delay.o(.text)
    delay_ms                                 0x08003e01   Thumb Code    56  delay.o(.text)
    _sys_exit                                0x08003e41   Thumb Code     4  usart.o(.text)
    fputc                                    0x08003e45   Thumb Code    30  usart.o(.text)
    usart1_init                              0x08003e63   Thumb Code   172  usart.o(.text)
    USART2_IRQHandler                        0x08003f0f   Thumb Code   126  usart.o(.text)
    Flash_ReadBytes                          0x08003fa1   Thumb Code    56  main.o(.text)
    main                                     0x08003fd9   Thumb Code   366  main.o(.text)
    NMI_Handler                              0x080041e5   Thumb Code     2  stm32f4xx_it.o(.text)
    HardFault_Handler                        0x080041e7   Thumb Code     4  stm32f4xx_it.o(.text)
    MemManage_Handler                        0x080041eb   Thumb Code     4  stm32f4xx_it.o(.text)
    BusFault_Handler                         0x080041ef   Thumb Code     4  stm32f4xx_it.o(.text)
    UsageFault_Handler                       0x080041f3   Thumb Code     4  stm32f4xx_it.o(.text)
    SVC_Handler                              0x080041f7   Thumb Code     2  stm32f4xx_it.o(.text)
    DebugMon_Handler                         0x080041f9   Thumb Code     2  stm32f4xx_it.o(.text)
    PendSV_Handler                           0x080041fb   Thumb Code     2  stm32f4xx_it.o(.text)
    SysTick_Handler                          0x080041fd   Thumb Code     2  stm32f4xx_it.o(.text)
    SystemInit                               0x080042dd   Thumb Code    88  system_stm32f4xx.o(.text)
    SystemCoreClockUpdate                    0x08004335   Thumb Code   174  system_stm32f4xx.o(.text)
    control_Gpio_Init                        0x08004411   Thumb Code   156  control_dev.o(.text)
    operation_dev                            0x080044ad   Thumb Code   246  control_dev.o(.text)
    selfRecoveTime                           0x080045a3   Thumb Code    60  control_dev.o(.text)
    limitCurrent_Config                      0x080045df   Thumb Code    46  control_dev.o(.text)
    Init_limitCurrent_Config                 0x0800460d   Thumb Code    38  control_dev.o(.text)
    config_Default_Power                     0x08004633   Thumb Code   250  control_dev.o(.text)
    Spi1_Gpio_Init                           0x08004755   Thumb Code   132  transf_jkkzb.o(.text)
    Spi1_Configuration                       0x080047d9   Thumb Code    90  transf_jkkzb.o(.text)
    SPI1_ReadWrite                           0x08004833   Thumb Code    48  transf_jkkzb.o(.text)
    data_Packet_Creat                        0x08004863   Thumb Code   346  transf_jkkzb.o(.text)
    messageData_Send                         0x080049bd   Thumb Code    48  transf_jkkzb.o(.text)
    messageData_Recive                       0x080049ed   Thumb Code   920  transf_jkkzb.o(.text)
    get_Default_Power                        0x08004d85   Thumb Code    22  transf_jkkzb.o(.text)
    save_Default_Power                       0x08004d9b   Thumb Code    80  transf_jkkzb.o(.text)
    MultiTimerInstall                        0x08004e81   Thumb Code    10  multitimer.o(.text)
    MultiTimerStart                          0x08004e8b   Thumb Code   128  multitimer.o(.text)
    MultiTimerStop                           0x08004f0b   Thumb Code    32  multitimer.o(.text)
    MultiTimerYield                          0x08004f2b   Thumb Code    64  multitimer.o(.text)
    PlatformTicksGetFunc                     0x08004f75   Thumb Code     8  softtimer.o(.text)
    softtimer_start                          0x08004f7d   Thumb Code    40  softtimer.o(.text)
    softtimer_stop                           0x08004fa5   Thumb Code    18  softtimer.o(.text)
    blink_timer_start                        0x08004fb7   Thumb Code    22  softtimer.o(.text)
    blinkled_callback                        0x08004fcd   Thumb Code    54  softtimer.o(.text)
    softtimer_init                           0x08005003   Thumb Code    18  softtimer.o(.text)
    softtimer_loop                           0x08005015   Thumb Code     8  softtimer.o(.text)
    u8_ring_buffer_init                      0x0800502d   Thumb Code    14  ringbuffer_u8.o(.text)
    u8_ring_buffer_queue                     0x0800503b   Thumb Code    42  ringbuffer_u8.o(.text)
    u8_ring_buffer_queue_arr                 0x08005065   Thumb Code    32  ringbuffer_u8.o(.text)
    u8_ring_buffer_dequeue                   0x08005085   Thumb Code    40  ringbuffer_u8.o(.text)
    u8_ring_buffer_dequeue_arr               0x080050ad   Thumb Code    54  ringbuffer_u8.o(.text)
    u8_ring_buffer_peek                      0x080050e3   Thumb Code    46  ringbuffer_u8.o(.text)
    SEGGER_RTT_ReadUpBufferNoLock            0x0800526d   Thumb Code   166  segger_rtt.o(.text)
    SEGGER_RTT_ReadNoLock                    0x08005313   Thumb Code   166  segger_rtt.o(.text)
    SEGGER_RTT_ReadUpBuffer                  0x080053b9   Thumb Code    56  segger_rtt.o(.text)
    SEGGER_RTT_Read                          0x080053f1   Thumb Code    56  segger_rtt.o(.text)
    SEGGER_RTT_WriteWithOverwriteNoLock      0x08005429   Thumb Code   176  segger_rtt.o(.text)
    SEGGER_RTT_WriteSkipNoLock               0x080054d9   Thumb Code   190  segger_rtt.o(.text)
    SEGGER_RTT_WriteDownBufferNoLock         0x08005597   Thumb Code   126  segger_rtt.o(.text)
    SEGGER_RTT_WriteNoLock                   0x08005615   Thumb Code   128  segger_rtt.o(.text)
    SEGGER_RTT_WriteDownBuffer               0x08005695   Thumb Code    72  segger_rtt.o(.text)
    SEGGER_RTT_Write                         0x080056dd   Thumb Code    72  segger_rtt.o(.text)
    SEGGER_RTT_WriteString                   0x08005725   Thumb Code    26  segger_rtt.o(.text)
    SEGGER_RTT_PutCharSkipNoLock             0x0800573f   Thumb Code    54  segger_rtt.o(.text)
    SEGGER_RTT_PutCharSkip                   0x08005775   Thumb Code   114  segger_rtt.o(.text)
    SEGGER_RTT_PutChar                       0x080057e7   Thumb Code   128  segger_rtt.o(.text)
    SEGGER_RTT_GetKey                        0x08005867   Thumb Code    32  segger_rtt.o(.text)
    SEGGER_RTT_WaitKey                       0x08005887   Thumb Code    14  segger_rtt.o(.text)
    SEGGER_RTT_HasKey                        0x08005895   Thumb Code    44  segger_rtt.o(.text)
    SEGGER_RTT_HasData                       0x080058c1   Thumb Code    22  segger_rtt.o(.text)
    SEGGER_RTT_HasDataUp                     0x080058d7   Thumb Code    24  segger_rtt.o(.text)
    SEGGER_RTT_AllocDownBuffer               0x080058ef   Thumb Code   208  segger_rtt.o(.text)
    SEGGER_RTT_AllocUpBuffer                 0x080059bf   Thumb Code   194  segger_rtt.o(.text)
    SEGGER_RTT_ConfigUpBuffer                0x08005a81   Thumb Code   114  segger_rtt.o(.text)
    SEGGER_RTT_ConfigDownBuffer              0x08005af3   Thumb Code   114  segger_rtt.o(.text)
    SEGGER_RTT_SetNameUpBuffer               0x08005b65   Thumb Code    90  segger_rtt.o(.text)
    SEGGER_RTT_SetNameDownBuffer             0x08005bbf   Thumb Code    90  segger_rtt.o(.text)
    SEGGER_RTT_SetFlagsUpBuffer              0x08005c19   Thumb Code    90  segger_rtt.o(.text)
    SEGGER_RTT_SetFlagsDownBuffer            0x08005c73   Thumb Code    90  segger_rtt.o(.text)
    SEGGER_RTT_Init                          0x08005ccd   Thumb Code     8  segger_rtt.o(.text)
    SEGGER_RTT_SetTerminal                   0x08005cd5   Thumb Code   148  segger_rtt.o(.text)
    SEGGER_RTT_TerminalOut                   0x08005d69   Thumb Code   268  segger_rtt.o(.text)
    SEGGER_RTT_GetAvailWriteSpace            0x08005e75   Thumb Code    22  segger_rtt.o(.text)
    SEGGER_RTT_GetBytesInBuffer              0x08005e8b   Thumb Code    64  segger_rtt.o(.text)
    SEGGER_RTT_vprintf                       0x080060eb   Thumb Code   522  segger_rtt_printf.o(.text)
    SEGGER_RTT_printf                        0x080062f5   Thumb Code    34  segger_rtt_printf.o(.text)
    __use_no_semihosting                     0x0800631d   Thumb Code     2  use_no_semi_2.o(.text)
    __2printf                                0x08006321   Thumb Code    20  __2printf.o(.text)
    _printf_int_dec                          0x08006339   Thumb Code   104  _printf_dec.o(.text)
    _printf_longlong_hex                     0x080063b1   Thumb Code    86  _printf_hex_int_ll_ptr.o(.text)
    _printf_int_hex                          0x08006407   Thumb Code    28  _printf_hex_int_ll_ptr.o(.text)
    _printf_ll_hex                           0x08006423   Thumb Code    12  _printf_hex_int_ll_ptr.o(.text)
    _printf_hex_ptr                          0x0800642f   Thumb Code    18  _printf_hex_int_ll_ptr.o(.text)
    __printf                                 0x08006445   Thumb Code   388  __printf_flags_ss_wp.o(.text)
    strlen                                   0x080065cd   Thumb Code    62  strlen.o(.text)
    __aeabi_memcpy                           0x0800660b   Thumb Code     0  rt_memcpy_v6.o(.text)
    __rt_memcpy                              0x0800660b   Thumb Code   138  rt_memcpy_v6.o(.text)
    _memcpy_lastbytes                        0x08006671   Thumb Code     0  rt_memcpy_v6.o(.text)
    __aeabi_memclr4                          0x08006695   Thumb Code     0  rt_memclr_w.o(.text)
    __aeabi_memclr8                          0x08006695   Thumb Code     0  rt_memclr_w.o(.text)
    __rt_memclr_w                            0x08006695   Thumb Code    78  rt_memclr_w.o(.text)
    _memset_w                                0x08006699   Thumb Code     0  rt_memclr_w.o(.text)
    __use_two_region_memory                  0x080066e3   Thumb Code     2  heapauxi.o(.text)
    __rt_heap_escrow$2region                 0x080066e5   Thumb Code     2  heapauxi.o(.text)
    __rt_heap_expand$2region                 0x080066e7   Thumb Code     2  heapauxi.o(.text)
    __I$use$semihosting                      0x080066e9   Thumb Code     0  use_no_semi.o(.text)
    __use_no_semihosting_swi                 0x080066e9   Thumb Code     2  use_no_semi.o(.text)
    _printf_int_common                       0x080066eb   Thumb Code   178  _printf_intcommon.o(.text)
    _printf_char_common                      0x080067a7   Thumb Code    32  _printf_char_common.o(.text)
    _printf_char_file                        0x080067cd   Thumb Code    32  _printf_char_file.o(.text)
    __aeabi_memcpy4                          0x080067f1   Thumb Code     0  rt_memcpy_w.o(.text)
    __aeabi_memcpy8                          0x080067f1   Thumb Code     0  rt_memcpy_w.o(.text)
    __rt_memcpy_w                            0x080067f1   Thumb Code   100  rt_memcpy_w.o(.text)
    _memcpy_lastbytes_aligned                0x08006839   Thumb Code     0  rt_memcpy_w.o(.text)
    ferror                                   0x08006855   Thumb Code     8  ferror.o(.text)
    __user_setup_stackheap                   0x0800685d   Thumb Code    74  sys_stackheap_outer.o(.text)
    exit                                     0x080068a7   Thumb Code    18  exit.o(.text)
    __user_libspace                          0x080068b9   Thumb Code     8  libspace.o(.text)
    __user_perproc_libspace                  0x080068b9   Thumb Code     0  libspace.o(.text)
    __user_perthread_libspace                0x080068b9   Thumb Code     0  libspace.o(.text)
    _is_digit                                0x080068c1   Thumb Code    14  __printf_wp.o(i._is_digit)
    u8_ring_buffer_is_empty                  0x080068cf   Thumb Code    18  ringbuffer_u8.o(i.u8_ring_buffer_is_empty)
    u8_ring_buffer_is_full                   0x080068e1   Thumb Code    24  ringbuffer_u8.o(i.u8_ring_buffer_is_full)
    u8_ring_buffer_num_items                 0x080068f9   Thumb Code    14  ringbuffer_u8.o(i.u8_ring_buffer_num_items)
    __aeabi_d2f                              0x08006909   Thumb Code     0  d2f.o(x$fpl$d2f)
    _d2f                                     0x08006909   Thumb Code    98  d2f.o(x$fpl$d2f)
    __aeabi_ddiv                             0x0800696d   Thumb Code     0  ddiv.o(x$fpl$ddiv)
    _ddiv                                    0x0800696d   Thumb Code   552  ddiv.o(x$fpl$ddiv)
    __aeabi_d2uiz                            0x08006c1d   Thumb Code     0  dfixu.o(x$fpl$dfixu)
    _dfixu                                   0x08006c1d   Thumb Code    90  dfixu.o(x$fpl$dfixu)
    __aeabi_i2d                              0x08006c77   Thumb Code     0  dflt_clz.o(x$fpl$dflt)
    _dflt                                    0x08006c77   Thumb Code    46  dflt_clz.o(x$fpl$dflt)
    __aeabi_ui2d                             0x08006ca5   Thumb Code     0  dflt_clz.o(x$fpl$dfltu)
    _dfltu                                   0x08006ca5   Thumb Code    38  dflt_clz.o(x$fpl$dfltu)
    __aeabi_dmul                             0x08006ccd   Thumb Code     0  dmul.o(x$fpl$dmul)
    _dmul                                    0x08006ccd   Thumb Code   332  dmul.o(x$fpl$dmul)
    __fpl_dnaninf                            0x08006e21   Thumb Code   156  dnaninf.o(x$fpl$dnaninf)
    __fpl_dretinf                            0x08006ebd   Thumb Code    12  dretinf.o(x$fpl$dretinf)
    __aeabi_f2d                              0x08006ec9   Thumb Code     0  f2d.o(x$fpl$f2d)
    _f2d                                     0x08006ec9   Thumb Code    86  f2d.o(x$fpl$f2d)
    __fpl_fnaninf                            0x08006f1f   Thumb Code   140  fnaninf.o(x$fpl$fnaninf)
    _fp_init                                 0x08006fab   Thumb Code    10  fpinit.o(x$fpl$fpinit)
    __fplib_config_fpu_vfp                   0x08006fb3   Thumb Code     0  fpinit.o(x$fpl$fpinit)
    __fplib_config_pureend_doubles           0x08006fb3   Thumb Code     0  fpinit.o(x$fpl$fpinit)
    __fpl_fretinf                            0x08006fb5   Thumb Code    10  fretinf.o(x$fpl$fretinf)
    __I$use$fp                               0x08006fbe   Number         0  usenofp.o(x$fpl$usenofp)
    Region$$Table$$Base                      0x08007028   Number         0  anon$$obj.o(Region$$Table)
    Region$$Table$$Limit                     0x08007048   Number         0  anon$$obj.o(Region$$Table)
    timer2_count                             0x20000010   Data           8  timer.o(.data)
    timer3_count                             0x20000018   Data           8  timer.o(.data)
    ad5542_KF                                0x20000020   Data          16  ad5542_driver.o(.data)
    ad5542_TSGY                              0x20000030   Data          16  ad5542_driver.o(.data)
    limit_Ad5524_Data                        0x20000040   Data           4  ad5542_driver.o(.data)
    gpio_i2c1                                0x20000048   Data          12  periph_i2c.o(.data)
    gpio_i2c2                                0x20000054   Data          12  periph_i2c.o(.data)
    i2c1_int                                 0x20000060   Data        1056  periph_i2c.o(.data)
    i2c2_int                                 0x20000480   Data        1056  periph_i2c.o(.data)
    i2c3_int                                 0x200008a0   Data        1056  periph_i2c.o(.data)
    i2c3_int_ptr                             0x20000cc0   Data           4  periph_i2c.o(.data)
    eeprom                                   0x20000cc8   Data        1056  at24cxx.o(.data)
    __stdout                                 0x200010ec   Data           4  usart.o(.data)
    USART_RX_STA                             0x200010f0   Data           2  usart.o(.data)
    SystemCoreClock                          0x200010f4   Data           4  system_stm32f4xx.o(.data)
    AHBPrescTable                            0x200010f8   Data          16  system_stm32f4xx.o(.data)
    limit_Current_Data                       0x20001108   Data           4  control_dev.o(.data)
    limit_Init_Flag                          0x2000110c   Data           1  control_dev.o(.data)
    dev_First_Open_Flag                      0x20001110   Data           8  control_dev.o(.data)
    dev_Open_counter_time                    0x20001118   Data           8  control_dev.o(.data)
    selfRecoveTime_0                         0x20001120   Data           4  control_dev.o(.data)
    selfRecoveTime_1                         0x20001124   Data           4  control_dev.o(.data)
    temp1                                    0x20001128   Data           4  control_dev.o(.data)
    now_default_config_power                 0x2000112c   Data           1  transf_jkkzb.o(.data)
    before_default_config_power              0x2000112d   Data           1  transf_jkkzb.o(.data)
    adc_data                                 0x20001140   Data          16  ad7606_driver.o(.bss)
    analog_data                              0x20001150   Data          16  ad7606_driver.o(.bss)
    AD7606ValueBuf                           0x20001160   Data         160  ad7606_driver.o(.bss)
    AD7606AverageSum                         0x20001200   Data          32  ad7606_driver.o(.bss)
    AD7606AverageValueBuf                    0x20001220   Data          16  ad7606_driver.o(.bss)
    USART_RX_BUF                             0x20001230   Data         200  usart.o(.bss)
    k_u32                                    0x200012f8   Data          52  main.o(.bss)
    b_u32                                    0x2000132c   Data          52  main.o(.bss)
    k                                        0x20001360   Data          52  main.o(.bss)
    b                                        0x20001394   Data          52  main.o(.bss)
    sendmessage                              0x200013c8   Data          22  transf_jkkzb.o(.bss)
    recivemessage                            0x200013de   Data          22  transf_jkkzb.o(.bss)
    blink_timer                              0x200013f8   Data          24  softtimer.o(.bss)
    _SEGGER_RTT                              0x20001410   Data         168  segger_rtt.o(.bss)
    __libspace_start                         0x200018c8   Data          96  libspace.o(.bss)
    __temporary_stack_top$libspace           0x20001928   Data           0  libspace.o(.bss)



==============================================================================

Memory Map of the image

  Image Entry point : 0x08000189

  Load Region LR_IROM1 (Base: 0x08000000, Size: 0x00008188, Max: 0x00100000, ABSOLUTE, COMPRESSED[0x000070cc])

    Execution Region ER_IROM1 (Exec base: 0x08000000, Load base: 0x08000000, Size: 0x00007048, Max: 0x00100000, ABSOLUTE)

    Exec Addr    Load Addr    Size         Type   Attr      Idx    E Section Name        Object

    0x08000000   0x08000000   0x00000188   Data   RO            3    RESET               startup_stm32f40_41xxx.o
    0x08000188   0x08000188   0x00000008   Code   RO         1206  * !!!main             c_w.l(__main.o)
    0x08000190   0x08000190   0x00000034   Code   RO         1513    !!!scatter          c_w.l(__scatter.o)
    0x080001c4   0x080001c4   0x0000005a   Code   RO         1511    !!dczerorl2         c_w.l(__dczerorl2.o)
    0x0800021e   0x0800021e   0x00000002   PAD
    0x08000220   0x08000220   0x0000001c   Code   RO         1515    !!handler_zi        c_w.l(__scatter_zi.o)
    0x0800023c   0x0800023c   0x00000000   Code   RO         1185    .ARM.Collect$$_printf_percent$$00000000  c_w.l(_printf_percent.o)
    0x0800023c   0x0800023c   0x00000006   Code   RO         1184    .ARM.Collect$$_printf_percent$$00000009  c_w.l(_printf_d.o)
    0x08000242   0x08000242   0x00000006   Code   RO         1183    .ARM.Collect$$_printf_percent$$0000000C  c_w.l(_printf_x.o)
    0x08000248   0x08000248   0x00000004   Code   RO         1267    .ARM.Collect$$_printf_percent$$00000017  c_w.l(_printf_percent_end.o)
    0x0800024c   0x0800024c   0x00000002   Code   RO         1374    .ARM.Collect$$libinit$$00000000  c_w.l(libinit.o)
    0x0800024e   0x0800024e   0x00000004   Code   RO         1389    .ARM.Collect$$libinit$$00000001  c_w.l(libinit2.o)
    0x08000252   0x08000252   0x00000000   Code   RO         1392    .ARM.Collect$$libinit$$00000004  c_w.l(libinit2.o)
    0x08000252   0x08000252   0x00000000   Code   RO         1395    .ARM.Collect$$libinit$$0000000A  c_w.l(libinit2.o)
    0x08000252   0x08000252   0x00000000   Code   RO         1397    .ARM.Collect$$libinit$$0000000C  c_w.l(libinit2.o)
    0x08000252   0x08000252   0x00000000   Code   RO         1399    .ARM.Collect$$libinit$$0000000E  c_w.l(libinit2.o)
    0x08000252   0x08000252   0x00000000   Code   RO         1402    .ARM.Collect$$libinit$$00000011  c_w.l(libinit2.o)
    0x08000252   0x08000252   0x00000000   Code   RO         1404    .ARM.Collect$$libinit$$00000013  c_w.l(libinit2.o)
    0x08000252   0x08000252   0x00000000   Code   RO         1406    .ARM.Collect$$libinit$$00000015  c_w.l(libinit2.o)
    0x08000252   0x08000252   0x00000000   Code   RO         1408    .ARM.Collect$$libinit$$00000017  c_w.l(libinit2.o)
    0x08000252   0x08000252   0x00000000   Code   RO         1410    .ARM.Collect$$libinit$$00000019  c_w.l(libinit2.o)
    0x08000252   0x08000252   0x00000000   Code   RO         1412    .ARM.Collect$$libinit$$0000001B  c_w.l(libinit2.o)
    0x08000252   0x08000252   0x00000000   Code   RO         1414    .ARM.Collect$$libinit$$0000001D  c_w.l(libinit2.o)
    0x08000252   0x08000252   0x00000000   Code   RO         1416    .ARM.Collect$$libinit$$0000001F  c_w.l(libinit2.o)
    0x08000252   0x08000252   0x00000000   Code   RO         1418    .ARM.Collect$$libinit$$00000021  c_w.l(libinit2.o)
    0x08000252   0x08000252   0x00000000   Code   RO         1420    .ARM.Collect$$libinit$$00000023  c_w.l(libinit2.o)
    0x08000252   0x08000252   0x00000000   Code   RO         1422    .ARM.Collect$$libinit$$00000025  c_w.l(libinit2.o)
    0x08000252   0x08000252   0x00000000   Code   RO         1426    .ARM.Collect$$libinit$$0000002C  c_w.l(libinit2.o)
    0x08000252   0x08000252   0x00000000   Code   RO         1428    .ARM.Collect$$libinit$$0000002E  c_w.l(libinit2.o)
    0x08000252   0x08000252   0x00000000   Code   RO         1430    .ARM.Collect$$libinit$$00000030  c_w.l(libinit2.o)
    0x08000252   0x08000252   0x00000000   Code   RO         1432    .ARM.Collect$$libinit$$00000032  c_w.l(libinit2.o)
    0x08000252   0x08000252   0x00000002   Code   RO         1433    .ARM.Collect$$libinit$$00000033  c_w.l(libinit2.o)
    0x08000254   0x08000254   0x00000002   Code   RO         1451    .ARM.Collect$$libshutdown$$00000000  c_w.l(libshutdown.o)
    0x08000256   0x08000256   0x00000000   Code   RO         1461    .ARM.Collect$$libshutdown$$00000002  c_w.l(libshutdown2.o)
    0x08000256   0x08000256   0x00000000   Code   RO         1463    .ARM.Collect$$libshutdown$$00000004  c_w.l(libshutdown2.o)
    0x08000256   0x08000256   0x00000000   Code   RO         1465    .ARM.Collect$$libshutdown$$00000006  c_w.l(libshutdown2.o)
    0x08000256   0x08000256   0x00000000   Code   RO         1468    .ARM.Collect$$libshutdown$$00000009  c_w.l(libshutdown2.o)
    0x08000256   0x08000256   0x00000000   Code   RO         1471    .ARM.Collect$$libshutdown$$0000000C  c_w.l(libshutdown2.o)
    0x08000256   0x08000256   0x00000000   Code   RO         1473    .ARM.Collect$$libshutdown$$0000000E  c_w.l(libshutdown2.o)
    0x08000256   0x08000256   0x00000000   Code   RO         1476    .ARM.Collect$$libshutdown$$00000011  c_w.l(libshutdown2.o)
    0x08000256   0x08000256   0x00000002   Code   RO         1477    .ARM.Collect$$libshutdown$$00000012  c_w.l(libshutdown2.o)
    0x08000258   0x08000258   0x00000000   Code   RO         1230    .ARM.Collect$$rtentry$$00000000  c_w.l(__rtentry.o)
    0x08000258   0x08000258   0x00000000   Code   RO         1297    .ARM.Collect$$rtentry$$00000002  c_w.l(__rtentry2.o)
    0x08000258   0x08000258   0x00000006   Code   RO         1309    .ARM.Collect$$rtentry$$00000004  c_w.l(__rtentry4.o)
    0x0800025e   0x0800025e   0x00000000   Code   RO         1299    .ARM.Collect$$rtentry$$00000009  c_w.l(__rtentry2.o)
    0x0800025e   0x0800025e   0x00000004   Code   RO         1300    .ARM.Collect$$rtentry$$0000000A  c_w.l(__rtentry2.o)
    0x08000262   0x08000262   0x00000000   Code   RO         1302    .ARM.Collect$$rtentry$$0000000C  c_w.l(__rtentry2.o)
    0x08000262   0x08000262   0x00000008   Code   RO         1303    .ARM.Collect$$rtentry$$0000000D  c_w.l(__rtentry2.o)
    0x0800026a   0x0800026a   0x00000002   Code   RO         1382    .ARM.Collect$$rtexit$$00000000  c_w.l(rtexit.o)
    0x0800026c   0x0800026c   0x00000000   Code   RO         1435    .ARM.Collect$$rtexit$$00000002  c_w.l(rtexit2.o)
    0x0800026c   0x0800026c   0x00000004   Code   RO         1436    .ARM.Collect$$rtexit$$00000003  c_w.l(rtexit2.o)
    0x08000270   0x08000270   0x00000006   Code   RO         1437    .ARM.Collect$$rtexit$$00000004  c_w.l(rtexit2.o)
    0x08000276   0x08000276   0x00000002   PAD
    0x08000278   0x08000278   0x00000040   Code   RO            4    .text               startup_stm32f40_41xxx.o
    0x080002b8   0x080002b8   0x000000e0   Code   RO           12    .text               misc.o
    0x08000398   0x08000398   0x00000110   Code   RO          157    .text               stm32f4xx_exti.o
    0x080004a8   0x080004a8   0x00000294   Code   RO          197    .text               stm32f4xx_gpio.o
    0x0800073c   0x0800073c   0x00000456   Code   RO          217    .text               stm32f4xx_i2c.o
    0x08000b92   0x08000b92   0x00000002   PAD
    0x08000b94   0x08000b94   0x00000040   Code   RO          237    .text               stm32f4xx_iwdg.o
    0x08000bd4   0x08000bd4   0x0000065c   Code   RO          277    .text               stm32f4xx_rcc.o
    0x08001230   0x08001230   0x00000480   Code   RO          299    .text               stm32f4xx_spi.o
    0x080016b0   0x080016b0   0x00000094   Code   RO          319    .text               stm32f4xx_syscfg.o
    0x08001744   0x08001744   0x00000ca2   Code   RO          339    .text               stm32f4xx_tim.o
    0x080023e6   0x080023e6   0x00000002   PAD
    0x080023e8   0x080023e8   0x00000454   Code   RO          359    .text               stm32f4xx_usart.o
    0x0800283c   0x0800283c   0x00000130   Code   RO          399    .text               timer.o
    0x0800296c   0x0800296c   0x0000002c   Code   RO          485    .text               iwdg.o
    0x08002998   0x08002998   0x000004b4   Code   RO          508    .text               ad7606_driver.o
    0x08002e4c   0x08002e4c   0x0000040c   Code   RO          549    .text               ad5542_driver.o
    0x08003258   0x08003258   0x000002fc   Code   RO          576    .text               periph_i2c.o
    0x08003554   0x08003554   0x000007e8   Code   RO          657    .text               at24cxx.o
    0x08003d3c   0x08003d3c   0x00000104   Code   RO          683    .text               delay.o
    0x08003e40   0x08003e40   0x00000160   Code   RO          723    .text               usart.o
    0x08003fa0   0x08003fa0   0x00000244   Code   RO          754    .text               main.o
    0x080041e4   0x080041e4   0x0000001a   Code   RO          791    .text               stm32f4xx_it.o
    0x080041fe   0x080041fe   0x00000002   PAD
    0x08004200   0x08004200   0x00000210   Code   RO          814    .text               system_stm32f4xx.o
    0x08004410   0x08004410   0x00000344   Code   RO          840    .text               control_dev.o
    0x08004754   0x08004754   0x0000072c   Code   RO          875    .text               transf_jkkzb.o
    0x08004e80   0x08004e80   0x000000f4   Code   RO          931    .text               multitimer.o
    0x08004f74   0x08004f74   0x000000b8   Code   RO          951    .text               softtimer.o
    0x0800502c   0x0800502c   0x000000e4   Code   RO          973    .text               ringbuffer_u8.o
    0x08005110   0x08005110   0x00000dc4   Code   RO         1085    .text               segger_rtt.o
    0x08005ed4   0x08005ed4   0x00000448   Code   RO         1105    .text               segger_rtt_printf.o
    0x0800631c   0x0800631c   0x00000002   Code   RO         1120    .text               c_w.l(use_no_semi_2.o)
    0x0800631e   0x0800631e   0x00000002   PAD
    0x08006320   0x08006320   0x00000018   Code   RO         1124    .text               c_w.l(__2printf.o)
    0x08006338   0x08006338   0x00000078   Code   RO         1138    .text               c_w.l(_printf_dec.o)
    0x080063b0   0x080063b0   0x00000094   Code   RO         1158    .text               c_w.l(_printf_hex_int_ll_ptr.o)
    0x08006444   0x08006444   0x00000188   Code   RO         1178    .text               c_w.l(__printf_flags_ss_wp.o)
    0x080065cc   0x080065cc   0x0000003e   Code   RO         1188    .text               c_w.l(strlen.o)
    0x0800660a   0x0800660a   0x0000008a   Code   RO         1194    .text               c_w.l(rt_memcpy_v6.o)
    0x08006694   0x08006694   0x0000004e   Code   RO         1200    .text               c_w.l(rt_memclr_w.o)
    0x080066e2   0x080066e2   0x00000006   Code   RO         1204    .text               c_w.l(heapauxi.o)
    0x080066e8   0x080066e8   0x00000002   Code   RO         1228    .text               c_w.l(use_no_semi.o)
    0x080066ea   0x080066ea   0x000000b2   Code   RO         1233    .text               c_w.l(_printf_intcommon.o)
    0x0800679c   0x0800679c   0x00000030   Code   RO         1237    .text               c_w.l(_printf_char_common.o)
    0x080067cc   0x080067cc   0x00000024   Code   RO         1245    .text               c_w.l(_printf_char_file.o)
    0x080067f0   0x080067f0   0x00000064   Code   RO         1277    .text               c_w.l(rt_memcpy_w.o)
    0x08006854   0x08006854   0x00000008   Code   RO         1322    .text               c_w.l(ferror.o)
    0x0800685c   0x0800685c   0x0000004a   Code   RO         1328    .text               c_w.l(sys_stackheap_outer.o)
    0x080068a6   0x080068a6   0x00000012   Code   RO         1367    .text               c_w.l(exit.o)
    0x080068b8   0x080068b8   0x00000008   Code   RO         1379    .text               c_w.l(libspace.o)
    0x080068c0   0x080068c0   0x0000000e   Code   RO         1171    i._is_digit         c_w.l(__printf_wp.o)
    0x080068ce   0x080068ce   0x00000012   Code   RO          982    i.u8_ring_buffer_is_empty  ringbuffer_u8.o
    0x080068e0   0x080068e0   0x00000018   Code   RO          987    i.u8_ring_buffer_is_full  ringbuffer_u8.o
    0x080068f8   0x080068f8   0x0000000e   Code   RO          992    i.u8_ring_buffer_num_items  ringbuffer_u8.o
    0x08006906   0x08006906   0x00000002   PAD
    0x08006908   0x08006908   0x00000062   Code   RO         1208    x$fpl$d2f           fz_wm.l(d2f.o)
    0x0800696a   0x0800696a   0x00000002   PAD
    0x0800696c   0x0800696c   0x000002b0   Code   RO         1211    x$fpl$ddiv          fz_wm.l(ddiv.o)
    0x08006c1c   0x08006c1c   0x0000005a   Code   RO         1214    x$fpl$dfixu         fz_wm.l(dfixu.o)
    0x08006c76   0x08006c76   0x0000002e   Code   RO         1219    x$fpl$dflt          fz_wm.l(dflt_clz.o)
    0x08006ca4   0x08006ca4   0x00000026   Code   RO         1218    x$fpl$dfltu         fz_wm.l(dflt_clz.o)
    0x08006cca   0x08006cca   0x00000002   PAD
    0x08006ccc   0x08006ccc   0x00000154   Code   RO         1224    x$fpl$dmul          fz_wm.l(dmul.o)
    0x08006e20   0x08006e20   0x0000009c   Code   RO         1279    x$fpl$dnaninf       fz_wm.l(dnaninf.o)
    0x08006ebc   0x08006ebc   0x0000000c   Code   RO         1281    x$fpl$dretinf       fz_wm.l(dretinf.o)
    0x08006ec8   0x08006ec8   0x00000056   Code   RO         1226    x$fpl$f2d           fz_wm.l(f2d.o)
    0x08006f1e   0x08006f1e   0x0000008c   Code   RO         1283    x$fpl$fnaninf       fz_wm.l(fnaninf.o)
    0x08006faa   0x08006faa   0x0000000a   Code   RO         1443    x$fpl$fpinit        fz_wm.l(fpinit.o)
    0x08006fb4   0x08006fb4   0x0000000a   Code   RO         1285    x$fpl$fretinf       fz_wm.l(fretinf.o)
    0x08006fbe   0x08006fbe   0x00000000   Code   RO         1295    x$fpl$usenofp       fz_wm.l(usenofp.o)
    0x08006fbe   0x08006fbe   0x00000021   Data   RO         1087    .constdata          segger_rtt.o
    0x08006fdf   0x08006fdf   0x00000010   Data   RO         1106    .constdata          segger_rtt_printf.o
    0x08006fef   0x08006fef   0x00000028   Data   RO         1159    .constdata          c_w.l(_printf_hex_int_ll_ptr.o)
    0x08007017   0x08007017   0x00000011   Data   RO         1179    .constdata          c_w.l(__printf_flags_ss_wp.o)
    0x08007028   0x08007028   0x00000020   Data   RO         1509    Region$$Table       anon$$obj.o


    Execution Region RW_IRAM1 (Exec base: 0x20000000, Load base: 0x08007048, Size: 0x00003828, Max: 0x00020000, ABSOLUTE, COMPRESSED[0x00000084])

    Exec Addr    Load Addr    Size         Type   Attr      Idx    E Section Name        Object

    0x20000000   COMPRESSED   0x00000010   Data   RW          278    .data               stm32f4xx_rcc.o
    0x20000010   COMPRESSED   0x00000010   Data   RW          400    .data               timer.o
    0x20000020   COMPRESSED   0x00000028   Data   RW          550    .data               ad5542_driver.o
    0x20000048   COMPRESSED   0x00000c7c   Data   RW          577    .data               periph_i2c.o
    0x20000cc4   COMPRESSED   0x00000424   Data   RW          658    .data               at24cxx.o
    0x200010e8   COMPRESSED   0x00000004   Data   RW          684    .data               delay.o
    0x200010ec   COMPRESSED   0x00000006   Data   RW          725    .data               usart.o
    0x200010f2   COMPRESSED   0x00000002   PAD
    0x200010f4   COMPRESSED   0x00000014   Data   RW          815    .data               system_stm32f4xx.o
    0x20001108   COMPRESSED   0x00000024   Data   RW          841    .data               control_dev.o
    0x2000112c   COMPRESSED   0x00000002   Data   RW          877    .data               transf_jkkzb.o
    0x2000112e   COMPRESSED   0x00000002   PAD
    0x20001130   COMPRESSED   0x00000008   Data   RW          932    .data               multitimer.o
    0x20001138   COMPRESSED   0x00000004   Data   RW          953    .data               softtimer.o
    0x2000113c   COMPRESSED   0x00000001   Data   RW         1088    .data               segger_rtt.o
    0x2000113d   COMPRESSED   0x00000003   PAD
    0x20001140        -       0x000000f0   Zero   RW          509    .bss                ad7606_driver.o
    0x20001230        -       0x000000c8   Zero   RW          724    .bss                usart.o
    0x200012f8        -       0x000000d0   Zero   RW          755    .bss                main.o
    0x200013c8        -       0x0000002c   Zero   RW          876    .bss                transf_jkkzb.o
    0x200013f4   COMPRESSED   0x00000004   PAD
    0x200013f8        -       0x00000018   Zero   RW          952    .bss                softtimer.o
    0x20001410        -       0x000004b8   Zero   RW         1086    .bss                segger_rtt.o
    0x200018c8        -       0x00000060   Zero   RW         1380    .bss                c_w.l(libspace.o)
    0x20001928        -       0x00000f00   Zero   RW            2    HEAP                startup_stm32f40_41xxx.o
    0x20002828        -       0x00001000   Zero   RW            1    STACK               startup_stm32f40_41xxx.o


==============================================================================

Image component sizes


      Code (inc. data)   RO Data    RW Data    ZI Data      Debug   Object Name

      1036        218          0         40          0       4076   ad5542_driver.o
      1204         70          0          0        240       4424   ad7606_driver.o
      2024        208          0       1060          0       4012   at24cxx.o
       836         40          0         36          0       3534   control_dev.o
       260          8          0          4          0       1521   delay.o
        44          0          0          0          0        714   iwdg.o
       580        158          0          0        208       3355   main.o
       224         20          0          0          0     302093   misc.o
       244         10          0          8          0       2471   multitimer.o
       764         76          0       3196          0     238045   periph_i2c.o
       284          0          0          0          0       5952   ringbuffer_u8.o
      3524         62         33          1       1208      21468   segger_rtt.o
      1096          6         16          0          0       4127   segger_rtt_printf.o
       184         16          0          4         24       2486   softtimer.o
        64         26        392          0       7936        888   startup_stm32f40_41xxx.o
       272         10          0          0          0       2331   stm32f4xx_exti.o
       660         44          0          0          0       4201   stm32f4xx_gpio.o
      1110         26          0          0          0       8723   stm32f4xx_i2c.o
        26          0          0          0          0       1258   stm32f4xx_it.o
        64          6          0          0          0       1361   stm32f4xx_iwdg.o
      1628         52          0         16          0      13096   stm32f4xx_rcc.o
      1152         36          0          0          0       6953   stm32f4xx_spi.o
       148         12          0          0          0       1865   stm32f4xx_syscfg.o
      3234         60          0          0          0      23056   stm32f4xx_tim.o
      1108         34          0          0          0       7928   stm32f4xx_usart.o
       528         46          0         20          0       1887   system_stm32f4xx.o
       304         14          0         16          0       7979   timer.o
      1836        450          0          2         44       4077   transf_jkkzb.o
       352         20          0          6        200       3352   usart.o

    ----------------------------------------------------------------------
     24798       1728        473       4416       9864     687233   Object Totals
         0          0         32          0          0          0   (incl. Generated)
         8          0          0          7          4          0   (incl. Padding)

    ----------------------------------------------------------------------

      Code (inc. data)   RO Data    RW Data    ZI Data      Debug   Library Member Name

        24          4          0          0          0         84   __2printf.o
        90          0          0          0          0          0   __dczerorl2.o
         8          0          0          0          0         68   __main.o
       392          4         17          0          0         92   __printf_flags_ss_wp.o
        14          0          0          0          0         68   __printf_wp.o
         0          0          0          0          0          0   __rtentry.o
        12          0          0          0          0          0   __rtentry2.o
         6          0          0          0          0          0   __rtentry4.o
        52          8          0          0          0          0   __scatter.o
        28          0          0          0          0          0   __scatter_zi.o
        48          6          0          0          0         96   _printf_char_common.o
        36          4          0          0          0         80   _printf_char_file.o
         6          0          0          0          0          0   _printf_d.o
       120         16          0          0          0         92   _printf_dec.o
       148          4         40          0          0        160   _printf_hex_int_ll_ptr.o
       178          0          0          0          0         88   _printf_intcommon.o
         0          0          0          0          0          0   _printf_percent.o
         4          0          0          0          0          0   _printf_percent_end.o
         6          0          0          0          0          0   _printf_x.o
        18          0          0          0          0         80   exit.o
         8          0          0          0          0         68   ferror.o
         6          0          0          0          0        152   heapauxi.o
         2          0          0          0          0          0   libinit.o
         6          0          0          0          0          0   libinit2.o
         2          0          0          0          0          0   libshutdown.o
         2          0          0          0          0          0   libshutdown2.o
         8          4          0          0         96         68   libspace.o
        78          0          0          0          0         80   rt_memclr_w.o
       138          0          0          0          0         68   rt_memcpy_v6.o
       100          0          0          0          0         80   rt_memcpy_w.o
         2          0          0          0          0          0   rtexit.o
        10          0          0          0          0          0   rtexit2.o
        62          0          0          0          0         76   strlen.o
        74          0          0          0          0         80   sys_stackheap_outer.o
         2          0          0          0          0         68   use_no_semi.o
         2          0          0          0          0         68   use_no_semi_2.o
        98          4          0          0          0        140   d2f.o
       688        140          0          0          0        256   ddiv.o
        90          4          0          0          0        140   dfixu.o
        84          0          0          0          0        232   dflt_clz.o
       340         12          0          0          0        152   dmul.o
       156          4          0          0          0        140   dnaninf.o
        12          0          0          0          0        116   dretinf.o
        86          4          0          0          0        132   f2d.o
       140          4          0          0          0        132   fnaninf.o
        10          0          0          0          0        116   fpinit.o
        10          0          0          0          0        116   fretinf.o
         0          0          0          0          0          0   usenofp.o

    ----------------------------------------------------------------------
      3416        222         57          0         96       3388   Library Totals
        10          0          0          0          0          0   (incl. Padding)

    ----------------------------------------------------------------------

      Code (inc. data)   RO Data    RW Data    ZI Data      Debug   Library Name

      1692         50         57          0         96       1716   c_w.l
      1714        172          0          0          0       1672   fz_wm.l

    ----------------------------------------------------------------------
      3416        222         57          0         96       3388   Library Totals

    ----------------------------------------------------------------------

==============================================================================


      Code (inc. data)   RO Data    RW Data    ZI Data      Debug   

     28214       1950        530       4416       9960     682689   Grand Totals
     28214       1950        530        132       9960     682689   ELF Image Totals (compressed)
     28214       1950        530        132          0          0   ROM Totals

==============================================================================

    Total RO  Size (Code + RO Data)                28744 (  28.07kB)
    Total RW  Size (RW Data + ZI Data)             14376 (  14.04kB)
    Total ROM Size (Code + RO Data + RW Data)      28876 (  28.20kB)

==============================================================================

